Dataset name in traverse_explanations_LIME3: nursery
Dataset name in traverse_explanations_LIME3: nursery
1 Dataset name in traverse_explanations_LIME3: nursery
1 2 3 4 Dataset name in traverse_explanations_LIME3: nursery
1 2 3 4 5 6 7 8 9 Dataset name in traverse_explanations_LIME3: nursery
Dataset name in traverse_explanations_LIME3: nursery
1 Dataset name in traverse_explanations_LIME3: nursery
1 2 3 4 Dataset name in traverse_explanations_LIME3: nursery
1 2 3 4 5 6 7 8 9 Dataset name in traverse_explanations_LIME3: nursery
Dataset name in traverse_explanations_LIME3: nursery
1 Dataset name in traverse_explanations_LIME3: nursery
1 2 3 4 Dataset name in traverse_explanations_LIME3: nursery
1 2 3 4 5 6 7 8 9 Dataset name in traverse_explanations_LIME3: nursery
Dataset name in traverse_explanations_LIME3: nursery
1 Dataset name in traverse_explanations_LIME3: nursery
1 2 3 4 Dataset name in traverse_explanations_LIME3: nursery
1 2 3 4 5 6 7 8 9   split 0 done (366.0s)
Dataset name in traverse_explanations_LIME3: nursery
Dataset name in traverse_explanations_LIME3: nursery
1 Dataset name in traverse_explanations_LIME3: nursery
1 2 3 4 Dataset name in traverse_explanations_LIME3: nursery
1 2 3 4 5 6 7 8 9 Dataset name in traverse_explanations_LIME3: nursery
Dataset name in traverse_explanations_LIME3: nursery
1 Dataset name in traverse_explanations_LIME3: nursery
1 2 3 4 Dataset name in traverse_explanations_LIME3: nursery
1 2 3 4 5 6 7 8 9 Dataset name in traverse_explanations_LIME3: nursery
Dataset name in traverse_explanations_LIME3: nursery
1 Dataset name in traverse_explanations_LIME3: nursery
1 2 3 4 Dataset name in traverse_explanations_LIME3: nursery
1 2 3 4 5 6 7 8 9 Dataset name in traverse_explanations_LIME3: nursery
Dataset name in traverse_explanations_LIME3: nursery
1 Dataset name in traverse_explanations_LIME3: nursery
1 2 3 4 Dataset name in traverse_explanations_LIME3: nursery
1 2 3 4 5 6 7 8 9   split 1 done (749.2s)
Dataset name in traverse_explanations_LIME3: nursery
Dataset name in traverse_explanations_LIME3: nursery
1 Dataset name in traverse_explanations_LIME3: nursery
1 2 3 4 Dataset name in traverse_explanations_LIME3: nursery
1 2 3 4 5 6 7 8 9 Dataset name in traverse_explanations_LIME3: nursery
Dataset name in traverse_explanations_LIME3: nursery
1 Dataset name in traverse_explanations_LIME3: nursery
1 2 3 4 Dataset name in traverse_explanations_LIME3: nursery
1 2 3 4 5 6 7 8 9 Dataset name in traverse_explanations_LIME3: nursery
Dataset name in traverse_explanations_LIME3: nursery
1 Dataset name in traverse_explanations_LIME3: nursery
1 2 3 4 Dataset name in traverse_explanations_LIME3: nursery
1 2 3 4 5 6 7 8 9 Dataset name in traverse_explanations_LIME3: nursery
Dataset name in traverse_explanations_LIME3: nursery
1 Dataset name in traverse_explanations_LIME3: nursery
1 2 3 4 Dataset name in traverse_explanations_LIME3: nursery
1 2 3 4 5 6 7 8 9   split 2 done (1117.6s)
Dataset name in traverse_explanations_LIME3: nursery
Dataset name in traverse_explanations_LIME3: nursery
1 Dataset name in traverse_explanations_LIME3: nursery
1 2 3 4 Dataset name in traverse_explanations_LIME3: nursery
1 2 3 4 5 6 7 8 9 Dataset name in traverse_explanations_LIME3: nursery
Dataset name in traverse_explanations_LIME3: nursery
1 Dataset name in traverse_explanations_LIME3: nursery
1 2 3 4 Dataset name in traverse_explanations_LIME3: nursery
1 2 3 4 5 6 7 8 9 Dataset name in traverse_explanations_LIME3: nursery
Dataset name in traverse_explanations_LIME3: nursery
1 Dataset name in traverse_explanations_LIME3: nursery
1 2 3 4 Dataset name in traverse_explanations_LIME3: nursery
1 2 3 4 5 6 7 8 9 Dataset name in traverse_explanations_LIME3: nursery
Dataset name in traverse_explanations_LIME3: nursery
1 Dataset name in traverse_explanations_LIME3: nursery
1 2 3 4 Dataset name in traverse_explanations_LIME3: nursery
1 2 3 4 5 6 7 8 9   split 3 done (1481.0s)
Dataset name in traverse_explanations_LIME3: nursery
Dataset name in traverse_explanations_LIME3: nursery
1 Dataset name in traverse_explanations_LIME3: nursery
1 2 3 4 Dataset name in traverse_explanations_LIME3: nursery
1 2 3 4 5 6 7 8 9 Dataset name in traverse_explanations_LIME3: nursery
Dataset name in traverse_explanations_LIME3: nursery
1 Dataset name in traverse_explanations_LIME3: nursery
1 2 3 4 Dataset name in traverse_explanations_LIME3: nursery
1 2 3 4 5 6 7 8 9 Dataset name in traverse_explanations_LIME3: nursery
Dataset name in traverse_explanations_LIME3: nursery
1 Dataset name in traverse_explanations_LIME3: nursery
1 2 3 4 Dataset name in traverse_explanations_LIME3: nursery
1 2 3 4 5 6 7 8 9 Dataset name in traverse_explanations_LIME3: nursery
Dataset name in traverse_explanations_LIME3: nursery
1 Dataset name in traverse_explanations_LIME3: nursery
1 2 3 4 Dataset name in traverse_explanations_LIME3: nursery
1 2 3 4 5 6 7 8 9   split 4 done (1854.0s)
Dataset name in traverse_explanations_LIME3: nursery
Dataset name in traverse_explanations_LIME3: nursery
1 Dataset name in traverse_explanations_LIME3: nursery
1 2 3 4 Dataset name in traverse_explanations_LIME3: nursery
1 2 3 4 5 6 7 8 9 Dataset name in traverse_explanations_LIME3: nursery
Dataset name in traverse_explanations_LIME3: nursery
1 Dataset name in traverse_explanations_LIME3: nursery
1 2 3 4 Dataset name in traverse_explanations_LIME3: nursery
1 2 3 4 5 6 7 8 9 Dataset name in traverse_explanations_LIME3: nursery
Dataset name in traverse_explanations_LIME3: nursery
1 Dataset name in traverse_explanations_LIME3: nursery
1 2 3 4 Dataset name in traverse_explanations_LIME3: nursery
1 2 3 4 5 6 7 8 9 Dataset name in traverse_explanations_LIME3: nursery
Dataset name in traverse_explanations_LIME3: nursery
1 Dataset name in traverse_explanations_LIME3: nursery
1 2 3 4 Dataset name in traverse_explanations_LIME3: nursery
1 2 3 4 5 6 7 8 9   split 5 done (2229.5s)
Dataset name in traverse_explanations_LIME3: nursery
Dataset name in traverse_explanations_LIME3: nursery
1 Dataset name in traverse_explanations_LIME3: nursery
1 2 3 4 Dataset name in traverse_explanations_LIME3: nursery
1 2 3 4 5 6 7 8 9 Dataset name in traverse_explanations_LIME3: nursery
Dataset name in traverse_explanations_LIME3: nursery
1 Dataset name in traverse_explanations_LIME3: nursery
1 2 3 4 Dataset name in traverse_explanations_LIME3: nursery
1 2 3 4 5 6 7 8 9 Dataset name in traverse_explanations_LIME3: nursery
Dataset name in traverse_explanations_LIME3: nursery
1 Dataset name in traverse_explanations_LIME3: nursery
1 2 3 4 Dataset name in traverse_explanations_LIME3: nursery
1 2 3 4 5 6 7 8 9 Dataset name in traverse_explanations_LIME3: nursery
Dataset name in traverse_explanations_LIME3: nursery
1 Dataset name in traverse_explanations_LIME3: nursery
1 2 3 4 Dataset name in traverse_explanations_LIME3: nursery
1 2 3 4 5 6 7 8 9   split 6 done (2584.3s)
Dataset name in traverse_explanations_LIME3: nursery
Dataset name in traverse_explanations_LIME3: nursery
1 Dataset name in traverse_explanations_LIME3: nursery
1 2 3 4 Dataset name in traverse_explanations_LIME3: nursery
1 2 3 4 5 6 7 8 9 Dataset name in traverse_explanations_LIME3: nursery
Dataset name in traverse_explanations_LIME3: nursery
1 Dataset name in traverse_explanations_LIME3: nursery
1 2 3 4 Dataset name in traverse_explanations_LIME3: nursery
1 2 3 4 5 6 7 8 9 Dataset name in traverse_explanations_LIME3: nursery
Dataset name in traverse_explanations_LIME3: nursery
1 Dataset name in traverse_explanations_LIME3: nursery
1 2 3 4 Dataset name in traverse_explanations_LIME3: nursery
1 2 3 4 5 6 7 8 9 Dataset name in traverse_explanations_LIME3: nursery
Dataset name in traverse_explanations_LIME3: nursery
1 Dataset name in traverse_explanations_LIME3: nursery
1 2 3 4 Dataset name in traverse_explanations_LIME3: nursery
1 2 3 4 5 6 7 8 9   split 7 done (2946.3s)
Dataset name in traverse_explanations_LIME3: nursery
Dataset name in traverse_explanations_LIME3: nursery
1 Dataset name in traverse_explanations_LIME3: nursery
1 2 3 4 Dataset name in traverse_explanations_LIME3: nursery
1 2 3 4 5 6 7 8 9 Dataset name in traverse_explanations_LIME3: nursery
Dataset name in traverse_explanations_LIME3: nursery
1 Dataset name in traverse_explanations_LIME3: nursery
1 2 3 4 Dataset name in traverse_explanations_LIME3: nursery
1 2 3 4 5 6 7 8 9 Dataset name in traverse_explanations_LIME3: nursery
Dataset name in traverse_explanations_LIME3: nursery
1 Dataset name in traverse_explanations_LIME3: nursery
1 2 3 4 Dataset name in traverse_explanations_LIME3: nursery
1 2 3 4 5 6 7 8 9 Dataset name in traverse_explanations_LIME3: nursery
Dataset name in traverse_explanations_LIME3: nursery
1 Dataset name in traverse_explanations_LIME3: nursery
1 2 3 4 Dataset name in traverse_explanations_LIME3: nursery
1 2 3 4 5 6 7 8 9   split 8 done (3359.5s)
Dataset name in traverse_explanations_LIME3: nursery
Dataset name in traverse_explanations_LIME3: nursery
1 Dataset name in traverse_explanations_LIME3: nursery
1 2 3 4 Dataset name in traverse_explanations_LIME3: nursery
1 2 3 4 5 6 7 8 9 Dataset name in traverse_explanations_LIME3: nursery
Dataset name in traverse_explanations_LIME3: nursery
1 Dataset name in traverse_explanations_LIME3: nursery
1 2 3 4 Dataset name in traverse_explanations_LIME3: nursery
1 2 3 4 5 6 7 8 9 Dataset name in traverse_explanations_LIME3: nursery
Dataset name in traverse_explanations_LIME3: nursery
1 Dataset name in traverse_explanations_LIME3: nursery
1 2 3 4 Dataset name in traverse_explanations_LIME3: nursery
1 2 3 4 5 6 7 8 9 Dataset name in traverse_explanations_LIME3: nursery
Dataset name in traverse_explanations_LIME3: nursery
1 Dataset name in traverse_explanations_LIME3: nursery
1 2 3 4 Dataset name in traverse_explanations_LIME3: nursery
1 2 3 4 5 6 7 8 9   split 9 done (3721.1s)
ROW nursery lr | defense gap [-0.55, 1.16, -0.58, -0.77] | ody-def [-11.48, -5.33, -2.35, -0.76]
ROW nursery nb | defense gap [6.3, 8.06, 4.89, 4.97] | ody-def [-6.05, -6.69, -4.13, 1.73]
ROW nursery knn | defense gap [1.64, 0.85, 2.22, 1.02] | ody-def [-9.73, -14.27, -10.86, -9.46]
ROW nursery dt | defense gap [3.2, 0.63, 1.07, 0.58] | ody-def [-4.83, -5.02, -2.69, -1.19]
