Dataset name in traverse_explanations_LIME3: mushroom
Dataset name in traverse_explanations_LIME3: mushroom
1 Dataset name in traverse_explanations_LIME3: mushroom
1 2 3 4 Dataset name in traverse_explanations_LIME3: mushroom
1 2 3 4 5 6 7 8 9 Dataset name in traverse_explanations_LIME3: mushroom
1 Dataset name in traverse_explanations_LIME3: mushroom
1 2 Dataset name in traverse_explanations_LIME3: mushroom
1 2 3 4 5 Dataset name in traverse_explanations_LIME3: mushroom
1 2 3 4 5 6 7 8 9 10 Dataset name in traverse_explanations_LIME3: mushroom
Dataset name in traverse_explanations_LIME3: mushroom
1 Dataset name in traverse_explanations_LIME3: mushroom
1 2 3 4 Dataset name in traverse_explanations_LIME3: mushroom
1 2 3 4 5 6 7 8 9 Dataset name in traverse_explanations_LIME3: mushroom
Dataset name in traverse_explanations_LIME3: mushroom
1 Dataset name in traverse_explanations_LIME3: mushroom
1 2 3 4 Dataset name in traverse_explanations_LIME3: mushroom
1 2 3 4 5 6 7 8 9   split 0 done (2004.8s)
Dataset name in traverse_explanations_LIME3: mushroom
Dataset name in traverse_explanations_LIME3: mushroom
1 Dataset name in traverse_explanations_LIME3: mushroom
1 2 3 4 Dataset name in traverse_explanations_LIME3: mushroom
1 2 3 4 5 6 7 8 9 Dataset name in traverse_explanations_LIME3: mushroom
1 Dataset name in traverse_explanations_LIME3: mushroom
1 2 Dataset name in traverse_explanations_LIME3: mushroom
1 2 3 4 5 Dataset name in traverse_explanations_LIME3: mushroom
1 2 3 4 5 6 7 8 9 10 Dataset name in traverse_explanations_LIME3: mushroom
Dataset name in traverse_explanations_LIME3: mushroom
1 Dataset name in traverse_explanations_LIME3: mushroom
1 2 3 4 Dataset name in traverse_explanations_LIME3: mushroom
1 2 3 4 5 6 7 8 9 Dataset name in traverse_explanations_LIME3: mushroom
Dataset name in traverse_explanations_LIME3: mushroom
1 Dataset name in traverse_explanations_LIME3: mushroom
1 2 3 4 Dataset name in traverse_explanations_LIME3: mushroom
1 2 3 4 5 6 7 8 9   split 1 done (3990.1s)
Dataset name in traverse_explanations_LIME3: mushroom
Dataset name in traverse_explanations_LIME3: mushroom
1 Dataset name in traverse_explanations_LIME3: mushroom
1 2 3 4 Dataset name in traverse_explanations_LIME3: mushroom
1 2 3 4 5 6 7 8 9 Dataset name in traverse_explanations_LIME3: mushroom
Dataset name in traverse_explanations_LIME3: mushroom
1 Dataset name in traverse_explanations_LIME3: mushroom
1 2 3 4 Dataset name in traverse_explanations_LIME3: mushroom
1 2 3 4 5 6 7 8 9 Dataset name in traverse_explanations_LIME3: mushroom
Dataset name in traverse_explanations_LIME3: mushroom
1 Dataset name in traverse_explanations_LIME3: mushroom
1 2 3 4 Dataset name in traverse_explanations_LIME3: mushroom
1 2 3 4 5 6 7 8 9 Dataset name in traverse_explanations_LIME3: mushroom
Dataset name in traverse_explanations_LIME3: mushroom
1 Dataset name in traverse_explanations_LIME3: mushroom
1 2 3 4 Dataset name in traverse_explanations_LIME3: mushroom
1 2 3 4 5 6 7 8 9   split 2 done (5932.9s)
Dataset name in traverse_explanations_LIME3: mushroom
Dataset name in traverse_explanations_LIME3: mushroom
1 Dataset name in traverse_explanations_LIME3: mushroom
1 2 3 4 Dataset name in traverse_explanations_LIME3: mushroom
1 2 3 4 5 6 7 8 9 Dataset name in traverse_explanations_LIME3: mushroom
1 Dataset name in traverse_explanations_LIME3: mushroom
1 2 Dataset name in traverse_explanations_LIME3: mushroom
1 2 3 4 5 Dataset name in traverse_explanations_LIME3: mushroom
1 2 3 4 5 6 7 8 9 10 Dataset name in traverse_explanations_LIME3: mushroom
Dataset name in traverse_explanations_LIME3: mushroom
1 Dataset name in traverse_explanations_LIME3: mushroom
1 2 3 4 Dataset name in traverse_explanations_LIME3: mushroom
1 2 3 4 5 6 7 8 9 Dataset name in traverse_explanations_LIME3: mushroom
Dataset name in traverse_explanations_LIME3: mushroom
1 Dataset name in traverse_explanations_LIME3: mushroom
1 2 3 4 Dataset name in traverse_explanations_LIME3: mushroom
1 2 3 4 5 6 7 8 9   split 3 done (7881.6s)
Dataset name in traverse_explanations_LIME3: mushroom
Dataset name in traverse_explanations_LIME3: mushroom
1 Dataset name in traverse_explanations_LIME3: mushroom
1 2 3 4 Dataset name in traverse_explanations_LIME3: mushroom
1 2 3 4 5 6 7 8 9 Dataset name in traverse_explanations_LIME3: mushroom
Dataset name in traverse_explanations_LIME3: mushroom
1 Dataset name in traverse_explanations_LIME3: mushroom
1 2 3 4 Dataset name in traverse_explanations_LIME3: mushroom
1 2 3 4 5 6 7 8 9 Dataset name in traverse_explanations_LIME3: mushroom
Dataset name in traverse_explanations_LIME3: mushroom
1 Dataset name in traverse_explanations_LIME3: mushroom
1 2 3 4 Dataset name in traverse_explanations_LIME3: mushroom
1 2 3 4 5 6 7 8 9 Dataset name in traverse_explanations_LIME3: mushroom
Dataset name in traverse_explanations_LIME3: mushroom
1 Dataset name in traverse_explanations_LIME3: mushroom
1 2 3 4 Dataset name in traverse_explanations_LIME3: mushroom
1 2 3 4 5 6 7 8 9   split 4 done (9840.5s)
Dataset name in traverse_explanations_LIME3: mushroom
Dataset name in traverse_explanations_LIME3: mushroom
1 Dataset name in traverse_explanations_LIME3: mushroom
1 2 3 4 Dataset name in traverse_explanations_LIME3: mushroom
1 2 3 4 5 6 7 8 9 Dataset name in traverse_explanations_LIME3: mushroom
Dataset name in traverse_explanations_LIME3: mushroom
1 Dataset name in traverse_explanations_LIME3: mushroom
1 2 3 4 Dataset name in traverse_explanations_LIME3: mushroom
1 2 3 4 5 6 7 8 9 Dataset name in traverse_explanations_LIME3: mushroom
Dataset name in traverse_explanations_LIME3: mushroom
1 Dataset name in traverse_explanations_LIME3: mushroom
1 2 3 4 Dataset name in traverse_explanations_LIME3: mushroom
1 2 3 4 5 6 7 8 9 Dataset name in traverse_explanations_LIME3: mushroom
Dataset name in traverse_explanations_LIME3: mushroom
1 Dataset name in traverse_explanations_LIME3: mushroom
1 2 3 4 Dataset name in traverse_explanations_LIME3: mushroom
1 2 3 4 5 6 7 8 9   split 5 done (11789.5s)
Dataset name in traverse_explanations_LIME3: mushroom
Dataset name in traverse_explanations_LIME3: mushroom
1 Dataset name in traverse_explanations_LIME3: mushroom
1 2 3 4 Dataset name in traverse_explanations_LIME3: mushroom
1 2 3 4 5 6 7 8 9 Dataset name in traverse_explanations_LIME3: mushroom
Dataset name in traverse_explanations_LIME3: mushroom
1 Dataset name in traverse_explanations_LIME3: mushroom
1 2 3 4 Dataset name in traverse_explanations_LIME3: mushroom
1 2 3 4 5 6 7 8 9 Dataset name in traverse_explanations_LIME3: mushroom
Dataset name in traverse_explanations_LIME3: mushroom
1 Dataset name in traverse_explanations_LIME3: mushroom
1 2 3 4 Dataset name in traverse_explanations_LIME3: mushroom
1 2 3 4 5 6 7 8 9 Dataset name in traverse_explanations_LIME3: mushroom
Dataset name in traverse_explanations_LIME3: mushroom
1 Dataset name in traverse_explanations_LIME3: mushroom
1 2 3 4 Dataset name in traverse_explanations_LIME3: mushroom
1 2 3 4 5 6 7 8 9   split 6 done (13748.9s)
Dataset name in traverse_explanations_LIME3: mushroom
Dataset name in traverse_explanations_LIME3: mushroom
1 Dataset name in traverse_explanations_LIME3: mushroom
1 2 3 4 Dataset name in traverse_explanations_LIME3: mushroom
1 2 3 4 5 6 7 8 9 Dataset name in traverse_explanations_LIME3: mushroom
Dataset name in traverse_explanations_LIME3: mushroom
1 Dataset name in traverse_explanations_LIME3: mushroom
1 2 3 4 Dataset name in traverse_explanations_LIME3: mushroom
1 2 3 4 5 6 7 8 9 Dataset name in traverse_explanations_LIME3: mushroom
Dataset name in traverse_explanations_LIME3: mushroom
1 Dataset name in traverse_explanations_LIME3: mushroom
1 2 3 4 Dataset name in traverse_explanations_LIME3: mushroom
1 2 3 4 5 6 7 8 9 Dataset name in traverse_explanations_LIME3: mushroom
Dataset name in traverse_explanations_LIME3: mushroom
1 Dataset name in traverse_explanations_LIME3: mushroom
1 2 3 4 Dataset name in traverse_explanations_LIME3: mushroom
1 2 3 4 5 6 7 8 9   split 7 done (15762.1s)
Dataset name in traverse_explanations_LIME3: mushroom
Dataset name in traverse_explanations_LIME3: mushroom
1 Dataset name in traverse_explanations_LIME3: mushroom
1 2 3 4 Dataset name in traverse_explanations_LIME3: mushroom
1 2 3 4 5 6 7 8 9 Dataset name in traverse_explanations_LIME3: mushroom
Dataset name in traverse_explanations_LIME3: mushroom
1 Dataset name in traverse_explanations_LIME3: mushroom
1 2 3 4 Dataset name in traverse_explanations_LIME3: mushroom
1 2 3 4 5 6 7 8 9 Dataset name in traverse_explanations_LIME3: mushroom
Dataset name in traverse_explanations_LIME3: mushroom
1 Dataset name in traverse_explanations_LIME3: mushroom
1 2 3 4 Dataset name in traverse_explanations_LIME3: mushroom
1 2 3 4 5 6 7 8 9 Dataset name in traverse_explanations_LIME3: mushroom
Dataset name in traverse_explanations_LIME3: mushroom
1 Dataset name in traverse_explanations_LIME3: mushroom
1 2 3 4 Dataset name in traverse_explanations_LIME3: mushroom
1 2 3 4 5 6 7 8 9   split 8 done (17792.2s)
Dataset name in traverse_explanations_LIME3: mushroom
Dataset name in traverse_explanations_LIME3: mushroom
1 Dataset name in traverse_explanations_LIME3: mushroom
1 2 3 4 Dataset name in traverse_explanations_LIME3: mushroom
1 2 3 4 5 6 7 8 9 Dataset name in traverse_explanations_LIME3: mushroom
Dataset name in traverse_explanations_LIME3: mushroom
1 Dataset name in traverse_explanations_LIME3: mushroom
1 2 3 4 Dataset name in traverse_explanations_LIME3: mushroom
1 2 3 4 5 6 7 8 9 Dataset name in traverse_explanations_LIME3: mushroom
Dataset name in traverse_explanations_LIME3: mushroom
1 Dataset name in traverse_explanations_LIME3: mushroom
1 2 3 4 Dataset name in traverse_explanations_LIME3: mushroom
1 2 3 4 5 6 7 8 9 Dataset name in traverse_explanations_LIME3: mushroom
Dataset name in traverse_explanations_LIME3: mushroom
1 Dataset name in traverse_explanations_LIME3: mushroom
1 2 3 4 Dataset name in traverse_explanations_LIME3: mushroom
1 2 3 4 5 6 7 8 9   split 9 done (19766.6s)
ROW mushroom lr | defense gap [3.3, -2.8, -3.92, -8.67] | ody-def [-11.64, -14.71, -10.99, -11.51]
ROW mushroom nb | defense gap [-0.78, 5.6, 1.73, -0.19] | ody-def [13.58, 18.9, 14.42, 13.84]
ROW mushroom knn | defense gap [4.89, 7.98, 10.71, 13.89] | ody-def [3.14, 3.61, 5.05, 6.68]
ROW mushroom dt | defense gap [13.25, 9.23, 4.01, 2.07] | ody-def [8.49, -0.64, -5.57, -4.4]
