Dataset name in traverse_explanations_LIME3: adult
Dataset name in traverse_explanations_LIME3: adult
1 Dataset name in traverse_explanations_LIME3: adult
1 2 3 4 Dataset name in traverse_explanations_LIME3: adult
1 2 3 4 5 6 7 8 9 Dataset name in traverse_explanations_LIME3: adult
Dataset name in traverse_explanations_LIME3: adult
1 Dataset name in traverse_explanations_LIME3: adult
1 2 3 4 Dataset name in traverse_explanations_LIME3: adult
1 2 3 4 5 6 7 8 9 Dataset name in traverse_explanations_LIME3: adult
Dataset name in traverse_explanations_LIME3: adult
1 Dataset name in traverse_explanations_LIME3: adult
1 2 3 4 Dataset name in traverse_explanations_LIME3: adult
1 2 3 4 5 6 7 8 9 Dataset name in traverse_explanations_LIME3: adult
Dataset name in traverse_explanations_LIME3: adult
1 Dataset name in traverse_explanations_LIME3: adult
1 2 3 4 Dataset name in traverse_explanations_LIME3: adult
1 2 3 4 5 6 7 8 9   split 0 done (322.7s)
Dataset name in traverse_explanations_LIME3: adult
Dataset name in traverse_explanations_LIME3: adult
1 Dataset name in traverse_explanations_LIME3: adult
1 2 3 4 Dataset name in traverse_explanations_LIME3: adult
1 2 3 4 5 6 7 8 9 Dataset name in traverse_explanations_LIME3: adult
1 Dataset name in traverse_explanations_LIME3: adult
1 2 Dataset name in traverse_explanations_LIME3: adult
1 2 3 4 5 Dataset name in traverse_explanations_LIME3: adult
1 2 3 4 5 6 7 8 9 10 Dataset name in traverse_explanations_LIME3: adult
Dataset name in traverse_explanations_LIME3: adult
1 Dataset name in traverse_explanations_LIME3: adult
1 2 3 4 Dataset name in traverse_explanations_LIME3: adult
1 2 3 4 5 6 7 8 9 Dataset name in traverse_explanations_LIME3: adult
1 Dataset name in traverse_explanations_LIME3: adult
1 2 Dataset name in traverse_explanations_LIME3: adult
1 2 3 4 5 Dataset name in traverse_explanations_LIME3: adult
1 2 3 4 5 6 7 8 9 10   split 1 done (644.5s)
Dataset name in traverse_explanations_LIME3: adult
1 Dataset name in traverse_explanations_LIME3: adult
1 2 Dataset name in traverse_explanations_LIME3: adult
1 2 3 4 5 Dataset name in traverse_explanations_LIME3: adult
1 2 3 4 5 6 7 8 9 10 Dataset name in traverse_explanations_LIME3: adult
1 Dataset name in traverse_explanations_LIME3: adult
1 2 Dataset name in traverse_explanations_LIME3: adult
1 2 3 4 5 Dataset name in traverse_explanations_LIME3: adult
1 2 3 4 5 6 7 8 9 10 Dataset name in traverse_explanations_LIME3: adult
Dataset name in traverse_explanations_LIME3: adult
1 Dataset name in traverse_explanations_LIME3: adult
1 2 3 4 Dataset name in traverse_explanations_LIME3: adult
1 2 3 4 5 6 7 8 9 Dataset name in traverse_explanations_LIME3: adult
Dataset name in traverse_explanations_LIME3: adult
1 Dataset name in traverse_explanations_LIME3: adult
1 2 3 4 Dataset name in traverse_explanations_LIME3: adult
1 2 3 4 5 6 7 8 9   split 2 done (969.0s)
Dataset name in traverse_explanations_LIME3: adult
Dataset name in traverse_explanations_LIME3: adult
1 Dataset name in traverse_explanations_LIME3: adult
1 2 3 4 Dataset name in traverse_explanations_LIME3: adult
1 2 3 4 5 6 7 8 9 Dataset name in traverse_explanations_LIME3: adult
1 Dataset name in traverse_explanations_LIME3: adult
1 2 Dataset name in traverse_explanations_LIME3: adult
1 2 3 4 5 Dataset name in traverse_explanations_LIME3: adult
1 2 3 4 5 6 7 8 9 10 Dataset name in traverse_explanations_LIME3: adult
1 Dataset name in traverse_explanations_LIME3: adult
1 2 Dataset name in traverse_explanations_LIME3: adult
1 2 3 4 5 Dataset name in traverse_explanations_LIME3: adult
1 2 3 4 5 6 7 8 9 10 Dataset name in traverse_explanations_LIME3: adult
Dataset name in traverse_explanations_LIME3: adult
1 Dataset name in traverse_explanations_LIME3: adult
1 2 3 4 Dataset name in traverse_explanations_LIME3: adult
1 2 3 4 5 6 7 8 9   split 3 done (1296.8s)
Dataset name in traverse_explanations_LIME3: adult
Dataset name in traverse_explanations_LIME3: adult
1 Dataset name in traverse_explanations_LIME3: adult
1 2 3 4 Dataset name in traverse_explanations_LIME3: adult
1 2 3 4 5 6 7 8 9 Dataset name in traverse_explanations_LIME3: adult
1 Dataset name in traverse_explanations_LIME3: adult
1 2 Dataset name in traverse_explanations_LIME3: adult
1 2 3 4 5 Dataset name in traverse_explanations_LIME3: adult
1 2 3 4 5 6 7 8 9 10 Dataset name in traverse_explanations_LIME3: adult
Dataset name in traverse_explanations_LIME3: adult
1 Dataset name in traverse_explanations_LIME3: adult
1 2 3 4 Dataset name in traverse_explanations_LIME3: adult
1 2 3 4 5 6 7 8 9 Dataset name in traverse_explanations_LIME3: adult
Dataset name in traverse_explanations_LIME3: adult
1 Dataset name in traverse_explanations_LIME3: adult
1 2 3 4 Dataset name in traverse_explanations_LIME3: adult
1 2 3 4 5 6 7 8 9   split 4 done (1606.4s)
Dataset name in traverse_explanations_LIME3: adult
1 Dataset name in traverse_explanations_LIME3: adult
1 2 Dataset name in traverse_explanations_LIME3: adult
1 2 3 4 5 Dataset name in traverse_explanations_LIME3: adult
1 2 3 4 5 6 7 8 9 10 Dataset name in traverse_explanations_LIME3: adult
1 Dataset name in traverse_explanations_LIME3: adult
1 2 Dataset name in traverse_explanations_LIME3: adult
1 2 3 4 5 Dataset name in traverse_explanations_LIME3: adult
1 2 3 4 5 6 7 8 9 10 Dataset name in traverse_explanations_LIME3: adult
Dataset name in traverse_explanations_LIME3: adult
1 Dataset name in traverse_explanations_LIME3: adult
1 2 3 4 Dataset name in traverse_explanations_LIME3: adult
1 2 3 4 5 6 7 8 9 Dataset name in traverse_explanations_LIME3: adult
Dataset name in traverse_explanations_LIME3: adult
1 Dataset name in traverse_explanations_LIME3: adult
1 2 3 4 Dataset name in traverse_explanations_LIME3: adult
1 2 3 4 5 6 7 8 9   split 5 done (1949.8s)
Dataset name in traverse_explanations_LIME3: adult
1 Dataset name in traverse_explanations_LIME3: adult
1 2 Dataset name in traverse_explanations_LIME3: adult
1 2 3 4 5 Dataset name in traverse_explanations_LIME3: adult
1 2 3 4 5 6 7 8 9 10 Dataset name in traverse_explanations_LIME3: adult
1 Dataset name in traverse_explanations_LIME3: adult
1 2 Dataset name in traverse_explanations_LIME3: adult
1 2 3 4 5 Dataset name in traverse_explanations_LIME3: adult
1 2 3 4 5 6 7 8 9 10 Dataset name in traverse_explanations_LIME3: adult
1 Dataset name in traverse_explanations_LIME3: adult
1 2 Dataset name in traverse_explanations_LIME3: adult
1 2 3 4 5 Dataset name in traverse_explanations_LIME3: adult
1 2 3 4 5 6 7 8 9 10 Dataset name in traverse_explanations_LIME3: adult
1 Dataset name in traverse_explanations_LIME3: adult
1 2 Dataset name in traverse_explanations_LIME3: adult
1 2 3 4 5 Dataset name in traverse_explanations_LIME3: adult
1 2 3 4 5 6 7 8 9 10   split 6 done (2285.0s)
Dataset name in traverse_explanations_LIME3: adult
Dataset name in traverse_explanations_LIME3: adult
1 Dataset name in traverse_explanations_LIME3: adult
1 2 3 4 Dataset name in traverse_explanations_LIME3: adult
1 2 3 4 5 6 7 8 9 Dataset name in traverse_explanations_LIME3: adult
Dataset name in traverse_explanations_LIME3: adult
1 Dataset name in traverse_explanations_LIME3: adult
1 2 3 4 Dataset name in traverse_explanations_LIME3: adult
1 2 3 4 5 6 7 8 9 Dataset name in traverse_explanations_LIME3: adult
Dataset name in traverse_explanations_LIME3: adult
1 Dataset name in traverse_explanations_LIME3: adult
1 2 3 4 Dataset name in traverse_explanations_LIME3: adult
1 2 3 4 5 6 7 8 9 Dataset name in traverse_explanations_LIME3: adult
Dataset name in traverse_explanations_LIME3: adult
1 Dataset name in traverse_explanations_LIME3: adult
1 2 3 4 Dataset name in traverse_explanations_LIME3: adult
1 2 3 4 5 6 7 8 9   split 7 done (2626.9s)
Dataset name in traverse_explanations_LIME3: adult
Dataset name in traverse_explanations_LIME3: adult
1 Dataset name in traverse_explanations_LIME3: adult
1 2 3 4 Dataset name in traverse_explanations_LIME3: adult
1 2 3 4 5 6 7 8 9 Dataset name in traverse_explanations_LIME3: adult
1 Dataset name in traverse_explanations_LIME3: adult
1 2 Dataset name in traverse_explanations_LIME3: adult
1 2 3 4 5 Dataset name in traverse_explanations_LIME3: adult
1 2 3 4 5 6 7 8 9 10 Dataset name in traverse_explanations_LIME3: adult
Dataset name in traverse_explanations_LIME3: adult
1 Dataset name in traverse_explanations_LIME3: adult
1 2 3 4 Dataset name in traverse_explanations_LIME3: adult
1 2 3 4 5 6 7 8 9 Dataset name in traverse_explanations_LIME3: adult
Dataset name in traverse_explanations_LIME3: adult
1 Dataset name in traverse_explanations_LIME3: adult
1 2 3 4 Dataset name in traverse_explanations_LIME3: adult
1 2 3 4 5 6 7 8 9   split 8 done (2952.1s)
Dataset name in traverse_explanations_LIME3: adult
1 Dataset name in traverse_explanations_LIME3: adult
1 2 Dataset name in traverse_explanations_LIME3: adult
1 2 3 4 5 Dataset name in traverse_explanations_LIME3: adult
1 2 3 4 5 6 7 8 9 10 Dataset name in traverse_explanations_LIME3: adult
Dataset name in traverse_explanations_LIME3: adult
1 Dataset name in traverse_explanations_LIME3: adult
1 2 3 4 Dataset name in traverse_explanations_LIME3: adult
1 2 3 4 5 6 7 8 9 Dataset name in traverse_explanations_LIME3: adult
1 Dataset name in traverse_explanations_LIME3: adult
1 2 Dataset name in traverse_explanations_LIME3: adult
1 2 3 4 5 Dataset name in traverse_explanations_LIME3: adult
1 2 3 4 5 6 7 8 9 10 Dataset name in traverse_explanations_LIME3: adult
1 Dataset name in traverse_explanations_LIME3: adult
1 2 Dataset name in traverse_explanations_LIME3: adult
1 2 3 4 5 Dataset name in traverse_explanations_LIME3: adult
1 2 3 4 5 6 7 8 9 10   split 9 done (3303.9s)
ROW adult lr | defense gap [-1.38, 1.92, -1.69, -1.81] | ody-def [-1.64, 4.66, 3.11, 5.1]
ROW adult nb | defense gap [0.02, 0.06, 0.05, 0.01] | ody-def [2.0, -2.35, 3.28, 2.21]
ROW adult knn | defense gap [5.9, 0.5, 0.7, -0.26] | ody-def [7.22, 3.28, 3.39, 2.7]
ROW adult dt | defense gap [6.28, 5.26, 7.19, 2.58] | ody-def [0.8, 3.58, 2.84, 2.79]
