Dataset name in traverse_explanations_LIME3: breast
Dataset name in traverse_explanations_LIME3: breast
Dataset name in traverse_explanations_LIME3: breast
Dataset name in traverse_explanations_LIME3: breast
1 Dataset name in traverse_explanations_LIME3: breast
Dataset name in traverse_explanations_LIME3: breast
Dataset name in traverse_explanations_LIME3: breast
Dataset name in traverse_explanations_LIME3: breast
1 Dataset name in traverse_explanations_LIME3: breast
Dataset name in traverse_explanations_LIME3: breast
Dataset name in traverse_explanations_LIME3: breast
Dataset name in traverse_explanations_LIME3: breast
1 Dataset name in traverse_explanations_LIME3: breast
Dataset name in traverse_explanations_LIME3: breast
Dataset name in traverse_explanations_LIME3: breast
Dataset name in traverse_explanations_LIME3: breast
1   split 0 done (59.7s)
Dataset name in traverse_explanations_LIME3: breast
Dataset name in traverse_explanations_LIME3: breast
Dataset name in traverse_explanations_LIME3: breast
Dataset name in traverse_explanations_LIME3: breast
Dataset name in traverse_explanations_LIME3: breast
Dataset name in traverse_explanations_LIME3: breast
Dataset name in traverse_explanations_LIME3: breast
Dataset name in traverse_explanations_LIME3: breast
1 Dataset name in traverse_explanations_LIME3: breast
Dataset name in traverse_explanations_LIME3: breast
Dataset name in traverse_explanations_LIME3: breast
Dataset name in traverse_explanations_LIME3: breast
Dataset name in traverse_explanations_LIME3: breast
Dataset name in traverse_explanations_LIME3: breast
Dataset name in traverse_explanations_LIME3: breast
Dataset name in traverse_explanations_LIME3: breast
  split 1 done (114.3s)
Dataset name in traverse_explanations_LIME3: breast
Dataset name in traverse_explanations_LIME3: breast
Dataset name in traverse_explanations_LIME3: breast
Dataset name in traverse_explanations_LIME3: breast
Dataset name in traverse_explanations_LIME3: breast
Dataset name in traverse_explanations_LIME3: breast
Dataset name in traverse_explanations_LIME3: breast
Dataset name in traverse_explanations_LIME3: breast
Dataset name in traverse_explanations_LIME3: breast
Dataset name in traverse_explanations_LIME3: breast
Dataset name in traverse_explanations_LIME3: breast
Dataset name in traverse_explanations_LIME3: breast
Dataset name in traverse_explanations_LIME3: breast
Dataset name in traverse_explanations_LIME3: breast
Dataset name in traverse_explanations_LIME3: breast
Dataset name in traverse_explanations_LIME3: breast
  split 2 done (163.4s)
Dataset name in traverse_explanations_LIME3: breast
Dataset name in traverse_explanations_LIME3: breast
Dataset name in traverse_explanations_LIME3: breast
Dataset name in traverse_explanations_LIME3: breast
Dataset name in traverse_explanations_LIME3: breast
Dataset name in traverse_explanations_LIME3: breast
Dataset name in traverse_explanations_LIME3: breast
Dataset name in traverse_explanations_LIME3: breast
Dataset name in traverse_explanations_LIME3: breast
Dataset name in traverse_explanations_LIME3: breast
Dataset name in traverse_explanations_LIME3: breast
Dataset name in traverse_explanations_LIME3: breast
Dataset name in traverse_explanations_LIME3: breast
Dataset name in traverse_explanations_LIME3: breast
Dataset name in traverse_explanations_LIME3: breast
Dataset name in traverse_explanations_LIME3: breast
1   split 3 done (220.3s)
Dataset name in traverse_explanations_LIME3: breast
Dataset name in traverse_explanations_LIME3: breast
Dataset name in traverse_explanations_LIME3: breast
Dataset name in traverse_explanations_LIME3: breast
1 Dataset name in traverse_explanations_LIME3: breast
Dataset name in traverse_explanations_LIME3: breast
Dataset name in traverse_explanations_LIME3: breast
Dataset name in traverse_explanations_LIME3: breast
1 Dataset name in traverse_explanations_LIME3: breast
Dataset name in traverse_explanations_LIME3: breast
Dataset name in traverse_explanations_LIME3: breast
Dataset name in traverse_explanations_LIME3: breast
Dataset name in traverse_explanations_LIME3: breast
Dataset name in traverse_explanations_LIME3: breast
Dataset name in traverse_explanations_LIME3: breast
Dataset name in traverse_explanations_LIME3: breast
1   split 4 done (278.8s)
Dataset name in traverse_explanations_LIME3: breast
Dataset name in traverse_explanations_LIME3: breast
Dataset name in traverse_explanations_LIME3: breast
Dataset name in traverse_explanations_LIME3: breast
Dataset name in traverse_explanations_LIME3: breast
Dataset name in traverse_explanations_LIME3: breast
Dataset name in traverse_explanations_LIME3: breast
Dataset name in traverse_explanations_LIME3: breast
Dataset name in traverse_explanations_LIME3: breast
Dataset name in traverse_explanations_LIME3: breast
Dataset name in traverse_explanations_LIME3: breast
Dataset name in traverse_explanations_LIME3: breast
Dataset name in traverse_explanations_LIME3: breast
Dataset name in traverse_explanations_LIME3: breast
Dataset name in traverse_explanations_LIME3: breast
Dataset name in traverse_explanations_LIME3: breast
  split 5 done (342.7s)
Dataset name in traverse_explanations_LIME3: breast
Dataset name in traverse_explanations_LIME3: breast
Dataset name in traverse_explanations_LIME3: breast
Dataset name in traverse_explanations_LIME3: breast
Dataset name in traverse_explanations_LIME3: breast
Dataset name in traverse_explanations_LIME3: breast
Dataset name in traverse_explanations_LIME3: breast
Dataset name in traverse_explanations_LIME3: breast
Dataset name in traverse_explanations_LIME3: breast
Dataset name in traverse_explanations_LIME3: breast
Dataset name in traverse_explanations_LIME3: breast
Dataset name in traverse_explanations_LIME3: breast
1 Dataset name in traverse_explanations_LIME3: breast
Dataset name in traverse_explanations_LIME3: breast
Dataset name in traverse_explanations_LIME3: breast
Dataset name in traverse_explanations_LIME3: breast
  split 6 done (406.0s)
Dataset name in traverse_explanations_LIME3: breast
Dataset name in traverse_explanations_LIME3: breast
Dataset name in traverse_explanations_LIME3: breast
Dataset name in traverse_explanations_LIME3: breast
Dataset name in traverse_explanations_LIME3: breast
Dataset name in traverse_explanations_LIME3: breast
Dataset name in traverse_explanations_LIME3: breast
Dataset name in traverse_explanations_LIME3: breast
1 Dataset name in traverse_explanations_LIME3: breast
Dataset name in traverse_explanations_LIME3: breast
Dataset name in traverse_explanations_LIME3: breast
Dataset name in traverse_explanations_LIME3: breast
Dataset name in traverse_explanations_LIME3: breast
Dataset name in traverse_explanations_LIME3: breast
Dataset name in traverse_explanations_LIME3: breast
Dataset name in traverse_explanations_LIME3: breast
  split 7 done (468.4s)
Dataset name in traverse_explanations_LIME3: breast
Dataset name in traverse_explanations_LIME3: breast
Dataset name in traverse_explanations_LIME3: breast
Dataset name in traverse_explanations_LIME3: breast
1 Dataset name in traverse_explanations_LIME3: breast
Dataset name in traverse_explanations_LIME3: breast
Dataset name in traverse_explanations_LIME3: breast
Dataset name in traverse_explanations_LIME3: breast
1 Dataset name in traverse_explanations_LIME3: breast
Dataset name in traverse_explanations_LIME3: breast
Dataset name in traverse_explanations_LIME3: breast
Dataset name in traverse_explanations_LIME3: breast
1 Dataset name in traverse_explanations_LIME3: breast
Dataset name in traverse_explanations_LIME3: breast
Dataset name in traverse_explanations_LIME3: breast
Dataset name in traverse_explanations_LIME3: breast
1   split 8 done (532.7s)
Dataset name in traverse_explanations_LIME3: breast
Dataset name in traverse_explanations_LIME3: breast
Dataset name in traverse_explanations_LIME3: breast
Dataset name in traverse_explanations_LIME3: breast
1 Dataset name in traverse_explanations_LIME3: breast
Dataset name in traverse_explanations_LIME3: breast
Dataset name in traverse_explanations_LIME3: breast
Dataset name in traverse_explanations_LIME3: breast
Dataset name in traverse_explanations_LIME3: breast
Dataset name in traverse_explanations_LIME3: breast
Dataset name in traverse_explanations_LIME3: breast
Dataset name in traverse_explanations_LIME3: breast
1 Dataset name in traverse_explanations_LIME3: breast
Dataset name in traverse_explanations_LIME3: breast
Dataset name in traverse_explanations_LIME3: breast
Dataset name in traverse_explanations_LIME3: breast
1   split 9 done (588.1s)
ROW breast lr | defense gap [-3.41, -0.24, -5.06, -10.24] | ody-def [1.53, 3.76, 7.88, 5.18]
ROW breast nb | defense gap [10.24, 9.88, 11.29, 11.18] | ody-def [10.12, 12.12, 11.06, 13.29]
ROW breast knn | defense gap [-0.47, -0.35, -0.24, -0.24] | ody-def [3.29, 1.41, 2.35, 2.12]
ROW breast dt | defense gap [3.89, 9.99, 5.34, 4.75] | ody-def [-0.04, 1.95, 2.5, 9.35]
