Dataset name in traverse_explanations_LIME3: pendigits
Dataset name in traverse_explanations_LIME3: pendigits
1 Dataset name in traverse_explanations_LIME3: pendigits
1 2 3 4 Dataset name in traverse_explanations_LIME3: pendigits
Dataset name in traverse_explanations_LIME3: pendigits
1 Dataset name in traverse_explanations_LIME3: pendigits
1 2 3 4 Dataset name in traverse_explanations_LIME3: pendigits
Dataset name in traverse_explanations_LIME3: pendigits
1 Dataset name in traverse_explanations_LIME3: pendigits
1 2 3 4 Dataset name in traverse_explanations_LIME3: pendigits
Dataset name in traverse_explanations_LIME3: pendigits
1 Dataset name in traverse_explanations_LIME3: pendigits
1 2 3 4   split 0 done (312.1s)
Dataset name in traverse_explanations_LIME3: pendigits
Dataset name in traverse_explanations_LIME3: pendigits
1 Dataset name in traverse_explanations_LIME3: pendigits
1 2 3 4 Dataset name in traverse_explanations_LIME3: pendigits
Dataset name in traverse_explanations_LIME3: pendigits
1 Dataset name in traverse_explanations_LIME3: pendigits
1 2 3 4 Dataset name in traverse_explanations_LIME3: pendigits
Dataset name in traverse_explanations_LIME3: pendigits
1 Dataset name in traverse_explanations_LIME3: pendigits
1 2 3 4 Dataset name in traverse_explanations_LIME3: pendigits
Dataset name in traverse_explanations_LIME3: pendigits
1 Dataset name in traverse_explanations_LIME3: pendigits
1 2 3 4   split 1 done (630.7s)
Dataset name in traverse_explanations_LIME3: pendigits
Dataset name in traverse_explanations_LIME3: pendigits
1 Dataset name in traverse_explanations_LIME3: pendigits
1 2 3 4 Dataset name in traverse_explanations_LIME3: pendigits
Dataset name in traverse_explanations_LIME3: pendigits
1 Dataset name in traverse_explanations_LIME3: pendigits
1 2 3 4 Dataset name in traverse_explanations_LIME3: pendigits
Dataset name in traverse_explanations_LIME3: pendigits
1 Dataset name in traverse_explanations_LIME3: pendigits
1 2 3 4 Dataset name in traverse_explanations_LIME3: pendigits
Dataset name in traverse_explanations_LIME3: pendigits
1 Dataset name in traverse_explanations_LIME3: pendigits
1 2 3 4   split 2 done (942.4s)
Dataset name in traverse_explanations_LIME3: pendigits
Dataset name in traverse_explanations_LIME3: pendigits
1 Dataset name in traverse_explanations_LIME3: pendigits
1 2 3 4 Dataset name in traverse_explanations_LIME3: pendigits
Dataset name in traverse_explanations_LIME3: pendigits
1 Dataset name in traverse_explanations_LIME3: pendigits
1 2 3 4 Dataset name in traverse_explanations_LIME3: pendigits
Dataset name in traverse_explanations_LIME3: pendigits
1 Dataset name in traverse_explanations_LIME3: pendigits
1 2 3 4 Dataset name in traverse_explanations_LIME3: pendigits
Dataset name in traverse_explanations_LIME3: pendigits
1 Dataset name in traverse_explanations_LIME3: pendigits
1 2 3 4   split 3 done (1257.9s)
Dataset name in traverse_explanations_LIME3: pendigits
Dataset name in traverse_explanations_LIME3: pendigits
1 Dataset name in traverse_explanations_LIME3: pendigits
1 2 3 4 Dataset name in traverse_explanations_LIME3: pendigits
Dataset name in traverse_explanations_LIME3: pendigits
1 Dataset name in traverse_explanations_LIME3: pendigits
1 2 3 4 Dataset name in traverse_explanations_LIME3: pendigits
Dataset name in traverse_explanations_LIME3: pendigits
1 Dataset name in traverse_explanations_LIME3: pendigits
1 2 3 4 Dataset name in traverse_explanations_LIME3: pendigits
Dataset name in traverse_explanations_LIME3: pendigits
1 Dataset name in traverse_explanations_LIME3: pendigits
1 2 3 4   split 4 done (1576.0s)
Dataset name in traverse_explanations_LIME3: pendigits
Dataset name in traverse_explanations_LIME3: pendigits
1 Dataset name in traverse_explanations_LIME3: pendigits
1 2 3 4 Dataset name in traverse_explanations_LIME3: pendigits
Dataset name in traverse_explanations_LIME3: pendigits
1 Dataset name in traverse_explanations_LIME3: pendigits
1 2 3 4 Dataset name in traverse_explanations_LIME3: pendigits
Dataset name in traverse_explanations_LIME3: pendigits
1 Dataset name in traverse_explanations_LIME3: pendigits
1 2 3 4 Dataset name in traverse_explanations_LIME3: pendigits
Dataset name in traverse_explanations_LIME3: pendigits
1 Dataset name in traverse_explanations_LIME3: pendigits
1 2 3 4   split 5 done (1890.7s)
Dataset name in traverse_explanations_LIME3: pendigits
Dataset name in traverse_explanations_LIME3: pendigits
1 Dataset name in traverse_explanations_LIME3: pendigits
1 2 3 4 Dataset name in traverse_explanations_LIME3: pendigits
Dataset name in traverse_explanations_LIME3: pendigits
1 Dataset name in traverse_explanations_LIME3: pendigits
1 2 3 4 Dataset name in traverse_explanations_LIME3: pendigits
Dataset name in traverse_explanations_LIME3: pendigits
1 Dataset name in traverse_explanations_LIME3: pendigits
1 2 3 4 Dataset name in traverse_explanations_LIME3: pendigits
Dataset name in traverse_explanations_LIME3: pendigits
1 Dataset name in traverse_explanations_LIME3: pendigits
1 2 3 4   split 6 done (2208.8s)
Dataset name in traverse_explanations_LIME3: pendigits
Dataset name in traverse_explanations_LIME3: pendigits
1 Dataset name in traverse_explanations_LIME3: pendigits
1 2 3 4 Dataset name in traverse_explanations_LIME3: pendigits
Dataset name in traverse_explanations_LIME3: pendigits
1 Dataset name in traverse_explanations_LIME3: pendigits
1 2 3 4 Dataset name in traverse_explanations_LIME3: pendigits
Dataset name in traverse_explanations_LIME3: pendigits
1 Dataset name in traverse_explanations_LIME3: pendigits
1 2 3 4 Dataset name in traverse_explanations_LIME3: pendigits
Dataset name in traverse_explanations_LIME3: pendigits
1 Dataset name in traverse_explanations_LIME3: pendigits
1 2 3 4   split 7 done (2526.2s)
Dataset name in traverse_explanations_LIME3: pendigits
Dataset name in traverse_explanations_LIME3: pendigits
1 Dataset name in traverse_explanations_LIME3: pendigits
1 2 3 4 Dataset name in traverse_explanations_LIME3: pendigits
Dataset name in traverse_explanations_LIME3: pendigits
1 Dataset name in traverse_explanations_LIME3: pendigits
1 2 3 4 Dataset name in traverse_explanations_LIME3: pendigits
Dataset name in traverse_explanations_LIME3: pendigits
1 Dataset name in traverse_explanations_LIME3: pendigits
1 2 3 4 Dataset name in traverse_explanations_LIME3: pendigits
Dataset name in traverse_explanations_LIME3: pendigits
1 Dataset name in traverse_explanations_LIME3: pendigits
1 2 3 4   split 8 done (2843.4s)
Dataset name in traverse_explanations_LIME3: pendigits
Dataset name in traverse_explanations_LIME3: pendigits
1 Dataset name in traverse_explanations_LIME3: pendigits
1 2 3 4 Dataset name in traverse_explanations_LIME3: pendigits
Dataset name in traverse_explanations_LIME3: pendigits
1 Dataset name in traverse_explanations_LIME3: pendigits
1 2 3 4 Dataset name in traverse_explanations_LIME3: pendigits
Dataset name in traverse_explanations_LIME3: pendigits
1 Dataset name in traverse_explanations_LIME3: pendigits
1 2 3 4 Dataset name in traverse_explanations_LIME3: pendigits
Dataset name in traverse_explanations_LIME3: pendigits
1 Dataset name in traverse_explanations_LIME3: pendigits
1 2 3 4   split 9 done (3157.7s)
ROW pendigits lr | defense gap [-1.35, 3.64, 9.22] | ody-def [-9.44, 10.02, 23.57]
ROW pendigits nb | defense gap [1.92, 3.5, 5.05] | ody-def [8.3, 12.25, 17.05]
ROW pendigits knn | defense gap [0.87, -0.52, -0.01] | ody-def [-8.83, 0.56, 2.13]
ROW pendigits dt | defense gap [3.52, 10.16, 11.14] | ody-def [1.65, 7.69, 16.21]
