Dataset name in traverse_explanations_LIME3: crop
Dataset name in traverse_explanations_LIME3: crop
1 Dataset name in traverse_explanations_LIME3: crop
1 2 3 4 Dataset name in traverse_explanations_LIME3: crop
1 2 3 4 5 6 7 8 9 Dataset name in traverse_explanations_LIME3: crop
Dataset name in traverse_explanations_LIME3: crop
1 Dataset name in traverse_explanations_LIME3: crop
1 2 3 4 Dataset name in traverse_explanations_LIME3: crop
1 2 3 4 5 6 7 8 9 Dataset name in traverse_explanations_LIME3: crop
Dataset name in traverse_explanations_LIME3: crop
1 Dataset name in traverse_explanations_LIME3: crop
1 2 3 4 Dataset name in traverse_explanations_LIME3: crop
1 2 3 4 5 6 7 8 9 Dataset name in traverse_explanations_LIME3: crop
Dataset name in traverse_explanations_LIME3: crop
1 Dataset name in traverse_explanations_LIME3: crop
1 2 3 4 Dataset name in traverse_explanations_LIME3: crop
1 2 3 4 5 6 7 8 9   split 0 done (320.8s)
Dataset name in traverse_explanations_LIME3: crop
Dataset name in traverse_explanations_LIME3: crop
1 Dataset name in traverse_explanations_LIME3: crop
1 2 3 4 Dataset name in traverse_explanations_LIME3: crop
1 2 3 4 5 6 7 8 9 Dataset name in traverse_explanations_LIME3: crop
Dataset name in traverse_explanations_LIME3: crop
1 Dataset name in traverse_explanations_LIME3: crop
1 2 3 4 Dataset name in traverse_explanations_LIME3: crop
1 2 3 4 5 6 7 8 9 Dataset name in traverse_explanations_LIME3: crop
Dataset name in traverse_explanations_LIME3: crop
1 Dataset name in traverse_explanations_LIME3: crop
1 2 3 4 Dataset name in traverse_explanations_LIME3: crop
1 2 3 4 5 6 7 8 9 Dataset name in traverse_explanations_LIME3: crop
Dataset name in traverse_explanations_LIME3: crop
1 Dataset name in traverse_explanations_LIME3: crop
1 2 3 4 Dataset name in traverse_explanations_LIME3: crop
1 2 3 4 5 6 7 8 9   split 1 done (648.0s)
Dataset name in traverse_explanations_LIME3: crop
Dataset name in traverse_explanations_LIME3: crop
1 Dataset name in traverse_explanations_LIME3: crop
1 2 3 4 Dataset name in traverse_explanations_LIME3: crop
1 2 3 4 5 6 7 8 9 Dataset name in traverse_explanations_LIME3: crop
Dataset name in traverse_explanations_LIME3: crop
1 Dataset name in traverse_explanations_LIME3: crop
1 2 3 4 Dataset name in traverse_explanations_LIME3: crop
1 2 3 4 5 6 7 8 9 Dataset name in traverse_explanations_LIME3: crop
Dataset name in traverse_explanations_LIME3: crop
1 Dataset name in traverse_explanations_LIME3: crop
1 2 3 4 Dataset name in traverse_explanations_LIME3: crop
1 2 3 4 5 6 7 8 9 Dataset name in traverse_explanations_LIME3: crop
Dataset name in traverse_explanations_LIME3: crop
1 Dataset name in traverse_explanations_LIME3: crop
1 2 3 4 Dataset name in traverse_explanations_LIME3: crop
1 2 3 4 5 6 7 8 9   split 2 done (969.8s)
Dataset name in traverse_explanations_LIME3: crop
Dataset name in traverse_explanations_LIME3: crop
1 Dataset name in traverse_explanations_LIME3: crop
1 2 3 4 Dataset name in traverse_explanations_LIME3: crop
1 2 3 4 5 6 7 8 9 Dataset name in traverse_explanations_LIME3: crop
Dataset name in traverse_explanations_LIME3: crop
1 Dataset name in traverse_explanations_LIME3: crop
1 2 3 4 Dataset name in traverse_explanations_LIME3: crop
1 2 3 4 5 6 7 8 9 Dataset name in traverse_explanations_LIME3: crop
Dataset name in traverse_explanations_LIME3: crop
1 Dataset name in traverse_explanations_LIME3: crop
1 2 3 4 Dataset name in traverse_explanations_LIME3: crop
1 2 3 4 5 6 7 8 9 Dataset name in traverse_explanations_LIME3: crop
Dataset name in traverse_explanations_LIME3: crop
1 Dataset name in traverse_explanations_LIME3: crop
1 2 3 4 Dataset name in traverse_explanations_LIME3: crop
1 2 3 4 5 6 7 8 9   split 3 done (1296.0s)
Dataset name in traverse_explanations_LIME3: crop
Dataset name in traverse_explanations_LIME3: crop
1 Dataset name in traverse_explanations_LIME3: crop
1 2 3 4 Dataset name in traverse_explanations_LIME3: crop
1 2 3 4 5 6 7 8 9 Dataset name in traverse_explanations_LIME3: crop
Dataset name in traverse_explanations_LIME3: crop
1 Dataset name in traverse_explanations_LIME3: crop
1 2 3 4 Dataset name in traverse_explanations_LIME3: crop
1 2 3 4 5 6 7 8 9 Dataset name in traverse_explanations_LIME3: crop
Dataset name in traverse_explanations_LIME3: crop
1 Dataset name in traverse_explanations_LIME3: crop
1 2 3 4 Dataset name in traverse_explanations_LIME3: crop
1 2 3 4 5 6 7 8 9 Dataset name in traverse_explanations_LIME3: crop
Dataset name in traverse_explanations_LIME3: crop
1 Dataset name in traverse_explanations_LIME3: crop
1 2 3 4 Dataset name in traverse_explanations_LIME3: crop
1 2 3 4 5 6 7 8 9   split 4 done (1620.1s)
Dataset name in traverse_explanations_LIME3: crop
Dataset name in traverse_explanations_LIME3: crop
1 Dataset name in traverse_explanations_LIME3: crop
1 2 3 4 Dataset name in traverse_explanations_LIME3: crop
1 2 3 4 5 6 7 8 9 Dataset name in traverse_explanations_LIME3: crop
Dataset name in traverse_explanations_LIME3: crop
1 Dataset name in traverse_explanations_LIME3: crop
1 2 3 4 Dataset name in traverse_explanations_LIME3: crop
1 2 3 4 5 6 7 8 9 Dataset name in traverse_explanations_LIME3: crop
Dataset name in traverse_explanations_LIME3: crop
1 Dataset name in traverse_explanations_LIME3: crop
1 2 3 4 Dataset name in traverse_explanations_LIME3: crop
1 2 3 4 5 6 7 8 9 Dataset name in traverse_explanations_LIME3: crop
Dataset name in traverse_explanations_LIME3: crop
1 Dataset name in traverse_explanations_LIME3: crop
1 2 3 4 Dataset name in traverse_explanations_LIME3: crop
1 2 3 4 5 6 7 8 9   split 5 done (1947.5s)
Dataset name in traverse_explanations_LIME3: crop
Dataset name in traverse_explanations_LIME3: crop
1 Dataset name in traverse_explanations_LIME3: crop
1 2 3 4 Dataset name in traverse_explanations_LIME3: crop
1 2 3 4 5 6 7 8 9 Dataset name in traverse_explanations_LIME3: crop
Dataset name in traverse_explanations_LIME3: crop
1 Dataset name in traverse_explanations_LIME3: crop
1 2 3 4 Dataset name in traverse_explanations_LIME3: crop
1 2 3 4 5 6 7 8 9 Dataset name in traverse_explanations_LIME3: crop
Dataset name in traverse_explanations_LIME3: crop
1 Dataset name in traverse_explanations_LIME3: crop
1 2 3 4 Dataset name in traverse_explanations_LIME3: crop
1 2 3 4 5 6 7 8 9 Dataset name in traverse_explanations_LIME3: crop
Dataset name in traverse_explanations_LIME3: crop
1 Dataset name in traverse_explanations_LIME3: crop
1 2 3 4 Dataset name in traverse_explanations_LIME3: crop
1 2 3 4 5 6 7 8 9   split 6 done (2274.2s)
Dataset name in traverse_explanations_LIME3: crop
Dataset name in traverse_explanations_LIME3: crop
1 Dataset name in traverse_explanations_LIME3: crop
1 2 3 4 Dataset name in traverse_explanations_LIME3: crop
1 2 3 4 5 6 7 8 9 Dataset name in traverse_explanations_LIME3: crop
Dataset name in traverse_explanations_LIME3: crop
1 Dataset name in traverse_explanations_LIME3: crop
1 2 3 4 Dataset name in traverse_explanations_LIME3: crop
1 2 3 4 5 6 7 8 9 Dataset name in traverse_explanations_LIME3: crop
Dataset name in traverse_explanations_LIME3: crop
1 Dataset name in traverse_explanations_LIME3: crop
1 2 3 4 Dataset name in traverse_explanations_LIME3: crop
1 2 3 4 5 6 7 8 9 Dataset name in traverse_explanations_LIME3: crop
Dataset name in traverse_explanations_LIME3: crop
1 Dataset name in traverse_explanations_LIME3: crop
1 2 3 4 Dataset name in traverse_explanations_LIME3: crop
1 2 3 4 5 6 7 8 9   split 7 done (2603.2s)
Dataset name in traverse_explanations_LIME3: crop
Dataset name in traverse_explanations_LIME3: crop
1 Dataset name in traverse_explanations_LIME3: crop
1 2 3 4 Dataset name in traverse_explanations_LIME3: crop
1 2 3 4 5 6 7 8 9 Dataset name in traverse_explanations_LIME3: crop
Dataset name in traverse_explanations_LIME3: crop
1 Dataset name in traverse_explanations_LIME3: crop
1 2 3 4 Dataset name in traverse_explanations_LIME3: crop
1 2 3 4 5 6 7 8 9 Dataset name in traverse_explanations_LIME3: crop
Dataset name in traverse_explanations_LIME3: crop
1 Dataset name in traverse_explanations_LIME3: crop
1 2 3 4 Dataset name in traverse_explanations_LIME3: crop
1 2 3 4 5 6 7 8 9 Dataset name in traverse_explanations_LIME3: crop
Dataset name in traverse_explanations_LIME3: crop
1 Dataset name in traverse_explanations_LIME3: crop
1 2 3 4 Dataset name in traverse_explanations_LIME3: crop
1 2 3 4 5 6 7 8 9   split 8 done (2931.4s)
Dataset name in traverse_explanations_LIME3: crop
Dataset name in traverse_explanations_LIME3: crop
1 Dataset name in traverse_explanations_LIME3: crop
1 2 3 4 Dataset name in traverse_explanations_LIME3: crop
1 2 3 4 5 6 7 8 9 Dataset name in traverse_explanations_LIME3: crop
Dataset name in traverse_explanations_LIME3: crop
1 Dataset name in traverse_explanations_LIME3: crop
1 2 3 4 Dataset name in traverse_explanations_LIME3: crop
1 2 3 4 5 6 7 8 9 Dataset name in traverse_explanations_LIME3: crop
Dataset name in traverse_explanations_LIME3: crop
1 Dataset name in traverse_explanations_LIME3: crop
1 2 3 4 Dataset name in traverse_explanations_LIME3: crop
1 2 3 4 5 6 7 8 9 Dataset name in traverse_explanations_LIME3: crop
Dataset name in traverse_explanations_LIME3: crop
1 Dataset name in traverse_explanations_LIME3: crop
1 2 3 4 Dataset name in traverse_explanations_LIME3: crop
1 2 3 4 5 6 7 8 9   split 9 done (3254.6s)
ROW crop lr | defense gap [0.12, 12.39, 29.25, 40.94] | ody-def [3.33, 23.41, 43.18, 52.08]
ROW crop nb | defense gap [10.98, 20.08, 23.18, 24.94] | ody-def [10.55, 14.75, 16.98, 19.49]
ROW crop knn | defense gap [4.35, 8.51, 12.71, 15.18] | ody-def [-2.71, 7.1, 8.08, 11.65]
ROW crop dt | defense gap [19.94, 28.08, 34.65, 37.97] | ody-def [17.25, 35.21, 45.32, 50.26]
