Dataset name in traverse_explanations_LIME3: nursery
Dataset name in traverse_explanations_LIME3: nursery
Dataset name in traverse_explanations_LIME3: nursery
Dataset name in traverse_explanations_LIME3: nursery
Dataset name in traverse_explanations_LIME3: nursery
Dataset name in traverse_explanations_LIME3: nursery
Dataset name in traverse_explanations_LIME3: nursery
Dataset name in traverse_explanations_LIME3: nursery
Dataset name in traverse_explanations_LIME3: nursery
Dataset name in traverse_explanations_LIME3: nursery
Dataset name in traverse_explanations_LIME3: nursery
Dataset name in traverse_explanations_LIME3: nursery
Dataset name in traverse_explanations_LIME3: nursery
Dataset name in traverse_explanations_LIME3: nursery
Dataset name in traverse_explanations_LIME3: nursery
Dataset name in traverse_explanations_LIME3: nursery
Dataset name in traverse_explanations_LIME3: nursery
Dataset name in traverse_explanations_LIME3: nursery
Dataset name in traverse_explanations_LIME3: nursery
Dataset name in traverse_explanations_LIME3: nursery
Dataset name in traverse_explanations_LIME3: nursery
Dataset name in traverse_explanations_LIME3: nursery
Dataset name in traverse_explanations_LIME3: nursery
Dataset name in traverse_explanations_LIME3: nursery
Dataset name in traverse_explanations_LIME3: nursery
1 Dataset name in traverse_explanations_LIME3: nursery
1 Dataset name in traverse_explanations_LIME3: nursery
1 Dataset name in traverse_explanations_LIME3: nursery
1 Dataset name in traverse_explanations_LIME3: nursery
1 Dataset name in traverse_explanations_LIME3: nursery
1 Dataset name in traverse_explanations_LIME3: nursery
1 Dataset name in traverse_explanations_LIME3: nursery
1 Dataset name in traverse_explanations_LIME3: nursery
1 Dataset name in traverse_explanations_LIME3: nursery
1 Dataset name in traverse_explanations_LIME3: nursery
1 Dataset name in traverse_explanations_LIME3: nursery
1 Dataset name in traverse_explanations_LIME3: nursery
1 Dataset name in traverse_explanations_LIME3: nursery
1 Dataset name in traverse_explanations_LIME3: nursery
1 Dataset name in traverse_explanations_LIME3: nursery
1 Dataset name in traverse_explanations_LIME3: nursery
1 Dataset name in traverse_explanations_LIME3: nursery
1 Dataset name in traverse_explanations_LIME3: nursery
1 2 Dataset name in traverse_explanations_LIME3: nursery
1 Dataset name in traverse_explanations_LIME3: nursery
1 Dataset name in traverse_explanations_LIME3: nursery
1 2 Dataset name in traverse_explanations_LIME3: nursery
1 Dataset name in traverse_explanations_LIME3: nursery
1 Dataset name in traverse_explanations_LIME3: nursery
1 Dataset name in traverse_explanations_LIME3: nursery
1 Dataset name in traverse_explanations_LIME3: nursery
1 Dataset name in traverse_explanations_LIME3: nursery
1 Dataset name in traverse_explanations_LIME3: nursery
1 Dataset name in traverse_explanations_LIME3: nursery
1 Dataset name in traverse_explanations_LIME3: nursery
1 2 Dataset name in traverse_explanations_LIME3: nursery
1 2 Dataset name in traverse_explanations_LIME3: nursery
1 2 Dataset name in traverse_explanations_LIME3: nursery
1 Dataset name in traverse_explanations_LIME3: nursery
1 Dataset name in traverse_explanations_LIME3: nursery
1 2 
=== nursery / dt ===  Q=[0, 100, 250, 500, 1000]
  base     [0.682, 0.843, 0.829, 0.839, 0.838]
  nodiv    [0.696, 0.734, 0.841, 0.831, 0.829]
  limediv  [0.731, 0.716, 0.838, 0.854, 0.848]
  diverse  (limediv-nodiv): [0.035, -0.017, -0.004, 0.022, 0.02]
  boundary (nodiv-base)   : [0.014, -0.109, 0.013, -0.008, -0.009]
Dataset name in traverse_explanations_LIME3: nursery
Dataset name in traverse_explanations_LIME3: nursery
Dataset name in traverse_explanations_LIME3: nursery
Dataset name in traverse_explanations_LIME3: nursery
Dataset name in traverse_explanations_LIME3: nursery
Dataset name in traverse_explanations_LIME3: nursery
Dataset name in traverse_explanations_LIME3: nursery
Dataset name in traverse_explanations_LIME3: nursery
Dataset name in traverse_explanations_LIME3: nursery
Dataset name in traverse_explanations_LIME3: nursery
Dataset name in traverse_explanations_LIME3: nursery
Dataset name in traverse_explanations_LIME3: nursery
Dataset name in traverse_explanations_LIME3: nursery
Dataset name in traverse_explanations_LIME3: nursery
Dataset name in traverse_explanations_LIME3: nursery
Dataset name in traverse_explanations_LIME3: nursery
Dataset name in traverse_explanations_LIME3: nursery
Dataset name in traverse_explanations_LIME3: nursery
Dataset name in traverse_explanations_LIME3: nursery
Dataset name in traverse_explanations_LIME3: nursery
Dataset name in traverse_explanations_LIME3: nursery
Dataset name in traverse_explanations_LIME3: nursery
Dataset name in traverse_explanations_LIME3: nursery
Dataset name in traverse_explanations_LIME3: nursery
Dataset name in traverse_explanations_LIME3: nursery
Dataset name in traverse_explanations_LIME3: nursery
Dataset name in traverse_explanations_LIME3: nursery
Dataset name in traverse_explanations_LIME3: nursery
Dataset name in traverse_explanations_LIME3: nursery
Dataset name in traverse_explanations_LIME3: nursery
Dataset name in traverse_explanations_LIME3: nursery
Dataset name in traverse_explanations_LIME3: nursery
Dataset name in traverse_explanations_LIME3: nursery
1 Dataset name in traverse_explanations_LIME3: nursery
Dataset name in traverse_explanations_LIME3: nursery
Dataset name in traverse_explanations_LIME3: nursery
Dataset name in traverse_explanations_LIME3: nursery
Dataset name in traverse_explanations_LIME3: nursery
Dataset name in traverse_explanations_LIME3: nursery
Dataset name in traverse_explanations_LIME3: nursery
Dataset name in traverse_explanations_LIME3: nursery
Dataset name in traverse_explanations_LIME3: nursery
Dataset name in traverse_explanations_LIME3: nursery
Dataset name in traverse_explanations_LIME3: nursery
1 Dataset name in traverse_explanations_LIME3: nursery
Dataset name in traverse_explanations_LIME3: nursery
Dataset name in traverse_explanations_LIME3: nursery
Dataset name in traverse_explanations_LIME3: nursery
Dataset name in traverse_explanations_LIME3: nursery
Dataset name in traverse_explanations_LIME3: nursery
Dataset name in traverse_explanations_LIME3: nursery
Dataset name in traverse_explanations_LIME3: nursery
Dataset name in traverse_explanations_LIME3: nursery
Dataset name in traverse_explanations_LIME3: nursery
Dataset name in traverse_explanations_LIME3: nursery
Dataset name in traverse_explanations_LIME3: nursery
Dataset name in traverse_explanations_LIME3: nursery
Dataset name in traverse_explanations_LIME3: nursery
Dataset name in traverse_explanations_LIME3: nursery
Dataset name in traverse_explanations_LIME3: nursery

=== nursery / lr ===  Q=[0, 100, 250, 500, 1000]
  base     [0.51, 0.912, 0.912, 0.912, 0.912]
  nodiv    [0.586, 0.757, 0.917, 0.925, 0.936]
  limediv  [0.557, 0.77, 0.931, 0.929, 0.927]
  diverse  (limediv-nodiv): [-0.029, 0.013, 0.014, 0.004, -0.008]
  boundary (nodiv-base)   : [0.075, -0.155, 0.005, 0.012, 0.023]
Dataset name in traverse_explanations_LIME3: nursery
Dataset name in traverse_explanations_LIME3: nursery
Dataset name in traverse_explanations_LIME3: nursery
Dataset name in traverse_explanations_LIME3: nursery
Dataset name in traverse_explanations_LIME3: nursery
Dataset name in traverse_explanations_LIME3: nursery
Dataset name in traverse_explanations_LIME3: nursery
Dataset name in traverse_explanations_LIME3: nursery
Dataset name in traverse_explanations_LIME3: nursery
Dataset name in traverse_explanations_LIME3: nursery
Dataset name in traverse_explanations_LIME3: nursery
Dataset name in traverse_explanations_LIME3: nursery
Dataset name in traverse_explanations_LIME3: nursery
Dataset name in traverse_explanations_LIME3: nursery
Dataset name in traverse_explanations_LIME3: nursery
Dataset name in traverse_explanations_LIME3: nursery
Dataset name in traverse_explanations_LIME3: nursery
Dataset name in traverse_explanations_LIME3: nursery
Dataset name in traverse_explanations_LIME3: nursery
Dataset name in traverse_explanations_LIME3: nursery
Dataset name in traverse_explanations_LIME3: nursery
Dataset name in traverse_explanations_LIME3: nursery
Dataset name in traverse_explanations_LIME3: nursery
Dataset name in traverse_explanations_LIME3: nursery
Dataset name in traverse_explanations_LIME3: nursery
Dataset name in traverse_explanations_LIME3: nursery
Dataset name in traverse_explanations_LIME3: nursery
Dataset name in traverse_explanations_LIME3: nursery
Dataset name in traverse_explanations_LIME3: nursery
Dataset name in traverse_explanations_LIME3: nursery
Dataset name in traverse_explanations_LIME3: nursery
Dataset name in traverse_explanations_LIME3: nursery
Dataset name in traverse_explanations_LIME3: nursery
Dataset name in traverse_explanations_LIME3: nursery
Dataset name in traverse_explanations_LIME3: nursery
Dataset name in traverse_explanations_LIME3: nursery
Dataset name in traverse_explanations_LIME3: nursery
Dataset name in traverse_explanations_LIME3: nursery
Dataset name in traverse_explanations_LIME3: nursery
Dataset name in traverse_explanations_LIME3: nursery
Dataset name in traverse_explanations_LIME3: nursery
Dataset name in traverse_explanations_LIME3: nursery
Dataset name in traverse_explanations_LIME3: nursery
Dataset name in traverse_explanations_LIME3: nursery
Dataset name in traverse_explanations_LIME3: nursery
Dataset name in traverse_explanations_LIME3: nursery
Dataset name in traverse_explanations_LIME3: nursery
Dataset name in traverse_explanations_LIME3: nursery
Dataset name in traverse_explanations_LIME3: nursery
Dataset name in traverse_explanations_LIME3: nursery
Dataset name in traverse_explanations_LIME3: nursery
Dataset name in traverse_explanations_LIME3: nursery
Dataset name in traverse_explanations_LIME3: nursery
Dataset name in traverse_explanations_LIME3: nursery
Dataset name in traverse_explanations_LIME3: nursery
Dataset name in traverse_explanations_LIME3: nursery
Dataset name in traverse_explanations_LIME3: nursery
Dataset name in traverse_explanations_LIME3: nursery
Dataset name in traverse_explanations_LIME3: nursery
Dataset name in traverse_explanations_LIME3: nursery

=== nursery / nb ===  Q=[0, 100, 250, 500, 1000]
  base     [0.559, 0.726, 0.717, 0.716, 0.72]
  nodiv    [0.602, 0.707, 0.755, 0.732, 0.709]
  limediv  [0.597, 0.682, 0.727, 0.741, 0.773]
  diverse  (limediv-nodiv): [-0.005, -0.026, -0.029, 0.009, 0.064]
  boundary (nodiv-base)   : [0.043, -0.019, 0.038, 0.015, -0.011]
Dataset name in traverse_explanations_LIME3: nursery
Dataset name in traverse_explanations_LIME3: nursery
Dataset name in traverse_explanations_LIME3: nursery
Dataset name in traverse_explanations_LIME3: nursery
Dataset name in traverse_explanations_LIME3: nursery
Dataset name in traverse_explanations_LIME3: nursery
Dataset name in traverse_explanations_LIME3: nursery
Dataset name in traverse_explanations_LIME3: nursery
Dataset name in traverse_explanations_LIME3: nursery
Dataset name in traverse_explanations_LIME3: nursery
Dataset name in traverse_explanations_LIME3: nursery
Dataset name in traverse_explanations_LIME3: nursery
Dataset name in traverse_explanations_LIME3: nursery
Dataset name in traverse_explanations_LIME3: nursery
Dataset name in traverse_explanations_LIME3: nursery
Dataset name in traverse_explanations_LIME3: nursery
Dataset name in traverse_explanations_LIME3: nursery
Dataset name in traverse_explanations_LIME3: nursery
Dataset name in traverse_explanations_LIME3: nursery
Dataset name in traverse_explanations_LIME3: nursery
Dataset name in traverse_explanations_LIME3: nursery
Dataset name in traverse_explanations_LIME3: nursery
Dataset name in traverse_explanations_LIME3: nursery
Dataset name in traverse_explanations_LIME3: nursery
Dataset name in traverse_explanations_LIME3: nursery
1 Dataset name in traverse_explanations_LIME3: nursery
1 Dataset name in traverse_explanations_LIME3: nursery
1 Dataset name in traverse_explanations_LIME3: nursery
1 Dataset name in traverse_explanations_LIME3: nursery
1 Dataset name in traverse_explanations_LIME3: nursery
1 Dataset name in traverse_explanations_LIME3: nursery
1 Dataset name in traverse_explanations_LIME3: nursery
1 Dataset name in traverse_explanations_LIME3: nursery
1 Dataset name in traverse_explanations_LIME3: nursery
1 Dataset name in traverse_explanations_LIME3: nursery
1 Dataset name in traverse_explanations_LIME3: nursery
1 Dataset name in traverse_explanations_LIME3: nursery
1 Dataset name in traverse_explanations_LIME3: nursery
1 Dataset name in traverse_explanations_LIME3: nursery
1 Dataset name in traverse_explanations_LIME3: nursery
1 Dataset name in traverse_explanations_LIME3: nursery
1 Dataset name in traverse_explanations_LIME3: nursery
1 Dataset name in traverse_explanations_LIME3: nursery
1 Dataset name in traverse_explanations_LIME3: nursery
1 Dataset name in traverse_explanations_LIME3: nursery
1 Dataset name in traverse_explanations_LIME3: nursery
1 Dataset name in traverse_explanations_LIME3: nursery
1 Dataset name in traverse_explanations_LIME3: nursery
1 Dataset name in traverse_explanations_LIME3: nursery
1 Dataset name in traverse_explanations_LIME3: nursery
1 Dataset name in traverse_explanations_LIME3: nursery
1 Dataset name in traverse_explanations_LIME3: nursery
1 Dataset name in traverse_explanations_LIME3: nursery
1 Dataset name in traverse_explanations_LIME3: nursery
1 Dataset name in traverse_explanations_LIME3: nursery
1 Dataset name in traverse_explanations_LIME3: nursery
1 2 Dataset name in traverse_explanations_LIME3: nursery
1 Dataset name in traverse_explanations_LIME3: nursery
1 Dataset name in traverse_explanations_LIME3: nursery
1 Dataset name in traverse_explanations_LIME3: nursery
1 
=== nursery / knn ===  Q=[0, 100, 250, 500, 1000]
  base     [0.471, 0.552, 0.565, 0.561, 0.557]
  nodiv    [0.491, 0.57, 0.599, 0.603, 0.611]
  limediv  [0.5, 0.563, 0.615, 0.613, 0.612]
  diverse  (limediv-nodiv): [0.009, -0.007, 0.016, 0.01, 0.001]
  boundary (nodiv-base)   : [0.02, 0.018, 0.034, 0.043, 0.053]
Dataset name in traverse_explanations_LIME3: nursery
Dataset name in traverse_explanations_LIME3: nursery
Dataset name in traverse_explanations_LIME3: nursery
Dataset name in traverse_explanations_LIME3: nursery
Dataset name in traverse_explanations_LIME3: nursery
Dataset name in traverse_explanations_LIME3: nursery
Dataset name in traverse_explanations_LIME3: nursery
Dataset name in traverse_explanations_LIME3: nursery
Dataset name in traverse_explanations_LIME3: nursery
Dataset name in traverse_explanations_LIME3: nursery
Dataset name in traverse_explanations_LIME3: nursery
Dataset name in traverse_explanations_LIME3: nursery
Dataset name in traverse_explanations_LIME3: nursery
Dataset name in traverse_explanations_LIME3: nursery
Dataset name in traverse_explanations_LIME3: nursery
Dataset name in traverse_explanations_LIME3: nursery
Dataset name in traverse_explanations_LIME3: nursery
Dataset name in traverse_explanations_LIME3: nursery
Dataset name in traverse_explanations_LIME3: nursery
Dataset name in traverse_explanations_LIME3: nursery
Dataset name in traverse_explanations_LIME3: nursery
Dataset name in traverse_explanations_LIME3: nursery
Dataset name in traverse_explanations_LIME3: nursery
Dataset name in traverse_explanations_LIME3: nursery
Dataset name in traverse_explanations_LIME3: nursery
1 Dataset name in traverse_explanations_LIME3: nursery
1 Dataset name in traverse_explanations_LIME3: nursery
1 Dataset name in traverse_explanations_LIME3: nursery
1 Dataset name in traverse_explanations_LIME3: nursery
1 Dataset name in traverse_explanations_LIME3: nursery
1 Dataset name in traverse_explanations_LIME3: nursery
1 Dataset name in traverse_explanations_LIME3: nursery
1 Dataset name in traverse_explanations_LIME3: nursery
1 Dataset name in traverse_explanations_LIME3: nursery
1 Dataset name in traverse_explanations_LIME3: nursery
1 Dataset name in traverse_explanations_LIME3: nursery
1 Dataset name in traverse_explanations_LIME3: nursery
1 Dataset name in traverse_explanations_LIME3: nursery
1 Dataset name in traverse_explanations_LIME3: nursery
1 Dataset name in traverse_explanations_LIME3: nursery
1 Dataset name in traverse_explanations_LIME3: nursery
1 Dataset name in traverse_explanations_LIME3: nursery
1 Dataset name in traverse_explanations_LIME3: nursery
1 2 Dataset name in traverse_explanations_LIME3: nursery
1 Dataset name in traverse_explanations_LIME3: nursery
1 2 Dataset name in traverse_explanations_LIME3: nursery
1 Dataset name in traverse_explanations_LIME3: nursery
1 2 Dataset name in traverse_explanations_LIME3: nursery
1 2 Dataset name in traverse_explanations_LIME3: nursery
1 Dataset name in traverse_explanations_LIME3: nursery
1 Dataset name in traverse_explanations_LIME3: nursery
1 Dataset name in traverse_explanations_LIME3: nursery
1 Dataset name in traverse_explanations_LIME3: nursery
1 Dataset name in traverse_explanations_LIME3: nursery
1 Dataset name in traverse_explanations_LIME3: nursery
1 Dataset name in traverse_explanations_LIME3: nursery
1 Dataset name in traverse_explanations_LIME3: nursery
1 2 Dataset name in traverse_explanations_LIME3: nursery
1 Dataset name in traverse_explanations_LIME3: nursery
1 2 Dataset name in traverse_explanations_LIME3: nursery
1 
=== nursery / rdf ===  Q=[0, 100, 250, 500, 1000]
  base     [0.624, 0.839, 0.842, 0.841, 0.843]
  nodiv    [0.659, 0.755, 0.862, 0.868, 0.86]
  limediv  [0.65, 0.72, 0.866, 0.871, 0.867]
  diverse  (limediv-nodiv): [-0.009, -0.035, 0.005, 0.003, 0.007]
  boundary (nodiv-base)   : [0.035, -0.084, 0.019, 0.027, 0.018]
Traceback (most recent call last):
  File "/Users/sesame/FaithfulDefense/ssm/_diverse_ablation.py", line 65, in <module>
    fids.append(fidelity(mname, V, P, t_model))
  File "/Users/sesame/FaithfulDefense/ssm/_diverse_ablation.py", line 37, in fidelity
    sm = _fit_one_surrogate(model_name, np.asarray(V, dtype=float), P, n_classes, seed=k)
  File "/Users/sesame/FaithfulDefense/ssm/attack_utils.py", line 4892, in _fit_one_surrogate
    selection) and raises."""
ValueError: disagreement diagnostic does not support model 'mlp'
