Dataset name in traverse_explanations_LIME3: nursery
1 2 3 4 5 6 7 8 9 Dataset name in traverse_explanations_LIME3: nursery
1 2 3 4 5 6 7 8 9 Dataset name in traverse_explanations_LIME3: nursery
1 2 3 4 5 6 7 8 9 Dataset name in traverse_explanations_LIME3: nursery
1 2 3 4 5 6 7 8 9   split 0 done (87.5s)
Dataset name in traverse_explanations_LIME3: nursery
1 2 3 4 5 6 7 8 9 Dataset name in traverse_explanations_LIME3: nursery
1 2 3 4 5 6 7 8 9 Dataset name in traverse_explanations_LIME3: nursery
1 2 3 4 5 6 7 8 9 Dataset name in traverse_explanations_LIME3: nursery
1 2 3 4 5 6 7 8 9   split 1 done (169.8s)
Dataset name in traverse_explanations_LIME3: nursery
1 2 3 4 5 6 7 8 9 Dataset name in traverse_explanations_LIME3: nursery
1 2 3 4 5 6 7 8 9 Dataset name in traverse_explanations_LIME3: nursery
1 2 3 4 5 6 7 8 9 Dataset name in traverse_explanations_LIME3: nursery
1 2 3 4 5 6 7 8 9   split 2 done (249.3s)
Dataset name in traverse_explanations_LIME3: nursery
1 2 3 4 5 6 7 8 9 Dataset name in traverse_explanations_LIME3: nursery
1 2 3 4 5 6 7 8 9 Dataset name in traverse_explanations_LIME3: nursery
1 2 3 4 5 6 7 8 9 Dataset name in traverse_explanations_LIME3: nursery
1 2 3 4 5 6 7 8 9   split 3 done (332.9s)
Dataset name in traverse_explanations_LIME3: nursery
1 2 3 4 5 6 7 8 9 Dataset name in traverse_explanations_LIME3: nursery
1 2 3 4 5 6 7 8 9 Dataset name in traverse_explanations_LIME3: nursery
1 2 3 4 5 6 7 8 9 Dataset name in traverse_explanations_LIME3: nursery
1 2 3 4 5 6 7 8 9   split 4 done (417.8s)
Dataset name in traverse_explanations_LIME3: nursery
1 2 3 4 5 6 7 8 9 Dataset name in traverse_explanations_LIME3: nursery
1 2 3 4 5 6 7 8 9 Dataset name in traverse_explanations_LIME3: nursery
1 2 3 4 5 6 7 8 9 Dataset name in traverse_explanations_LIME3: nursery
1 2 3 4 5 6 7 8 9   split 5 done (753.6s)
Dataset name in traverse_explanations_LIME3: nursery
1 2 3 4 5 6 7 8 9 Dataset name in traverse_explanations_LIME3: nursery
1 2 3 4 5 6 7 8 9 Dataset name in traverse_explanations_LIME3: nursery
1 2 3 4 5 6 7 8 9 Dataset name in traverse_explanations_LIME3: nursery
1 2 3 4 5 6 7 8 9   split 6 done (3209.1s)
Dataset name in traverse_explanations_LIME3: nursery
1 2 3 4 5 6 7 8 9 Dataset name in traverse_explanations_LIME3: nursery
1 2 3 4 5 6 7 8 9 Dataset name in traverse_explanations_LIME3: nursery
1 2 3 4 5 6 7 8 9 Dataset name in traverse_explanations_LIME3: nursery
1 2 3 4 5 6 7 8 9   split 7 done (3276.0s)
Dataset name in traverse_explanations_LIME3: nursery
1 2 3 4 5 6 7 8 9 Dataset name in traverse_explanations_LIME3: nursery
1 2 3 4 5 6 7 8 9 Dataset name in traverse_explanations_LIME3: nursery
1 2 3 4 5 6 7 8 9 Dataset name in traverse_explanations_LIME3: nursery
1 2 3 4 5 6 7 8 9   split 8 done (3344.3s)
Dataset name in traverse_explanations_LIME3: nursery
1 2 3 4 5 6 7 8 9 Dataset name in traverse_explanations_LIME3: nursery
1 2 3 4 5 6 7 8 9 Dataset name in traverse_explanations_LIME3: nursery
1 2 3 4 5 6 7 8 9 Dataset name in traverse_explanations_LIME3: nursery
1 2 3 4 5 6 7 8 9   split 9 done (3413.0s)
ROW nursery LR | C4 0.0 (p=0.846) | C5 -0.0021 (p=0.432)
ROW nursery NB | C4 -0.0324 (p=0.160) | C5 -0.0952 (p=0.004)
ROW nursery KNN | C4 -0.1048 (p=0.002) | C5 -0.055 (p=0.004)
ROW nursery DT | C4 -0.0177 (p=0.037) | C5 0.0027 (p=0.846)
