Dataset name in traverse_explanations_LIME3: mushroom
1 2 3 4 5 6 7 8 9 Dataset name in traverse_explanations_LIME3: mushroom
1 2 3 4 5 6 7 8 9 10 Dataset name in traverse_explanations_LIME3: mushroom
1 2 3 4 5 6 7 8 9 Dataset name in traverse_explanations_LIME3: mushroom
1 2 3 4 5 6 7 8 9   split 0 done (140.5s)
Dataset name in traverse_explanations_LIME3: mushroom
1 2 3 4 5 6 7 8 9 Dataset name in traverse_explanations_LIME3: mushroom
1 2 3 4 5 6 7 8 9 10 Dataset name in traverse_explanations_LIME3: mushroom
1 2 3 4 5 6 7 8 9 Dataset name in traverse_explanations_LIME3: mushroom
1 2 3 4 5 6 7 8 9   split 1 done (283.3s)
Dataset name in traverse_explanations_LIME3: mushroom
1 2 3 4 5 6 7 8 9 Dataset name in traverse_explanations_LIME3: mushroom
1 2 3 4 5 6 7 8 9 Dataset name in traverse_explanations_LIME3: mushroom
1 2 3 4 5 6 7 8 9 Dataset name in traverse_explanations_LIME3: mushroom
1 2 3 4 5 6 7 8 9   split 2 done (438.1s)
Dataset name in traverse_explanations_LIME3: mushroom
1 2 3 4 5 6 7 8 9 Dataset name in traverse_explanations_LIME3: mushroom
1 2 3 4 5 6 7 8 9 10 Dataset name in traverse_explanations_LIME3: mushroom
1 2 3 4 5 6 7 8 9 Dataset name in traverse_explanations_LIME3: mushroom
1 2 3 4 5 6 7 8 9   split 3 done (3207.8s)
Dataset name in traverse_explanations_LIME3: mushroom
1 2 3 4 5 6 7 8 9 Dataset name in traverse_explanations_LIME3: mushroom
1 2 3 4 5 6 7 8 9 Dataset name in traverse_explanations_LIME3: mushroom
1 2 3 4 5 6 7 8 9 Dataset name in traverse_explanations_LIME3: mushroom
1 2 3 4 5 6 7 8 9   split 4 done (3320.3s)
Dataset name in traverse_explanations_LIME3: mushroom
1 2 3 4 5 6 7 8 9 Dataset name in traverse_explanations_LIME3: mushroom
1 2 3 4 5 6 7 8 9 Dataset name in traverse_explanations_LIME3: mushroom
1 2 3 4 5 6 7 8 9 Dataset name in traverse_explanations_LIME3: mushroom
1 2 3 4 5 6 7 8 9   split 5 done (3437.1s)
Dataset name in traverse_explanations_LIME3: mushroom
1 2 3 4 5 6 7 8 9 Dataset name in traverse_explanations_LIME3: mushroom
1 2 3 4 5 6 7 8 9 Dataset name in traverse_explanations_LIME3: mushroom
1 2 3 4 5 6 7 8 9 Dataset name in traverse_explanations_LIME3: mushroom
1 2 3 4 5 6 7 8 9   split 6 done (3550.9s)
Dataset name in traverse_explanations_LIME3: mushroom
1 2 3 4 5 6 7 8 9 Dataset name in traverse_explanations_LIME3: mushroom
1 2 3 4 5 6 7 8 9 Dataset name in traverse_explanations_LIME3: mushroom
1 2 3 4 5 6 7 8 9 Dataset name in traverse_explanations_LIME3: mushroom
1 2 3 4 5 6 7 8 9   split 7 done (3665.5s)
Dataset name in traverse_explanations_LIME3: mushroom
1 2 3 4 5 6 7 8 9 Dataset name in traverse_explanations_LIME3: mushroom
1 2 3 4 5 6 7 8 9 Dataset name in traverse_explanations_LIME3: mushroom
1 2 3 4 5 6 7 8 9 Dataset name in traverse_explanations_LIME3: mushroom
1 2 3 4 5 6 7 8 9   split 8 done (3778.6s)
Dataset name in traverse_explanations_LIME3: mushroom
1 2 3 4 5 6 7 8 9 Dataset name in traverse_explanations_LIME3: mushroom
1 2 3 4 5 6 7 8 9 Dataset name in traverse_explanations_LIME3: mushroom
1 2 3 4 5 6 7 8 9 Dataset name in traverse_explanations_LIME3: mushroom
1 2 3 4 5 6 7 8 9   split 9 done (3891.0s)
ROW mushroom LR | C4 -0.0284 (p=0.492) | C5 -0.0141 (p=0.922)
ROW mushroom NB | C4 0.1403 (p=0.014) | C5 0.0291 (p=0.557)
ROW mushroom KNN | C4 -0.0721 (p=0.064) | C5 -0.0213 (p=0.695)
ROW mushroom DT | C4 -0.0647 (p=0.037) | C5 -0.013 (p=0.492)
