Dataset name in traverse_explanations_LIME3: breast
1 Dataset name in traverse_explanations_LIME3: breast
1 Dataset name in traverse_explanations_LIME3: breast
1 Dataset name in traverse_explanations_LIME3: breast
1   split 0 done (3.6s)
Dataset name in traverse_explanations_LIME3: breast
Dataset name in traverse_explanations_LIME3: breast
1 Dataset name in traverse_explanations_LIME3: breast
Dataset name in traverse_explanations_LIME3: breast
  split 1 done (6.7s)
Dataset name in traverse_explanations_LIME3: breast
Dataset name in traverse_explanations_LIME3: breast
Dataset name in traverse_explanations_LIME3: breast
Dataset name in traverse_explanations_LIME3: breast
  split 2 done (9.8s)
Dataset name in traverse_explanations_LIME3: breast
Dataset name in traverse_explanations_LIME3: breast
Dataset name in traverse_explanations_LIME3: breast
Dataset name in traverse_explanations_LIME3: breast
1   split 3 done (13.0s)
Dataset name in traverse_explanations_LIME3: breast
1 Dataset name in traverse_explanations_LIME3: breast
1 Dataset name in traverse_explanations_LIME3: breast
Dataset name in traverse_explanations_LIME3: breast
1   split 4 done (16.4s)
Dataset name in traverse_explanations_LIME3: breast
Dataset name in traverse_explanations_LIME3: breast
Dataset name in traverse_explanations_LIME3: breast
Dataset name in traverse_explanations_LIME3: breast
  split 5 done (19.5s)
Dataset name in traverse_explanations_LIME3: breast
Dataset name in traverse_explanations_LIME3: breast
Dataset name in traverse_explanations_LIME3: breast
1 Dataset name in traverse_explanations_LIME3: breast
  split 6 done (22.7s)
Dataset name in traverse_explanations_LIME3: breast
Dataset name in traverse_explanations_LIME3: breast
1 Dataset name in traverse_explanations_LIME3: breast
Dataset name in traverse_explanations_LIME3: breast
  split 7 done (25.7s)
Dataset name in traverse_explanations_LIME3: breast
1 Dataset name in traverse_explanations_LIME3: breast
1 Dataset name in traverse_explanations_LIME3: breast
1 Dataset name in traverse_explanations_LIME3: breast
1   split 8 done (29.1s)
Dataset name in traverse_explanations_LIME3: breast
1 Dataset name in traverse_explanations_LIME3: breast
Dataset name in traverse_explanations_LIME3: breast
1 Dataset name in traverse_explanations_LIME3: breast
1   split 9 done (32.6s)
ROW breast LR | C4 0.1541 (p=0.193) | C5 0.1729 (p=0.232)
ROW breast NB | C4 0.0212 (p=0.625) | C5 0.0824 (p=0.375)
ROW breast KNN | C4 0.0235 (p=0.375) | C5 0.0753 (p=0.155)
ROW breast DT | C4 0.046 (p=0.275) | C5 0.0118 (p=0.492)
