<IPython.core.display.HTML object>
[adult DT Q=500] s4b=0.8312 | base L0=0.8273->bestL20=0.8281 | s3 L0=0.8306->bestL5=0.8416
<IPython.core.display.HTML object>
[crop DT Q=500] s4b=0.9435 | base L0=0.9341->bestL0=0.9341 | s3 L0=0.9314->bestL0=0.9314
<IPython.core.display.HTML object>
[mushroom DT Q=500] s4b=0.9406 | base L0=0.9366->bestL0=0.9366 | s3 L0=0.9178->bestL0=0.9178
<IPython.core.display.HTML object>
[breast DT Q=250] s4b=0.9424 | base L0=0.9447->bestL0=0.9447 | s3 L0=0.9282->bestL0=0.9282
<IPython.core.display.HTML object>
[adult RF Q=500] s4b=0.9172 | base L0=0.9006->bestL0=0.9006 | s3 L0=0.9009->bestL0=0.9009
<IPython.core.display.HTML object>
[crop RF Q=500] s4b=0.9816 | base L0=0.9757->bestL3=0.9792 | s3 L0=0.9776->bestL3=0.9812
<IPython.core.display.HTML object>
[mushroom RF Q=500] s4b=0.9488 | base L0=0.9320->bestL0=0.9320 | s3 L0=0.9343->bestL5=0.9355
<IPython.core.display.HTML object>
[breast RF Q=250] s4b=0.9847 | base L0=0.9812->bestL0=0.9812 | s3 L0=0.9847->bestL0=0.9847

=== MARGIN-WEIGHTING vs DENSIFICATION (10 sets); s4b_nodiv = densification reference ===
data     mdl     Q     s4b   baseL0   baseL3   baseL5  baseL10  baseL20     s3L0     s3L3     s3L5    s3L10    s3L20
adult    DT    500  0.8312   0.8273   0.8223   0.8238   0.8229   0.8281   0.8306   0.8295   0.8416   0.8370   0.8283
crop     DT    500  0.9435   0.9341   0.9341   0.9341   0.9341   0.9341   0.9314   0.9314   0.9314   0.9314   0.9314
mushroom DT    500  0.9406   0.9366   0.9366   0.9366   0.9366   0.9366   0.9178   0.9178   0.9178   0.9178   0.9178
breast   DT    250  0.9424   0.9447   0.9447   0.9447   0.9447   0.9447   0.9282   0.9282   0.9282   0.9282   0.9282
adult    RF    500  0.9172   0.9006   0.8993   0.8992   0.8988   0.8969   0.9009   0.8986   0.8985   0.8961   0.8964
crop     RF    500  0.9816   0.9757   0.9792   0.9765   0.9773   0.9769   0.9776   0.9812   0.9812   0.9804   0.9796
mushroom RF    500  0.9488   0.9320   0.9308   0.9269   0.9278   0.9249   0.9343   0.9331   0.9355   0.9334   0.9310
breast   RF    250  0.9847   0.9812   0.9812   0.9800   0.9788   0.9800   0.9847   0.9824   0.9824   0.9812   0.9788
done
