Dataset name in traverse_explanations_LIME3: pendigits
1 2 3 4 5 6 7 8 9 Dataset name in traverse_explanations_LIME3: pendigits
1 2 3 4 5 6 7 8 9 Dataset name in traverse_explanations_LIME3: pendigits
1 2 3 4 5 6 7 8 9 Dataset name in traverse_explanations_LIME3: pendigits
1 2 3 4 5 6 7 8 9   split 0 done (158.7s)
Dataset name in traverse_explanations_LIME3: pendigits
1 2 3 4 5 6 7 8 9 Dataset name in traverse_explanations_LIME3: pendigits
1 2 3 4 5 6 7 8 9 Dataset name in traverse_explanations_LIME3: pendigits
1 2 3 4 5 6 7 8 9 Dataset name in traverse_explanations_LIME3: pendigits
1 2 3 4 5 6 7 8 9   split 1 done (318.5s)
Dataset name in traverse_explanations_LIME3: pendigits
1 2 3 4 5 6 7 8 9 Dataset name in traverse_explanations_LIME3: pendigits
1 2 3 4 5 6 7 8 9 Dataset name in traverse_explanations_LIME3: pendigits
1 2 3 4 5 6 7 8 9 Dataset name in traverse_explanations_LIME3: pendigits
1 2 3 4 5 6 7 8 9   split 2 done (477.8s)
Dataset name in traverse_explanations_LIME3: pendigits
1 2 3 4 5 6 7 8 9 Dataset name in traverse_explanations_LIME3: pendigits
1 2 3 4 5 6 7 8 9 Dataset name in traverse_explanations_LIME3: pendigits
1 2 3 4 5 6 7 8 9 Dataset name in traverse_explanations_LIME3: pendigits
1 2 3 4 5 6 7 8 9   split 3 done (633.6s)
Dataset name in traverse_explanations_LIME3: pendigits
1 2 3 4 5 6 7 8 9 Dataset name in traverse_explanations_LIME3: pendigits
1 2 3 4 5 6 7 8 9 Dataset name in traverse_explanations_LIME3: pendigits
1 2 3 4 5 6 7 8 9 Dataset name in traverse_explanations_LIME3: pendigits
1 2 3 4 5 6 7 8 9   split 4 done (789.7s)
Dataset name in traverse_explanations_LIME3: pendigits
1 2 3 4 5 6 7 8 9 Dataset name in traverse_explanations_LIME3: pendigits
1 2 3 4 5 6 7 8 9 Dataset name in traverse_explanations_LIME3: pendigits
1 2 3 4 5 6 7 8 9 Dataset name in traverse_explanations_LIME3: pendigits
1 2 3 4 5 6 7 8 9   split 5 done (940.5s)
Dataset name in traverse_explanations_LIME3: pendigits
1 2 3 4 5 6 7 8 9 Dataset name in traverse_explanations_LIME3: pendigits
1 2 3 4 5 6 7 8 9 Dataset name in traverse_explanations_LIME3: pendigits
1 2 3 4 5 6 7 8 9 Dataset name in traverse_explanations_LIME3: pendigits
1 2 3 4 5 6 7 8 9   split 6 done (1092.9s)
Dataset name in traverse_explanations_LIME3: pendigits
1 2 3 4 5 6 7 8 9 Dataset name in traverse_explanations_LIME3: pendigits
1 2 3 4 5 6 7 8 9 Dataset name in traverse_explanations_LIME3: pendigits
1 2 3 4 5 6 7 8 9 Dataset name in traverse_explanations_LIME3: pendigits
1 2 3 4 5 6 7 8 9   split 7 done (1246.3s)
Dataset name in traverse_explanations_LIME3: pendigits
1 2 3 4 5 6 7 8 9 Dataset name in traverse_explanations_LIME3: pendigits
1 2 3 4 5 6 7 8 9 Dataset name in traverse_explanations_LIME3: pendigits
1 2 3 4 5 6 7 8 9 Dataset name in traverse_explanations_LIME3: pendigits
1 2 3 4 5 6 7 8 9   split 8 done (1401.2s)
Dataset name in traverse_explanations_LIME3: pendigits
1 2 3 4 5 6 7 8 9 Dataset name in traverse_explanations_LIME3: pendigits
1 2 3 4 5 6 7 8 9 Dataset name in traverse_explanations_LIME3: pendigits
1 2 3 4 5 6 7 8 9 Dataset name in traverse_explanations_LIME3: pendigits
1 2 3 4 5 6 7 8 9   split 9 done (1554.4s)
ROW pendigits LR | C4 0.185 (p=0.002) | C5 0.1576 (p=0.002)
ROW pendigits NB | C4 0.1096 (p=0.002) | C5 0.1172 (p=0.002)
ROW pendigits KNN | C4 0.0607 (p=0.002) | C5 0.0465 (p=0.002)
ROW pendigits DT | C4 0.0689 (p=0.049) | C5 0.0138 (p=0.375)
