<IPython.core.display.HTML object>
1 2 3 4 5 6 7 8 9 10 1 2 3 4 5 6 7 8 9 10 <IPython.core.display.HTML object>
1 2 3 4 5 6 7 8 9 10 1 2 3 4 5 6 7 8 9 10 <IPython.core.display.HTML object>
1 2 3 4 5 6 7 8 9 10 1 2 3 4 5 6 7 8 9 10 <IPython.core.display.HTML object>
1 2 3 4 5 6 7 8 9 10 1 2 3 4 5 6 7 8 9 10 <IPython.core.display.HTML object>
1 2 3 4 5 6 7 8 9 10 1 2 3 4 5 6 7 8 9 10   split 0 done (218.7s)
<IPython.core.display.HTML object>
1 2 3 4 5 6 7 8 9 10 1 2 3 4 5 6 7 8 9 10 <IPython.core.display.HTML object>
1 2 3 4 5 6 7 8 9 10 1 2 3 4 5 6 7 8 9 10 <IPython.core.display.HTML object>
1 2 3 4 5 6 7 8 9 10 1 2 3 4 5 6 7 8 9 10 <IPython.core.display.HTML object>
1 2 3 4 5 6 7 8 9 10 1 2 3 4 5 6 7 8 9 10 <IPython.core.display.HTML object>
1 2 3 4 5 6 7 8 9 10 1 2 3 4 5 6 7 8 9 10   split 1 done (438.0s)
<IPython.core.display.HTML object>
1 2 3 4 5 6 7 8 9 10 1 2 3 4 5 6 7 8 9 10 <IPython.core.display.HTML object>
1 2 3 4 5 6 7 8 9 10 1 2 3 4 5 6 7 8 9 10 <IPython.core.display.HTML object>
1 2 3 4 5 6 7 8 9 10 1 2 3 4 5 6 7 8 9 10 <IPython.core.display.HTML object>
1 2 3 4 5 6 7 8 9 10 1 2 3 4 5 6 7 8 9 10 <IPython.core.display.HTML object>
1 2 3 4 5 6 7 8 9 10 1 2 3 4 5 6 7 8 9 10   split 2 done (655.8s)
<IPython.core.display.HTML object>
1 2 3 4 5 6 7 8 9 10 1 2 3 4 5 6 7 8 9 10 <IPython.core.display.HTML object>
1 2 3 4 5 6 7 8 9 10 1 2 3 4 5 6 7 8 9 10 <IPython.core.display.HTML object>
1 2 3 4 5 6 7 8 9 10 1 2 3 4 5 6 7 8 9 10 <IPython.core.display.HTML object>
1 2 3 4 5 6 7 8 9 10 1 2 3 4 5 6 7 8 9 10 <IPython.core.display.HTML object>
1 2 3 4 5 6 7 8 9 10 1 2 3 4 5 6 7 8 9 10   split 3 done (878.6s)
<IPython.core.display.HTML object>
1 2 3 4 5 6 7 8 9 10 1 2 3 4 5 6 7 8 9 10 <IPython.core.display.HTML object>
1 2 3 4 5 6 7 8 9 10 1 2 3 4 5 6 7 8 9 10 <IPython.core.display.HTML object>
1 2 3 4 5 6 7 8 9 10 1 2 3 4 5 6 7 8 9 10 <IPython.core.display.HTML object>
1 2 3 4 5 6 7 8 9 10 1 2 3 4 5 6 7 8 9 10 <IPython.core.display.HTML object>
1 2 3 4 5 6 7 8 9 10 1 2 3 4 5 6 7 8 9 10   split 4 done (1096.0s)
<IPython.core.display.HTML object>
1 2 3 4 5 6 7 8 9 10 1 2 3 4 5 6 7 8 9 10 <IPython.core.display.HTML object>
1 2 3 4 5 6 7 8 9 10 1 2 3 4 5 6 7 8 9 10 <IPython.core.display.HTML object>
1 2 3 4 5 6 7 8 9 10 1 2 3 4 5 6 7 8 9 10 <IPython.core.display.HTML object>
1 2 3 4 5 6 7 8 9 10 1 2 3 4 5 6 7 8 9 10 <IPython.core.display.HTML object>
1 2 3 4 5 6 7 8 9 10 1 2 3 4 5 6 7 8 9 10   split 5 done (1314.2s)
<IPython.core.display.HTML object>
1 2 3 4 5 6 7 8 9 10 1 2 3 4 5 6 7 8 9 10 <IPython.core.display.HTML object>
1 2 3 4 5 6 7 8 9 10 1 2 3 4 5 6 7 8 9 10 <IPython.core.display.HTML object>
1 2 3 4 5 6 7 8 9 10 1 2 3 4 5 6 7 8 9 10 <IPython.core.display.HTML object>
1 2 3 4 5 6 7 8 9 10 1 2 3 4 5 6 7 8 9 10 <IPython.core.display.HTML object>
1 2 3 4 5 6 7 8 9 10 1 2 3 4 5 6 7 8 9 10   split 6 done (1534.2s)
<IPython.core.display.HTML object>
1 2 3 4 5 6 7 8 9 10 1 2 3 4 5 6 7 8 9 10 <IPython.core.display.HTML object>
1 2 3 4 5 6 7 8 9 10 1 2 3 4 5 6 7 8 9 10 <IPython.core.display.HTML object>
1 2 3 4 5 6 7 8 9 10 1 2 3 4 5 6 7 8 9 10 <IPython.core.display.HTML object>
1 2 3 4 5 6 7 8 9 10 1 2 3 4 5 6 7 8 9 10 <IPython.core.display.HTML object>
1 2 3 4 5 6 7 8 9 10 1 2 3 4 5 6 7 8 9 10   split 7 done (1758.2s)
<IPython.core.display.HTML object>
1 2 3 4 5 6 7 8 9 10 1 2 3 4 5 6 7 8 9 10 <IPython.core.display.HTML object>
1 2 3 4 5 6 7 8 9 10 1 2 3 4 5 6 7 8 9 10 <IPython.core.display.HTML object>
1 2 3 4 5 6 7 8 9 10 1 2 3 4 5 6 7 8 9 10 <IPython.core.display.HTML object>
1 2 3 4 5 6 7 8 9 10 1 2 3 4 5 6 7 8 9 10 <IPython.core.display.HTML object>
1 2 3 4 5 6 7 8 9 10 1 2 3 4 5 6 7 8 9 10   split 8 done (1982.9s)
<IPython.core.display.HTML object>
1 2 3 4 5 6 7 8 9 10 1 2 3 4 5 6 7 8 9 10 <IPython.core.display.HTML object>
1 2 3 4 5 6 7 8 9 10 1 2 3 4 5 6 7 8 9 10 <IPython.core.display.HTML object>
1 2 3 4 5 6 7 8 9 10 1 2 3 4 5 6 7 8 9 10 <IPython.core.display.HTML object>
1 2 3 4 5 6 7 8 9 10 1 2 3 4 5 6 7 8 9 10 <IPython.core.display.HTML object>
1 2 3 4 5 6 7 8 9 10 1 2 3 4 5 6 7 8 9 10   split 9 done (2206.3s)
ROW pendigits LR attr -0.0191 (p=0.049)
ROW pendigits NB attr 0.0057 (p=0.160)
ROW pendigits KNN attr 0.0103 (p=0.131)
ROW pendigits DT attr 0.0266 (p=0.131)
ROW pendigits RF attr -0.0151 (p=0.105)
