Dataset name in traverse_explanations_LIME3: pendigits
Dataset name in traverse_explanations_LIME3: pendigits
1 Dataset name in traverse_explanations_LIME3: pendigits
1 2 3 4 Dataset name in traverse_explanations_LIME3: pendigits
1 2 3 4 5 6 7 8 9 Dataset name in traverse_explanations_LIME3: pendigits
Dataset name in traverse_explanations_LIME3: pendigits
1 Dataset name in traverse_explanations_LIME3: pendigits
1 2 3 4 Dataset name in traverse_explanations_LIME3: pendigits
1 2 3 4 5 6 7 8 9 Dataset name in traverse_explanations_LIME3: pendigits
Dataset name in traverse_explanations_LIME3: pendigits
1 Dataset name in traverse_explanations_LIME3: pendigits
1 2 3 4 Dataset name in traverse_explanations_LIME3: pendigits
1 2 3 4 5 6 7 8 9 Dataset name in traverse_explanations_LIME3: pendigits
Dataset name in traverse_explanations_LIME3: pendigits
1 Dataset name in traverse_explanations_LIME3: pendigits
1 2 3 4 Dataset name in traverse_explanations_LIME3: pendigits
1 2 3 4 5 6 7 8 9   split 0 done (737.1s)
Dataset name in traverse_explanations_LIME3: pendigits
Dataset name in traverse_explanations_LIME3: pendigits
1 Dataset name in traverse_explanations_LIME3: pendigits
1 2 3 4 Dataset name in traverse_explanations_LIME3: pendigits
1 2 3 4 5 6 7 8 9 Dataset name in traverse_explanations_LIME3: pendigits
Dataset name in traverse_explanations_LIME3: pendigits
1 Dataset name in traverse_explanations_LIME3: pendigits
1 2 3 4 Dataset name in traverse_explanations_LIME3: pendigits
1 2 3 4 5 6 7 8 9 Dataset name in traverse_explanations_LIME3: pendigits
Dataset name in traverse_explanations_LIME3: pendigits
1 Dataset name in traverse_explanations_LIME3: pendigits
1 2 3 4 Dataset name in traverse_explanations_LIME3: pendigits
1 2 3 4 5 6 7 8 9 Dataset name in traverse_explanations_LIME3: pendigits
Dataset name in traverse_explanations_LIME3: pendigits
1 Dataset name in traverse_explanations_LIME3: pendigits
1 2 3 4 Dataset name in traverse_explanations_LIME3: pendigits
1 2 3 4 5 6 7 8 9   split 1 done (1456.6s)
Dataset name in traverse_explanations_LIME3: pendigits
Dataset name in traverse_explanations_LIME3: pendigits
1 Dataset name in traverse_explanations_LIME3: pendigits
1 2 3 4 Dataset name in traverse_explanations_LIME3: pendigits
1 2 3 4 5 6 7 8 9 Dataset name in traverse_explanations_LIME3: pendigits
Dataset name in traverse_explanations_LIME3: pendigits
1 Dataset name in traverse_explanations_LIME3: pendigits
1 2 3 4 Dataset name in traverse_explanations_LIME3: pendigits
1 2 3 4 5 6 7 8 9 Dataset name in traverse_explanations_LIME3: pendigits
Dataset name in traverse_explanations_LIME3: pendigits
1 Dataset name in traverse_explanations_LIME3: pendigits
1 2 3 4 Dataset name in traverse_explanations_LIME3: pendigits
1 2 3 4 5 6 7 8 9 Dataset name in traverse_explanations_LIME3: pendigits
Dataset name in traverse_explanations_LIME3: pendigits
1 Dataset name in traverse_explanations_LIME3: pendigits
1 2 3 4 Dataset name in traverse_explanations_LIME3: pendigits
1 2 3 4 5 6 7 8 9   split 2 done (2168.9s)
Dataset name in traverse_explanations_LIME3: pendigits
Dataset name in traverse_explanations_LIME3: pendigits
1 Dataset name in traverse_explanations_LIME3: pendigits
1 2 3 4 Dataset name in traverse_explanations_LIME3: pendigits
1 2 3 4 5 6 7 8 9 Dataset name in traverse_explanations_LIME3: pendigits
Dataset name in traverse_explanations_LIME3: pendigits
1 Dataset name in traverse_explanations_LIME3: pendigits
1 2 3 4 Dataset name in traverse_explanations_LIME3: pendigits
1 2 3 4 5 6 7 8 9 Dataset name in traverse_explanations_LIME3: pendigits
Dataset name in traverse_explanations_LIME3: pendigits
1 Dataset name in traverse_explanations_LIME3: pendigits
1 2 3 4 Dataset name in traverse_explanations_LIME3: pendigits
1 2 3 4 5 6 7 8 9 Dataset name in traverse_explanations_LIME3: pendigits
Dataset name in traverse_explanations_LIME3: pendigits
1 Dataset name in traverse_explanations_LIME3: pendigits
1 2 3 4 Dataset name in traverse_explanations_LIME3: pendigits
1 2 3 4 5 6 7 8 9   split 3 done (2866.8s)
Dataset name in traverse_explanations_LIME3: pendigits
Dataset name in traverse_explanations_LIME3: pendigits
1 Dataset name in traverse_explanations_LIME3: pendigits
1 2 3 4 Dataset name in traverse_explanations_LIME3: pendigits
1 2 3 4 5 6 7 8 9 Dataset name in traverse_explanations_LIME3: pendigits
Dataset name in traverse_explanations_LIME3: pendigits
1 Dataset name in traverse_explanations_LIME3: pendigits
1 2 3 4 Dataset name in traverse_explanations_LIME3: pendigits
1 2 3 4 5 6 7 8 9 Dataset name in traverse_explanations_LIME3: pendigits
Dataset name in traverse_explanations_LIME3: pendigits
1 Dataset name in traverse_explanations_LIME3: pendigits
1 2 3 4 Dataset name in traverse_explanations_LIME3: pendigits
1 2 3 4 5 6 7 8 9 Dataset name in traverse_explanations_LIME3: pendigits
Dataset name in traverse_explanations_LIME3: pendigits
1 Dataset name in traverse_explanations_LIME3: pendigits
1 2 3 4 Dataset name in traverse_explanations_LIME3: pendigits
1 2 3 4 5 6 7 8 9   split 4 done (3565.2s)
Dataset name in traverse_explanations_LIME3: pendigits
Dataset name in traverse_explanations_LIME3: pendigits
1 Dataset name in traverse_explanations_LIME3: pendigits
1 2 3 4 Dataset name in traverse_explanations_LIME3: pendigits
1 2 3 4 5 6 7 8 9 Dataset name in traverse_explanations_LIME3: pendigits
Dataset name in traverse_explanations_LIME3: pendigits
1 Dataset name in traverse_explanations_LIME3: pendigits
1 2 3 4 Dataset name in traverse_explanations_LIME3: pendigits
1 2 3 4 5 6 7 8 9 Dataset name in traverse_explanations_LIME3: pendigits
Dataset name in traverse_explanations_LIME3: pendigits
1 Dataset name in traverse_explanations_LIME3: pendigits
1 2 3 4 Dataset name in traverse_explanations_LIME3: pendigits
1 2 3 4 5 6 7 8 9 Dataset name in traverse_explanations_LIME3: pendigits
Dataset name in traverse_explanations_LIME3: pendigits
1 Dataset name in traverse_explanations_LIME3: pendigits
1 2 3 4 Dataset name in traverse_explanations_LIME3: pendigits
1 2 3 4 5 6 7 8 9   split 5 done (4261.7s)
Dataset name in traverse_explanations_LIME3: pendigits
Dataset name in traverse_explanations_LIME3: pendigits
1 Dataset name in traverse_explanations_LIME3: pendigits
1 2 3 4 Dataset name in traverse_explanations_LIME3: pendigits
1 2 3 4 5 6 7 8 9 Dataset name in traverse_explanations_LIME3: pendigits
Dataset name in traverse_explanations_LIME3: pendigits
1 Dataset name in traverse_explanations_LIME3: pendigits
1 2 3 4 Dataset name in traverse_explanations_LIME3: pendigits
1 2 3 4 5 6 7 8 9 Dataset name in traverse_explanations_LIME3: pendigits
Dataset name in traverse_explanations_LIME3: pendigits
1 Dataset name in traverse_explanations_LIME3: pendigits
1 2 3 4 Dataset name in traverse_explanations_LIME3: pendigits
1 2 3 4 5 6 7 8 9 Dataset name in traverse_explanations_LIME3: pendigits
Dataset name in traverse_explanations_LIME3: pendigits
1 Dataset name in traverse_explanations_LIME3: pendigits
1 2 3 4 Dataset name in traverse_explanations_LIME3: pendigits
1 2 3 4 5 6 7 8 9   split 6 done (4961.8s)
Dataset name in traverse_explanations_LIME3: pendigits
Dataset name in traverse_explanations_LIME3: pendigits
1 Dataset name in traverse_explanations_LIME3: pendigits
1 2 3 4 Dataset name in traverse_explanations_LIME3: pendigits
1 2 3 4 5 6 7 8 9 Dataset name in traverse_explanations_LIME3: pendigits
Dataset name in traverse_explanations_LIME3: pendigits
1 Dataset name in traverse_explanations_LIME3: pendigits
1 2 3 4 Dataset name in traverse_explanations_LIME3: pendigits
1 2 3 4 5 6 7 8 9 Dataset name in traverse_explanations_LIME3: pendigits
Dataset name in traverse_explanations_LIME3: pendigits
1 Dataset name in traverse_explanations_LIME3: pendigits
1 2 3 4 Dataset name in traverse_explanations_LIME3: pendigits
1 2 3 4 5 6 7 8 9 Dataset name in traverse_explanations_LIME3: pendigits
Dataset name in traverse_explanations_LIME3: pendigits
1 Dataset name in traverse_explanations_LIME3: pendigits
1 2 3 4 Dataset name in traverse_explanations_LIME3: pendigits
1 2 3 4 5 6 7 8 9   split 7 done (5661.1s)
Dataset name in traverse_explanations_LIME3: pendigits
Dataset name in traverse_explanations_LIME3: pendigits
1 Dataset name in traverse_explanations_LIME3: pendigits
1 2 3 4 Dataset name in traverse_explanations_LIME3: pendigits
1 2 3 4 5 6 7 8 9 Dataset name in traverse_explanations_LIME3: pendigits
Dataset name in traverse_explanations_LIME3: pendigits
1 Dataset name in traverse_explanations_LIME3: pendigits
1 2 3 4 Dataset name in traverse_explanations_LIME3: pendigits
1 2 3 4 5 6 7 8 9 Dataset name in traverse_explanations_LIME3: pendigits
Dataset name in traverse_explanations_LIME3: pendigits
1 Dataset name in traverse_explanations_LIME3: pendigits
1 2 3 4 Dataset name in traverse_explanations_LIME3: pendigits
1 2 3 4 5 6 7 8 9 Dataset name in traverse_explanations_LIME3: pendigits
Dataset name in traverse_explanations_LIME3: pendigits
1 Dataset name in traverse_explanations_LIME3: pendigits
1 2 3 4 Dataset name in traverse_explanations_LIME3: pendigits
1 2 3 4 5 6 7 8 9   split 8 done (6362.8s)
Dataset name in traverse_explanations_LIME3: pendigits
Dataset name in traverse_explanations_LIME3: pendigits
1 Dataset name in traverse_explanations_LIME3: pendigits
1 2 3 4 Dataset name in traverse_explanations_LIME3: pendigits
1 2 3 4 5 6 7 8 9 Dataset name in traverse_explanations_LIME3: pendigits
Dataset name in traverse_explanations_LIME3: pendigits
1 Dataset name in traverse_explanations_LIME3: pendigits
1 2 3 4 Dataset name in traverse_explanations_LIME3: pendigits
1 2 3 4 5 6 7 8 9 Dataset name in traverse_explanations_LIME3: pendigits
Dataset name in traverse_explanations_LIME3: pendigits
1 Dataset name in traverse_explanations_LIME3: pendigits
1 2 3 4 Dataset name in traverse_explanations_LIME3: pendigits
1 2 3 4 5 6 7 8 9 Dataset name in traverse_explanations_LIME3: pendigits
Dataset name in traverse_explanations_LIME3: pendigits
1 Dataset name in traverse_explanations_LIME3: pendigits
1 2 3 4 Dataset name in traverse_explanations_LIME3: pendigits
1 2 3 4 5 6 7 8 9   split 9 done (7057.9s)
ROW pendigits lr | defense gap [-1.35, 3.64, 9.22, 18.6] | ody-def [-9.44, 10.02, 23.57, 37.1]
ROW pendigits nb | defense gap [1.92, 3.5, 5.05, 7.91] | ody-def [8.3, 12.25, 17.05, 18.87]
ROW pendigits knn | defense gap [0.87, -0.52, -0.01, 0.37] | ody-def [-8.83, 0.56, 2.13, 6.44]
ROW pendigits dt | defense gap [3.52, 10.16, 11.14, 10.05] | ody-def [1.65, 7.69, 16.21, 16.94]
