<IPython.core.display.HTML object>
  [adult+RF] set 0: base=0.889 shap3=0.862 s4b=0.891
  [adult+RF] set 1: base=0.877 shap3=0.882 s4b=0.861
  [adult+RF] set 2: base=0.864 shap3=0.864 s4b=0.900
  [adult+RF] set 3: base=0.860 shap3=0.867 s4b=0.898
  [adult+RF] set 4: base=0.926 shap3=0.896 s4b=0.915
  [adult+RF] set 5: base=0.909 shap3=0.883 s4b=0.925
  [adult+RF] set 6: base=0.891 shap3=0.870 s4b=0.912
  [adult+RF] set 7: base=0.887 shap3=0.901 s4b=0.933
  [adult+RF] set 8: base=0.910 shap3=0.915 s4b=0.921
  [adult+RF] set 9: base=0.863 shap3=0.923 s4b=0.907
  [adult+RF] set 10: base=0.929 shap3=0.924 s4b=0.920
  [adult+RF] set 11: base=0.888 shap3=0.919 s4b=0.923
  [adult+RF] set 12: base=0.912 shap3=0.913 s4b=0.907
  [adult+RF] set 13: base=0.925 shap3=0.897 s4b=0.930
  [adult+RF] set 14: base=0.904 shap3=0.925 s4b=0.925
  [adult+RF] set 15: base=0.879 shap3=0.868 s4b=0.914
  [adult+RF] set 16: base=0.921 shap3=0.887 s4b=0.912
  [adult+RF] set 17: base=0.929 shap3=0.905 s4b=0.920
  [adult+RF] set 18: base=0.913 shap3=0.910 s4b=0.929
  [adult+RF] set 19: base=0.908 shap3=0.916 s4b=0.910
### adult+RF: base=0.8992 shap3=0.8964 s4b=0.9127 | MEAN gap s4b-base=+0.0135 (OLD max gap=+0.0111)
<IPython.core.display.HTML object>
  [crop+DT] set 0: base=0.939 shap3=0.946 s4b=0.962
  [crop+DT] set 1: base=0.942 shap3=0.910 s4b=0.879
  [crop+DT] set 2: base=0.934 shap3=0.953 s4b=0.892
  [crop+DT] set 3: base=0.901 shap3=0.903 s4b=0.942
  [crop+DT] set 4: base=0.923 shap3=0.909 s4b=0.919
  [crop+DT] set 5: base=0.937 shap3=0.887 s4b=0.956
  [crop+DT] set 6: base=0.900 shap3=0.922 s4b=0.927
  [crop+DT] set 7: base=0.856 shap3=0.907 s4b=0.790
  [crop+DT] set 8: base=0.858 shap3=0.919 s4b=0.867
  [crop+DT] set 9: base=0.912 shap3=0.915 s4b=0.952
  [crop+DT] set 10: base=0.871 shap3=0.894 s4b=0.931
  [crop+DT] set 11: base=0.931 shap3=0.940 s4b=0.933
  [crop+DT] set 12: base=0.902 shap3=0.933 s4b=0.885
  [crop+DT] set 13: base=0.910 shap3=0.954 s4b=0.939
  [crop+DT] set 14: base=0.906 shap3=0.901 s4b=0.920
  [crop+DT] set 15: base=0.929 shap3=0.915 s4b=0.921
  [crop+DT] set 16: base=0.905 shap3=0.909 s4b=0.866
  [crop+DT] set 17: base=0.938 shap3=0.921 s4b=0.926
  [crop+DT] set 18: base=0.920 shap3=0.899 s4b=0.899
  [crop+DT] set 19: base=0.902 shap3=0.954 s4b=0.872
### crop+DT: base=0.9108 shap3=0.9196 s4b=0.9090 | MEAN gap s4b-base=-0.0018 (OLD max gap=+0.0038)
<IPython.core.display.HTML object>
  [breast+RF] set 0: base=0.938 shap3=0.955 s4b=0.993
  [breast+RF] set 1: base=0.972 shap3=0.961 s4b=0.960
  [breast+RF] set 2: base=0.920 shap3=0.971 s4b=0.955
  [breast+RF] set 3: base=0.978 shap3=0.948 s4b=0.947
  [breast+RF] set 4: base=0.984 shap3=0.989 s4b=0.980
  [breast+RF] set 5: base=0.992 shap3=0.995 s4b=0.987
  [breast+RF] set 6: base=0.968 shap3=0.946 s4b=0.946
  [breast+RF] set 7: base=0.905 shap3=0.938 s4b=0.934
  [breast+RF] set 8: base=0.987 shap3=0.951 s4b=0.954
  [breast+RF] set 9: base=0.948 shap3=0.973 s4b=0.931
  [breast+RF] set 10: base=0.975 shap3=0.985 s4b=0.921
  [breast+RF] set 11: base=0.967 shap3=0.989 s4b=0.958
  [breast+RF] set 12: base=0.941 shap3=0.951 s4b=0.956
  [breast+RF] set 13: base=0.976 shap3=0.988 s4b=0.975
  [breast+RF] set 14: base=0.944 shap3=0.959 s4b=0.962
  [breast+RF] set 15: base=0.939 shap3=0.980 s4b=0.984
  [breast+RF] set 16: base=0.966 shap3=0.939 s4b=0.931
  [breast+RF] set 17: base=0.951 shap3=0.955 s4b=0.974
  [breast+RF] set 18: base=0.914 shap3=0.993 s4b=0.922
  [breast+RF] set 19: base=0.981 shap3=0.980 s4b=0.965
### breast+RF: base=0.9572 shap3=0.9673 s4b=0.9568 | MEAN gap s4b-base=-0.0004 (OLD max gap=+0.0000)
<IPython.core.display.HTML object>
  [mushroom+RF] set 0: base=0.966 shap3=0.959 s4b=0.957
  [mushroom+RF] set 1: base=0.911 shap3=0.931 s4b=0.936
  [mushroom+RF] set 2: base=0.938 shap3=0.952 s4b=0.954
  [mushroom+RF] set 3: base=0.938 shap3=0.930 s4b=0.940
  [mushroom+RF] set 4: base=0.921 shap3=0.914 s4b=0.899
  [mushroom+RF] set 5: base=0.941 shap3=0.958 s4b=0.959
  [mushroom+RF] set 6: base=0.921 shap3=0.940 s4b=0.943
  [mushroom+RF] set 7: base=0.953 shap3=0.955 s4b=0.939
  [mushroom+RF] set 8: base=0.928 shap3=0.916 s4b=0.922
  [mushroom+RF] set 9: base=0.933 shap3=0.926 s4b=0.905
  [mushroom+RF] set 10: base=0.925 shap3=0.940 s4b=0.958
  [mushroom+RF] set 11: base=0.926 shap3=0.921 s4b=0.909
  [mushroom+RF] set 12: base=0.927 shap3=0.958 s4b=0.806
  [mushroom+RF] set 13: base=0.940 shap3=0.948 s4b=0.949
  [mushroom+RF] set 14: base=0.927 shap3=0.931 s4b=0.935
  [mushroom+RF] set 15: base=0.944 shap3=0.921 s4b=0.901
  [mushroom+RF] set 16: base=0.970 shap3=0.946 s4b=0.968
  [mushroom+RF] set 17: base=0.941 shap3=0.951 s4b=0.942
  [mushroom+RF] set 18: base=0.912 shap3=0.955 s4b=0.777
  [mushroom+RF] set 19: base=0.919 shap3=0.915 s4b=0.938
### mushroom+RF: base=0.9340 shap3=0.9382 s4b=0.9219 | MEAN gap s4b-base=-0.0121 (OLD max gap=-0.0112)
<IPython.core.display.HTML object>
  [adult+DT] set 0: base=0.833 shap3=0.846 s4b=0.783
  [adult+DT] set 1: base=0.812 shap3=0.831 s4b=0.784
  [adult+DT] set 2: base=0.855 shap3=0.801 s4b=0.790
  [adult+DT] set 3: base=0.800 shap3=0.825 s4b=0.855
  [adult+DT] set 4: base=0.839 shap3=0.828 s4b=0.828
  [adult+DT] set 5: base=0.840 shap3=0.855 s4b=0.839
  [adult+DT] set 6: base=0.858 shap3=0.827 s4b=0.847
  [adult+DT] set 7: base=0.789 shap3=0.812 s4b=0.846
  [adult+DT] set 8: base=0.825 shap3=0.817 s4b=0.839
  [adult+DT] set 9: base=0.796 shap3=0.808 s4b=0.789
  [adult+DT] set 10: base=0.828 shap3=0.757 s4b=0.802
  [adult+DT] set 11: base=0.812 shap3=0.824 s4b=0.819
  [adult+DT] set 12: base=0.850 shap3=0.733 s4b=0.750
  [adult+DT] set 13: base=0.854 shap3=0.769 s4b=0.795
  [adult+DT] set 14: base=0.818 shap3=0.785 s4b=0.810
  [adult+DT] set 15: base=0.781 shap3=0.787 s4b=0.775
  [adult+DT] set 16: base=0.764 shap3=0.793 s4b=0.784
  [adult+DT] set 17: base=0.814 shap3=0.739 s4b=0.863
  [adult+DT] set 18: base=0.806 shap3=0.780 s4b=0.839
  [adult+DT] set 19: base=0.801 shap3=0.830 s4b=0.784
### adult+DT: base=0.8189 shap3=0.8023 s4b=0.8111 | MEAN gap s4b-base=-0.0078 (OLD max gap=-0.0083)
<IPython.core.display.HTML object>
  [crop+RF] set 0: base=0.969 shap3=0.967 s4b=0.963
  [crop+RF] set 1: base=0.993 shap3=0.987 s4b=0.973
  [crop+RF] set 2: base=0.949 shap3=0.948 s4b=0.951
  [crop+RF] set 3: base=0.962 shap3=0.979 s4b=0.926
  [crop+RF] set 4: base=0.956 shap3=0.977 s4b=0.967
  [crop+RF] set 5: base=0.975 shap3=0.971 s4b=0.967
  [crop+RF] set 6: base=0.969 shap3=0.968 s4b=0.949
  [crop+RF] set 7: base=0.942 shap3=0.962 s4b=0.968
  [crop+RF] set 8: base=0.971 shap3=0.980 s4b=0.985
  [crop+RF] set 9: base=0.959 shap3=0.974 s4b=0.964
  [crop+RF] set 10: base=0.984 shap3=0.992 s4b=0.974
  [crop+RF] set 11: base=0.969 shap3=0.963 s4b=0.943
  [crop+RF] set 12: base=0.960 shap3=0.951 s4b=0.958
  [crop+RF] set 13: base=0.969 shap3=0.971 s4b=0.975
  [crop+RF] set 14: base=0.967 shap3=0.953 s4b=0.970
  [crop+RF] set 15: base=0.971 shap3=0.979 s4b=0.965
  [crop+RF] set 16: base=0.971 shap3=0.983 s4b=0.960
  [crop+RF] set 17: base=0.963 shap3=0.975 s4b=0.961
  [crop+RF] set 18: base=0.964 shap3=0.982 s4b=0.963
  [crop+RF] set 19: base=0.951 shap3=0.973 s4b=0.959
### crop+RF: base=0.9656 shap3=0.9716 s4b=0.9621 | MEAN gap s4b-base=-0.0035 (OLD max gap=-0.0017)
<IPython.core.display.HTML object>
  [breast+DT] set 0: base=0.965 shap3=0.976 s4b=0.953
  [breast+DT] set 1: base=0.941 shap3=1.000 s4b=0.976
  [breast+DT] set 2: base=1.000 shap3=0.948 s4b=0.988
  [breast+DT] set 3: base=0.916 shap3=0.965 s4b=0.952
  [breast+DT] set 4: base=0.935 shap3=0.987 s4b=0.986
  [breast+DT] set 5: base=0.965 shap3=1.000 s4b=0.994
  [breast+DT] set 6: base=0.988 shap3=1.000 s4b=1.000
  [breast+DT] set 7: base=1.000 shap3=0.950 s4b=0.995
  [breast+DT] set 8: base=0.906 shap3=0.973 s4b=0.967
  [breast+DT] set 9: base=0.959 shap3=0.965 s4b=1.000
  [breast+DT] set 10: base=0.988 shap3=1.000 s4b=0.965
  [breast+DT] set 11: base=0.938 shap3=1.000 s4b=1.000
  [breast+DT] set 12: base=0.975 shap3=0.929 s4b=0.988
  [breast+DT] set 13: base=0.988 shap3=0.982 s4b=0.960
  [breast+DT] set 14: base=0.998 shap3=0.988 s4b=1.000
  [breast+DT] set 15: base=0.976 shap3=0.999 s4b=1.000
  [breast+DT] set 16: base=1.000 shap3=0.991 s4b=0.991
  [breast+DT] set 17: base=0.997 shap3=0.965 s4b=1.000
  [breast+DT] set 18: base=0.944 shap3=0.953 s4b=0.982
  [breast+DT] set 19: base=0.918 shap3=1.000 s4b=0.950
### breast+DT: base=0.9648 shap3=0.9786 s4b=0.9824 | MEAN gap s4b-base=+0.0176 (OLD max gap=+0.0194)
<IPython.core.display.HTML object>
  [mushroom+DT] set 0: base=0.894 shap3=0.946 s4b=0.950
  [mushroom+DT] set 1: base=0.906 shap3=0.934 s4b=0.956
  [mushroom+DT] set 2: base=0.959 shap3=0.890 s4b=0.943
  [mushroom+DT] set 3: base=0.865 shap3=0.946 s4b=0.976
  [mushroom+DT] set 4: base=0.972 shap3=0.930 s4b=0.751
  [mushroom+DT] set 5: base=0.945 shap3=0.831 s4b=0.929
  [mushroom+DT] set 6: base=0.905 shap3=0.922 s4b=0.952
  [mushroom+DT] set 7: base=0.904 shap3=0.885 s4b=0.917
  [mushroom+DT] set 8: base=0.750 shap3=0.756 s4b=0.951
  [mushroom+DT] set 9: base=0.908 shap3=0.893 s4b=0.824
  [mushroom+DT] set 10: base=0.910 shap3=0.934 s4b=0.889
  [mushroom+DT] set 11: base=0.939 shap3=0.986 s4b=0.948
  [mushroom+DT] set 12: base=0.871 shap3=0.901 s4b=0.914
  [mushroom+DT] set 13: base=0.958 shap3=0.908 s4b=0.905
  [mushroom+DT] set 14: base=0.878 shap3=0.878 s4b=0.807
  [mushroom+DT] set 15: base=0.932 shap3=0.949 s4b=0.915
  [mushroom+DT] set 16: base=0.924 shap3=0.918 s4b=0.902
  [mushroom+DT] set 17: base=0.925 shap3=0.915 s4b=0.969
  [mushroom+DT] set 18: base=0.956 shap3=0.955 s4b=0.902
  [mushroom+DT] set 19: base=0.955 shap3=0.923 s4b=0.909
### mushroom+DT: base=0.9128 shap3=0.9100 s4b=0.9103 | MEAN gap s4b-base=-0.0025 (OLD max gap=-0.0018)

=== RE-EVAL: fixed MEAN metric vs old leaky MAX metric (Q=500, 20 sets) ===
data     mdl     base   shap3     s4b  s4b-base(mean) s4b-base(OLDmax)  s4b-shap3
---------------------------------------------------------------------------------
adult    RF    0.8992  0.8964  0.9127         +0.0135          +0.0111    +0.0163
crop     DT    0.9108  0.9196  0.9090         -0.0018          +0.0038    -0.0106
breast   RF    0.9572  0.9673  0.9568         -0.0004          +0.0000    -0.0105
mushroom RF    0.9340  0.9382  0.9219         -0.0121          -0.0112    -0.0163
adult    DT    0.8189  0.8023  0.8111         -0.0078          -0.0083    +0.0088
crop     RF    0.9656  0.9716  0.9621         -0.0035          -0.0017    -0.0095
breast   DT    0.9648  0.9786  0.9824         +0.0176          +0.0194    +0.0038
mushroom DT    0.9128  0.9100  0.9103         -0.0025          -0.0018    +0.0003
done
