Dataset name in traverse_explanations_LIME3: nursery
1 2 3 4 5 6 7 8 9   split 0 done (42.4s)
Dataset name in traverse_explanations_LIME3: nursery
1 2 3 4 5 6 7 8 9   split 1 done (77.7s)
Dataset name in traverse_explanations_LIME3: nursery
1 2 3 4 5 6 7 8 9   split 2 done (113.2s)
Dataset name in traverse_explanations_LIME3: nursery
1 2 3 4 5 6 7 8 9   split 3 done (148.7s)
Dataset name in traverse_explanations_LIME3: nursery
1 2 3 4 5 6 7 8 9   split 4 done (183.6s)
Dataset name in traverse_explanations_LIME3: nursery
1 2 3 4 5 6 7 8 9   split 5 done (218.6s)
Dataset name in traverse_explanations_LIME3: nursery
1 2 3 4 5 6 7 8 9   split 6 done (254.6s)
Dataset name in traverse_explanations_LIME3: nursery
1 2 3 4 5 6 7 8 9   split 7 done (289.6s)
Dataset name in traverse_explanations_LIME3: nursery
1 2 3 4 5 6 7 8 9   split 8 done (326.0s)
Dataset name in traverse_explanations_LIME3: nursery
1 2 3 4 5 6 7 8 9   split 9 done (361.2s)
ROW nursery RF | C4 -0.021 (p=0.020) | C5 -0.0199 (p=0.105)
