Dataset name in traverse_explanations_LIME3: adult
1 2 3 4 5 6 7 8 9   split 0 done (52.1s)
Dataset name in traverse_explanations_LIME3: adult
1 2 3 4 5 6 7 8 9   split 1 done (98.7s)
Dataset name in traverse_explanations_LIME3: adult
1 2 3 4 5 6 7 8 9   split 2 done (147.7s)
Dataset name in traverse_explanations_LIME3: adult
1 2 3 4 5 6 7 8 9   split 3 done (194.5s)
Dataset name in traverse_explanations_LIME3: adult
1 2 3 4 5 6 7 8 9   split 4 done (241.0s)
Dataset name in traverse_explanations_LIME3: adult
1 2 3 4 5 6 7 8 9   split 5 done (287.2s)
Dataset name in traverse_explanations_LIME3: adult
1 2 3 4 5 6 7 8 9 10   split 6 done (332.3s)
Dataset name in traverse_explanations_LIME3: adult
1 2 3 4 5 6 7 8 9   split 7 done (377.3s)
Dataset name in traverse_explanations_LIME3: adult
1 2 3 4 5 6 7 8 9   split 8 done (419.6s)
Dataset name in traverse_explanations_LIME3: adult
1 2 3 4 5 6 7 8 9 10   split 9 done (464.9s)
ROW adult RF | C4 0.0777 (p=0.002) | C5 0.0412 (p=0.037)
