Dataset name in traverse_explanations_LIME3: mushroom
1 2 3 4 5 6 7 8 9   split 0 done (57.2s)
Dataset name in traverse_explanations_LIME3: mushroom
1 2 3 4 5 6 7 8 9   split 1 done (110.2s)
Dataset name in traverse_explanations_LIME3: mushroom
1 2 3 4 5 6 7 8 9   split 2 done (165.4s)
Dataset name in traverse_explanations_LIME3: mushroom
1 2 3 4 5 6 7 8 9   split 3 done (219.3s)
Dataset name in traverse_explanations_LIME3: mushroom
1 2 3 4 5 6 7 8 9   split 4 done (271.9s)
Dataset name in traverse_explanations_LIME3: mushroom
1 2 3 4 5 6 7 8 9   split 5 done (324.4s)
Dataset name in traverse_explanations_LIME3: mushroom
1 2 3 4 5 6 7 8 9   split 6 done (375.3s)
Dataset name in traverse_explanations_LIME3: mushroom
1 2 3 4 5 6 7 8 9   split 7 done (422.8s)
Dataset name in traverse_explanations_LIME3: mushroom
1 2 3 4 5 6 7 8 9   split 8 done (470.5s)
Dataset name in traverse_explanations_LIME3: mushroom
1 2 3 4 5 6 7 8 9   split 9 done (513.0s)
ROW mushroom RF | C4 -0.0497 (p=0.131) | C5 0.016 (p=0.770)
