Dataset name in traverse_explanations_LIME3: crop
1 2 3 4 5 6 7 8 9   split 0 done (66.4s)
Dataset name in traverse_explanations_LIME3: crop
1 2 3 4 5 6 7 8 9   split 1 done (129.7s)
Dataset name in traverse_explanations_LIME3: crop
1 2 3 4 5 6 7 8 9   split 2 done (190.8s)
Dataset name in traverse_explanations_LIME3: crop
1 2 3 4 5 6 7 8 9   split 3 done (249.1s)
Dataset name in traverse_explanations_LIME3: crop
1 2 3 4 5 6 7 8 9   split 4 done (309.3s)
Dataset name in traverse_explanations_LIME3: crop
1 2 3 4 5 6 7 8 9   split 5 done (369.4s)
Dataset name in traverse_explanations_LIME3: crop
1 2 3 4 5 6 7 8 9   split 6 done (423.2s)
Dataset name in traverse_explanations_LIME3: crop
1 2 3 4 5 6 7 8 9   split 7 done (476.9s)
Dataset name in traverse_explanations_LIME3: crop
1 2 3 4 5 6 7 8 9   split 8 done (527.3s)
Dataset name in traverse_explanations_LIME3: crop
1 2 3 4 5 6 7 8 9   split 9 done (578.0s)
ROW crop RF | C4 0.0918 (p=0.002) | C5 0.053 (p=0.002)
