Dataset name in traverse_explanations_LIME3: pendigits
1 2 3 4 5 6 7 8 9   split 0 done (73.8s)
Dataset name in traverse_explanations_LIME3: pendigits
1 2 3 4 5 6 7 8 9   split 1 done (143.1s)
Dataset name in traverse_explanations_LIME3: pendigits
1 2 3 4 5 6 7 8 9   split 2 done (210.2s)
Dataset name in traverse_explanations_LIME3: pendigits
1 2 3 4 5 6 7 8 9   split 3 done (276.9s)
Dataset name in traverse_explanations_LIME3: pendigits
1 2 3 4 5 6 7 8 9   split 4 done (343.4s)
Dataset name in traverse_explanations_LIME3: pendigits
1 2 3 4 5 6 7 8 9   split 5 done (405.3s)
Dataset name in traverse_explanations_LIME3: pendigits
1 2 3 4 5 6 7 8 9   split 6 done (465.5s)
Dataset name in traverse_explanations_LIME3: pendigits
1 2 3 4 5 6 7 8 9   split 7 done (520.9s)
Dataset name in traverse_explanations_LIME3: pendigits
1 2 3 4 5 6 7 8 9   split 8 done (576.8s)
Dataset name in traverse_explanations_LIME3: pendigits
1 2 3 4 5 6 7 8 9   split 9 done (632.3s)
ROW pendigits RF | C4 0.2362 (p=0.002) | C5 0.1671 (p=0.002)
