Dataset name in traverse_explanations_LIME3: crop
Dataset name in traverse_explanations_LIME3: crop
1 Dataset name in traverse_explanations_LIME3: crop
1 2 3 4 Dataset name in traverse_explanations_LIME3: crop
1 2 3 4 5 6 7 8 9   split 0 done (347.1s)
Dataset name in traverse_explanations_LIME3: crop
Dataset name in traverse_explanations_LIME3: crop
1 Dataset name in traverse_explanations_LIME3: crop
1 2 3 4 Dataset name in traverse_explanations_LIME3: crop
1 2 3 4 5 6 7 8 9   split 1 done (668.7s)
Dataset name in traverse_explanations_LIME3: crop
Dataset name in traverse_explanations_LIME3: crop
1 Dataset name in traverse_explanations_LIME3: crop
1 2 3 4 Dataset name in traverse_explanations_LIME3: crop
1 2 3 4 5 6 7 8 9   split 2 done (976.5s)
Dataset name in traverse_explanations_LIME3: crop
Dataset name in traverse_explanations_LIME3: crop
1 Dataset name in traverse_explanations_LIME3: crop
1 2 3 4 Dataset name in traverse_explanations_LIME3: crop
1 2 3 4 5 6 7 8 9   split 3 done (1284.4s)
Dataset name in traverse_explanations_LIME3: crop
Dataset name in traverse_explanations_LIME3: crop
1 Dataset name in traverse_explanations_LIME3: crop
1 2 3 4 Dataset name in traverse_explanations_LIME3: crop
1 2 3 4 5 6 7 8 9   split 4 done (1606.2s)
Dataset name in traverse_explanations_LIME3: crop
Dataset name in traverse_explanations_LIME3: crop
1 Dataset name in traverse_explanations_LIME3: crop
1 2 3 4 Dataset name in traverse_explanations_LIME3: crop
1 2 3 4 5 6 7 8 9   split 5 done (1916.6s)
Dataset name in traverse_explanations_LIME3: crop
Dataset name in traverse_explanations_LIME3: crop
1 Dataset name in traverse_explanations_LIME3: crop
1 2 3 4 Dataset name in traverse_explanations_LIME3: crop
1 2 3 4 5 6 7 8 9   split 6 done (2224.7s)
Dataset name in traverse_explanations_LIME3: crop
Dataset name in traverse_explanations_LIME3: crop
1 Dataset name in traverse_explanations_LIME3: crop
1 2 3 4 Dataset name in traverse_explanations_LIME3: crop
1 2 3 4 5 6 7 8 9   split 7 done (2476.8s)
Dataset name in traverse_explanations_LIME3: crop
Dataset name in traverse_explanations_LIME3: crop
1 Dataset name in traverse_explanations_LIME3: crop
1 2 3 4 Dataset name in traverse_explanations_LIME3: crop
1 2 3 4 5 6 7 8 9   split 8 done (2699.0s)
Dataset name in traverse_explanations_LIME3: crop
Dataset name in traverse_explanations_LIME3: crop
1 Dataset name in traverse_explanations_LIME3: crop
1 2 3 4 Dataset name in traverse_explanations_LIME3: crop
1 2 3 4 5 6 7 8 9   split 9 done (2923.2s)
ROW crop rf | defense gap [10.93, 13.41, 15.8, 22.67] | ody-def [7.33, 20.03, 23.75, 31.86]
