Dataset name in traverse_explanations_LIME3: nursery
Dataset name in traverse_explanations_LIME3: nursery
1 Dataset name in traverse_explanations_LIME3: nursery
1 2 3 4 Dataset name in traverse_explanations_LIME3: nursery
1 2 3 4 5 6 7 8 9   split 0 done (368.0s)
Dataset name in traverse_explanations_LIME3: nursery
Dataset name in traverse_explanations_LIME3: nursery
1 Dataset name in traverse_explanations_LIME3: nursery
1 2 3 4 Dataset name in traverse_explanations_LIME3: nursery
1 2 3 4 5 6 7 8 9   split 1 done (698.2s)
Dataset name in traverse_explanations_LIME3: nursery
Dataset name in traverse_explanations_LIME3: nursery
1 Dataset name in traverse_explanations_LIME3: nursery
1 2 3 4 Dataset name in traverse_explanations_LIME3: nursery
1 2 3 4 5 6 7 8 9   split 2 done (1014.7s)
Dataset name in traverse_explanations_LIME3: nursery
Dataset name in traverse_explanations_LIME3: nursery
1 Dataset name in traverse_explanations_LIME3: nursery
1 2 3 4 Dataset name in traverse_explanations_LIME3: nursery
1 2 3 4 5 6 7 8 9   split 3 done (1332.0s)
Dataset name in traverse_explanations_LIME3: nursery
Dataset name in traverse_explanations_LIME3: nursery
1 Dataset name in traverse_explanations_LIME3: nursery
1 2 3 4 Dataset name in traverse_explanations_LIME3: nursery
1 2 3 4 5 6 7 8 9   split 4 done (1669.4s)
Dataset name in traverse_explanations_LIME3: nursery
Dataset name in traverse_explanations_LIME3: nursery
1 Dataset name in traverse_explanations_LIME3: nursery
1 2 3 4 Dataset name in traverse_explanations_LIME3: nursery
1 2 3 4 5 6 7 8 9   split 5 done (1994.3s)
Dataset name in traverse_explanations_LIME3: nursery
Dataset name in traverse_explanations_LIME3: nursery
1 Dataset name in traverse_explanations_LIME3: nursery
1 2 3 4 Dataset name in traverse_explanations_LIME3: nursery
1 2 3 4 5 6 7 8 9   split 6 done (2298.6s)
Dataset name in traverse_explanations_LIME3: nursery
Dataset name in traverse_explanations_LIME3: nursery
1 Dataset name in traverse_explanations_LIME3: nursery
1 2 3 4 Dataset name in traverse_explanations_LIME3: nursery
1 2 3 4 5 6 7 8 9   split 7 done (2553.3s)
Dataset name in traverse_explanations_LIME3: nursery
Dataset name in traverse_explanations_LIME3: nursery
1 Dataset name in traverse_explanations_LIME3: nursery
1 2 3 4 Dataset name in traverse_explanations_LIME3: nursery
1 2 3 4 5 6 7 8 9   split 8 done (2795.3s)
Dataset name in traverse_explanations_LIME3: nursery
Dataset name in traverse_explanations_LIME3: nursery
1 Dataset name in traverse_explanations_LIME3: nursery
1 2 3 4 Dataset name in traverse_explanations_LIME3: nursery
1 2 3 4 5 6 7 8 9   split 9 done (3031.2s)
ROW nursery rf | defense gap [1.66, 3.09, 1.08, 0.47] | ody-def [-4.02, -2.63, -2.08, -1.63]
