Dataset name in traverse_explanations_LIME3: mushroom
Dataset name in traverse_explanations_LIME3: mushroom
1 Dataset name in traverse_explanations_LIME3: mushroom
1 2 3 4 Dataset name in traverse_explanations_LIME3: mushroom
1 2 3 4 5 6 7 8 9   split 0 done (284.8s)
Dataset name in traverse_explanations_LIME3: mushroom
Dataset name in traverse_explanations_LIME3: mushroom
1 Dataset name in traverse_explanations_LIME3: mushroom
1 2 3 4 Dataset name in traverse_explanations_LIME3: mushroom
1 2 3 4 5 6 7 8 9   split 1 done (565.3s)
Dataset name in traverse_explanations_LIME3: mushroom
Dataset name in traverse_explanations_LIME3: mushroom
1 Dataset name in traverse_explanations_LIME3: mushroom
1 2 3 4 Dataset name in traverse_explanations_LIME3: mushroom
1 2 3 4 5 6 7 8 9   split 2 done (789.1s)
Dataset name in traverse_explanations_LIME3: mushroom
Dataset name in traverse_explanations_LIME3: mushroom
1 Dataset name in traverse_explanations_LIME3: mushroom
1 2 3 4 Dataset name in traverse_explanations_LIME3: mushroom
1 2 3 4 5 6 7 8 9   split 3 done (1044.1s)
Dataset name in traverse_explanations_LIME3: mushroom
Dataset name in traverse_explanations_LIME3: mushroom
1 Dataset name in traverse_explanations_LIME3: mushroom
1 2 3 4 Dataset name in traverse_explanations_LIME3: mushroom
1 2 3 4 5 6 7 8 9   split 4 done (1298.1s)
Dataset name in traverse_explanations_LIME3: mushroom
Dataset name in traverse_explanations_LIME3: mushroom
1 Dataset name in traverse_explanations_LIME3: mushroom
1 2 3 4 Dataset name in traverse_explanations_LIME3: mushroom
1 2 3 4 5 6 7 8 9   split 5 done (1539.2s)
Dataset name in traverse_explanations_LIME3: mushroom
Dataset name in traverse_explanations_LIME3: mushroom
1 Dataset name in traverse_explanations_LIME3: mushroom
1 2 3 4 Dataset name in traverse_explanations_LIME3: mushroom
1 2 3 4 5 6 7 8 9   split 6 done (1771.9s)
Dataset name in traverse_explanations_LIME3: mushroom
Dataset name in traverse_explanations_LIME3: mushroom
1 Dataset name in traverse_explanations_LIME3: mushroom
1 2 3 4 Dataset name in traverse_explanations_LIME3: mushroom
1 2 3 4 5 6 7 8 9   split 7 done (2056.5s)
Dataset name in traverse_explanations_LIME3: mushroom
Dataset name in traverse_explanations_LIME3: mushroom
1 Dataset name in traverse_explanations_LIME3: mushroom
1 2 3 4 Dataset name in traverse_explanations_LIME3: mushroom
1 2 3 4 5 6 7 8 9   split 8 done (2263.1s)
Dataset name in traverse_explanations_LIME3: mushroom
Dataset name in traverse_explanations_LIME3: mushroom
1 Dataset name in traverse_explanations_LIME3: mushroom
1 2 3 4 Dataset name in traverse_explanations_LIME3: mushroom
1 2 3 4 5 6 7 8 9   split 9 done (2467.2s)
ROW mushroom rf | defense gap [4.33, 3.71, 0.75, -0.77] | ody-def [7.73, 2.34, -2.78, -5.74]
