Dataset name in traverse_explanations_LIME3: adult
Dataset name in traverse_explanations_LIME3: adult
1 Dataset name in traverse_explanations_LIME3: adult
1 2 3 4 Dataset name in traverse_explanations_LIME3: adult
1 2 3 4 5 6 7 8 9   split 0 done (280.6s)
Dataset name in traverse_explanations_LIME3: adult
Dataset name in traverse_explanations_LIME3: adult
1 Dataset name in traverse_explanations_LIME3: adult
1 2 3 4 Dataset name in traverse_explanations_LIME3: adult
1 2 3 4 5 6 7 8 9   split 1 done (570.4s)
Dataset name in traverse_explanations_LIME3: adult
Dataset name in traverse_explanations_LIME3: adult
1 Dataset name in traverse_explanations_LIME3: adult
1 2 3 4 Dataset name in traverse_explanations_LIME3: adult
1 2 3 4 5 6 7 8 9   split 2 done (809.9s)
Dataset name in traverse_explanations_LIME3: adult
Dataset name in traverse_explanations_LIME3: adult
1 Dataset name in traverse_explanations_LIME3: adult
1 2 3 4 Dataset name in traverse_explanations_LIME3: adult
1 2 3 4 5 6 7 8 9   split 3 done (1047.7s)
Dataset name in traverse_explanations_LIME3: adult
Dataset name in traverse_explanations_LIME3: adult
1 Dataset name in traverse_explanations_LIME3: adult
1 2 3 4 Dataset name in traverse_explanations_LIME3: adult
1 2 3 4 5 6 7 8 9   split 4 done (1308.1s)
Dataset name in traverse_explanations_LIME3: adult
Dataset name in traverse_explanations_LIME3: adult
1 Dataset name in traverse_explanations_LIME3: adult
1 2 3 4 Dataset name in traverse_explanations_LIME3: adult
1 2 3 4 5 6 7 8 9   split 5 done (1565.0s)
Dataset name in traverse_explanations_LIME3: adult
1 Dataset name in traverse_explanations_LIME3: adult
1 2 Dataset name in traverse_explanations_LIME3: adult
1 2 3 4 5 Dataset name in traverse_explanations_LIME3: adult
1 2 3 4 5 6 7 8 9 10   split 6 done (1796.5s)
Dataset name in traverse_explanations_LIME3: adult
Dataset name in traverse_explanations_LIME3: adult
1 Dataset name in traverse_explanations_LIME3: adult
1 2 3 4 Dataset name in traverse_explanations_LIME3: adult
1 2 3 4 5 6 7 8 9   split 7 done (2033.1s)
Dataset name in traverse_explanations_LIME3: adult
Dataset name in traverse_explanations_LIME3: adult
1 Dataset name in traverse_explanations_LIME3: adult
1 2 3 4 Dataset name in traverse_explanations_LIME3: adult
1 2 3 4 5 6 7 8 9   split 8 done (2245.4s)
Dataset name in traverse_explanations_LIME3: adult
1 Dataset name in traverse_explanations_LIME3: adult
1 2 Dataset name in traverse_explanations_LIME3: adult
1 2 3 4 5 Dataset name in traverse_explanations_LIME3: adult
1 2 3 4 5 6 7 8 9 10   split 9 done (2437.7s)
ROW adult rf | defense gap [3.5, 2.99, 2.48, 0.85] | ody-def [7.53, 8.59, 9.75, 8.62]
