Dataset name in traverse_explanations_LIME3: pendigits
Dataset name in traverse_explanations_LIME3: pendigits
1 Dataset name in traverse_explanations_LIME3: pendigits
1 2 3 4 Dataset name in traverse_explanations_LIME3: pendigits
1 2 3 4 5 6 7 8 9   split 0 done (428.6s)
Dataset name in traverse_explanations_LIME3: pendigits
Dataset name in traverse_explanations_LIME3: pendigits
1 Dataset name in traverse_explanations_LIME3: pendigits
1 2 3 4 Dataset name in traverse_explanations_LIME3: pendigits
1 2 3 4 5 6 7 8 9   split 1 done (806.7s)
Dataset name in traverse_explanations_LIME3: pendigits
Dataset name in traverse_explanations_LIME3: pendigits
1 Dataset name in traverse_explanations_LIME3: pendigits
1 2 3 4 Dataset name in traverse_explanations_LIME3: pendigits
1 2 3 4 5 6 7 8 9   split 2 done (1180.1s)
Dataset name in traverse_explanations_LIME3: pendigits
Dataset name in traverse_explanations_LIME3: pendigits
1 Dataset name in traverse_explanations_LIME3: pendigits
1 2 3 4 Dataset name in traverse_explanations_LIME3: pendigits
1 2 3 4 5 6 7 8 9   split 3 done (1568.4s)
Dataset name in traverse_explanations_LIME3: pendigits
Dataset name in traverse_explanations_LIME3: pendigits
1 Dataset name in traverse_explanations_LIME3: pendigits
1 2 3 4 Dataset name in traverse_explanations_LIME3: pendigits
1 2 3 4 5 6 7 8 9   split 4 done (1941.8s)
Dataset name in traverse_explanations_LIME3: pendigits
Dataset name in traverse_explanations_LIME3: pendigits
1 Dataset name in traverse_explanations_LIME3: pendigits
1 2 3 4 Dataset name in traverse_explanations_LIME3: pendigits
1 2 3 4 5 6 7 8 9   split 5 done (2299.8s)
Dataset name in traverse_explanations_LIME3: pendigits
Dataset name in traverse_explanations_LIME3: pendigits
1 Dataset name in traverse_explanations_LIME3: pendigits
1 2 3 4 Dataset name in traverse_explanations_LIME3: pendigits
1 2 3 4 5 6 7 8 9   split 6 done (2590.2s)
Dataset name in traverse_explanations_LIME3: pendigits
Dataset name in traverse_explanations_LIME3: pendigits
1 Dataset name in traverse_explanations_LIME3: pendigits
1 2 3 4 Dataset name in traverse_explanations_LIME3: pendigits
1 2 3 4 5 6 7 8 9   split 7 done (2867.4s)
Dataset name in traverse_explanations_LIME3: pendigits
Dataset name in traverse_explanations_LIME3: pendigits
1 Dataset name in traverse_explanations_LIME3: pendigits
1 2 3 4 Dataset name in traverse_explanations_LIME3: pendigits
1 2 3 4 5 6 7 8 9   split 8 done (3128.7s)
Dataset name in traverse_explanations_LIME3: pendigits
Dataset name in traverse_explanations_LIME3: pendigits
1 Dataset name in traverse_explanations_LIME3: pendigits
1 2 3 4 Dataset name in traverse_explanations_LIME3: pendigits
1 2 3 4 5 6 7 8 9   split 9 done (3386.6s)
ROW pendigits rf | defense gap [-0.93, -2.9, -0.63, 0.71] | ody-def [3.5, 10.39, 16.74, 22.86]
