<IPython.core.display.HTML object>
    [adult/lr] arm  random done in 1s
    [adult/lr] arm   input done in 1s
    [adult/lr] arm    shap done in 1s
    [adult/lr] arm    both done in 1s

=== adult / lr ===   (elapsed 8s)
     Q   random    input     shap     both  | shap-input  both-input  input-rand
   100    0.845    0.808    0.889    0.863  |   +0.082     +0.056     -0.037
   200    0.834    0.866    0.869    0.842  |   +0.002     -0.025     +0.032
   300    0.839    0.841    0.842    0.823  |   +0.001     -0.018     +0.003
<IPython.core.display.HTML object>
    [adult/dt] arm  random done in 0s
    [adult/dt] arm   input done in 0s
    [adult/dt] arm    shap done in 0s
    [adult/dt] arm    both done in 0s

=== adult / dt ===   (elapsed 9s)
     Q   random    input     shap     both  | shap-input  both-input  input-rand
   100    0.695    0.747    0.742    0.765  |   -0.005     +0.018     +0.052
   200    0.728    0.765    0.759    0.720  |   -0.006     -0.045     +0.037
   300    0.721    0.758    0.761    0.770  |   +0.003     +0.012     +0.037
<IPython.core.display.HTML object>
    [adult/knn] arm  random done in 1s
    [adult/knn] arm   input done in 1s
    [adult/knn] arm    shap done in 2s
    [adult/knn] arm    both done in 2s

=== adult / knn ===   (elapsed 15s)
     Q   random    input     shap     both  | shap-input  both-input  input-rand
   100    0.798    0.827    0.814    0.834  |   -0.013     +0.007     +0.029
   200    0.787    0.846    0.828    0.822  |   -0.018     -0.024     +0.059
   300    0.802    0.846    0.835    0.824  |   -0.011     -0.022     +0.044
<IPython.core.display.HTML object>
    [adult/rdf] arm  random done in 2s
    [adult/rdf] arm   input done in 2s
    [adult/rdf] arm    shap done in 14s
    [adult/rdf] arm    both done in 13s

=== adult / rdf ===   (elapsed 47s)
     Q   random    input     shap     both  | shap-input  both-input  input-rand
   100    0.852    0.811    0.826    0.830  |   +0.015     +0.019     -0.040
   200    0.854    0.831    0.848    0.855  |   +0.017     +0.024     -0.022
   300    0.856    0.840    0.844    0.852  |   +0.003     +0.012     -0.015
<IPython.core.display.HTML object>
    [breast/lr] arm  random done in 1s
    [breast/lr] arm   input done in 1s
    [breast/lr] arm    shap done in 3s
    [breast/lr] arm    both done in 3s

=== breast / lr ===   (elapsed 54s)
     Q   random    input     shap     both  | shap-input  both-input  input-rand
   100    0.921    0.915    0.879    0.874  |   -0.035     -0.041     -0.006
   200    0.829    0.859    0.838    0.806  |   -0.021     -0.053     +0.029
   300    0.829    0.859    0.803    0.771  |   -0.056     -0.088     +0.029
<IPython.core.display.HTML object>
    [breast/dt] arm  random done in 0s
    [breast/dt] arm   input done in 0s
    [breast/dt] arm    shap done in 0s
    [breast/dt] arm    both done in 0s

=== breast / dt ===   (elapsed 55s)
     Q   random    input     shap     both  | shap-input  both-input  input-rand
   100    0.824    0.787    0.884    0.828  |   +0.097     +0.041     -0.037
   200    0.849    0.835    0.859    0.879  |   +0.024     +0.044     -0.013
   300    0.835    0.832    0.832    0.865  |   +0.000     +0.032     -0.003
<IPython.core.display.HTML object>
    [breast/knn] arm  random done in 0s
    [breast/knn] arm   input done in 0s
    [breast/knn] arm    shap done in 22s
    [breast/knn] arm    both done in 21s

=== breast / knn ===   (elapsed 98s)
     Q   random    input     shap     both  | shap-input  both-input  input-rand
   100    0.882    0.874    0.874    0.882  |   -0.000     +0.009     -0.009
   200    0.885    0.876    0.879    0.885  |   +0.003     +0.009     -0.009
   300    0.891    0.885    0.882    0.885  |   -0.003     -0.000     -0.006
<IPython.core.display.HTML object>
    [breast/rdf] arm  random done in 1s
    [breast/rdf] arm   input done in 1s
    [breast/rdf] arm    shap done in 1s
    [breast/rdf] arm    both done in 2s

=== breast / rdf ===   (elapsed 104s)
     Q   random    input     shap     both  | shap-input  both-input  input-rand
   100    0.918    0.925    0.928    0.928  |   +0.003     +0.003     +0.007
   200    0.925    0.921    0.946    0.956  |   +0.025     +0.035     -0.004
   300    0.918    0.940    0.949    0.951  |   +0.009     +0.012     +0.022

wrote shap_diverse_rounds.json  (total 104s)
