
### adult+RF (30 sets) ###
<IPython.core.display.HTML object>
  [adult+RF] set 0: baseline=0.858 shap3=0.862 shap4b=0.876 shap4b_nodiv=0.873 scaffold=0.887
  [adult+RF] set 1: baseline=0.918 shap3=0.880 shap4b=0.860 shap4b_nodiv=0.885 scaffold=0.907
  [adult+RF] set 2: baseline=0.861 shap3=0.877 shap4b=0.924 shap4b_nodiv=0.936 scaffold=0.890
  [adult+RF] set 3: baseline=0.865 shap3=0.864 shap4b=0.907 shap4b_nodiv=0.904 scaffold=0.886
  [adult+RF] set 4: baseline=0.934 shap3=0.915 shap4b=0.917 shap4b_nodiv=0.919 scaffold=0.911
  [adult+RF] set 5: baseline=0.894 shap3=0.913 shap4b=0.928 shap4b_nodiv=0.931 scaffold=0.917
  [adult+RF] set 6: baseline=0.904 shap3=0.906 shap4b=0.917 shap4b_nodiv=0.911 scaffold=0.899
  [adult+RF] set 7: baseline=0.904 shap3=0.894 shap4b=0.921 shap4b_nodiv=0.927 scaffold=0.898
  [adult+RF] set 8: baseline=0.896 shap3=0.920 shap4b=0.916 shap4b_nodiv=0.920 scaffold=0.897
  [adult+RF] set 9: baseline=0.912 shap3=0.816 shap4b=0.923 shap4b_nodiv=0.928 scaffold=0.866
  [adult+RF] set 10: baseline=0.915 shap3=0.928 shap4b=0.876 shap4b_nodiv=0.908 scaffold=0.886
  [adult+RF] set 11: baseline=0.910 shap3=0.900 shap4b=0.930 shap4b_nodiv=0.930 scaffold=0.855
  [adult+RF] set 12: baseline=0.931 shap3=0.930 shap4b=0.924 shap4b_nodiv=0.897 scaffold=0.909
  [adult+RF] set 13: baseline=0.911 shap3=0.930 shap4b=0.916 shap4b_nodiv=0.931 scaffold=0.870
  [adult+RF] set 14: baseline=0.866 shap3=0.900 shap4b=0.935 shap4b_nodiv=0.919 scaffold=0.863
  [adult+RF] set 15: baseline=0.863 shap3=0.851 shap4b=0.932 shap4b_nodiv=0.921 scaffold=0.860
  [adult+RF] set 16: baseline=0.912 shap3=0.915 shap4b=0.922 shap4b_nodiv=0.923 scaffold=0.916
  [adult+RF] set 17: baseline=0.929 shap3=0.934 shap4b=0.908 shap4b_nodiv=0.927 scaffold=0.933
  [adult+RF] set 18: baseline=0.906 shap3=0.925 shap4b=0.916 shap4b_nodiv=0.930 scaffold=0.906
  [adult+RF] set 19: baseline=0.900 shap3=0.921 shap4b=0.919 shap4b_nodiv=0.911 scaffold=0.887
  [adult+RF] set 20: baseline=0.920 shap3=0.898 shap4b=0.902 shap4b_nodiv=0.923 scaffold=0.933
  [adult+RF] set 21: baseline=0.931 shap3=0.928 shap4b=0.936 shap4b_nodiv=0.932 scaffold=0.920
  [adult+RF] set 22: baseline=0.914 shap3=0.924 shap4b=0.934 shap4b_nodiv=0.936 scaffold=0.912
  [adult+RF] set 23: baseline=0.904 shap3=0.889 shap4b=0.921 shap4b_nodiv=0.918 scaffold=0.891
  [adult+RF] set 24: baseline=0.941 shap3=0.923 shap4b=0.927 shap4b_nodiv=0.914 scaffold=0.937
  [adult+RF] set 25: baseline=0.878 shap3=0.905 shap4b=0.932 shap4b_nodiv=0.912 scaffold=0.888
  [adult+RF] set 26: baseline=0.932 shap3=0.868 shap4b=0.937 shap4b_nodiv=0.928 scaffold=0.912
  [adult+RF] set 27: baseline=0.922 shap3=0.891 shap4b=0.924 shap4b_nodiv=0.936 scaffold=0.901
  [adult+RF] set 28: baseline=0.907 shap3=0.915 shap4b=0.939 shap4b_nodiv=0.937 scaffold=0.907
  [adult+RF] set 29: baseline=0.936 shap3=0.930 shap4b=0.937 shap4b_nodiv=0.918 scaffold=0.917
  -> baseline=0.9058 shap3=0.9018 shap4b=0.9185 shap4b_nodiv=0.9195 scaffold=0.8988

### crop+DT (30 sets) ###
<IPython.core.display.HTML object>
  [crop+DT] set 0: baseline=0.929 shap3=0.933 shap4b=0.871 shap4b_nodiv=0.965 scaffold=0.953
  [crop+DT] set 1: baseline=0.922 shap3=0.949 shap4b=0.875 shap4b_nodiv=0.929 scaffold=0.890
  [crop+DT] set 2: baseline=0.961 shap3=0.925 shap4b=0.969 shap4b_nodiv=0.945 scaffold=0.965
  [crop+DT] set 3: baseline=0.918 shap3=0.910 shap4b=0.914 shap4b_nodiv=0.925 scaffold=0.918
  [crop+DT] set 4: baseline=0.933 shap3=0.910 shap4b=0.902 shap4b_nodiv=0.910 scaffold=0.906
  [crop+DT] set 5: baseline=0.898 shap3=0.902 shap4b=0.933 shap4b_nodiv=0.902 scaffold=0.902
  [crop+DT] set 6: baseline=0.898 shap3=0.918 shap4b=0.890 shap4b_nodiv=0.937 scaffold=0.882
  [crop+DT] set 7: baseline=0.933 shap3=0.941 shap4b=0.933 shap4b_nodiv=0.925 scaffold=0.914
  [crop+DT] set 8: baseline=0.933 shap3=0.937 shap4b=0.945 shap4b_nodiv=0.945 scaffold=0.953
  [crop+DT] set 9: baseline=0.894 shap3=0.906 shap4b=0.906 shap4b_nodiv=0.918 scaffold=0.933
  [crop+DT] set 10: baseline=0.886 shap3=0.910 shap4b=0.980 shap4b_nodiv=0.941 scaffold=0.882
  [crop+DT] set 11: baseline=0.941 shap3=0.957 shap4b=0.937 shap4b_nodiv=0.914 scaffold=0.933
  [crop+DT] set 12: baseline=0.949 shap3=0.957 shap4b=0.941 shap4b_nodiv=0.973 scaffold=0.941
  [crop+DT] set 13: baseline=0.882 shap3=0.882 shap4b=0.949 shap4b_nodiv=0.949 scaffold=0.882
  [crop+DT] set 14: baseline=0.914 shap3=0.925 shap4b=0.918 shap4b_nodiv=0.882 scaffold=0.937
  [crop+DT] set 15: baseline=0.953 shap3=0.933 shap4b=0.922 shap4b_nodiv=0.961 scaffold=0.949
  [crop+DT] set 16: baseline=0.910 shap3=0.957 shap4b=0.957 shap4b_nodiv=0.961 scaffold=0.922
  [crop+DT] set 17: baseline=0.980 shap3=0.957 shap4b=0.957 shap4b_nodiv=0.965 scaffold=0.957
  [crop+DT] set 18: baseline=0.902 shap3=0.906 shap4b=0.867 shap4b_nodiv=0.957 scaffold=0.882
  [crop+DT] set 19: baseline=0.910 shap3=0.898 shap4b=0.902 shap4b_nodiv=0.914 scaffold=0.914
  [crop+DT] set 20: baseline=0.945 shap3=0.914 shap4b=0.918 shap4b_nodiv=0.953 scaffold=0.898
  [crop+DT] set 21: baseline=0.925 shap3=0.941 shap4b=0.965 shap4b_nodiv=0.933 scaffold=0.910
  [crop+DT] set 22: baseline=0.890 shap3=0.906 shap4b=0.925 shap4b_nodiv=0.914 scaffold=0.910
  [crop+DT] set 23: baseline=0.882 shap3=0.937 shap4b=0.933 shap4b_nodiv=0.961 scaffold=0.918
  [crop+DT] set 24: baseline=0.941 shap3=0.945 shap4b=0.902 shap4b_nodiv=0.890 scaffold=0.945
  [crop+DT] set 25: baseline=0.918 shap3=0.929 shap4b=0.929 shap4b_nodiv=0.945 scaffold=0.918
  [crop+DT] set 26: baseline=0.894 shap3=0.906 shap4b=0.898 shap4b_nodiv=0.965 scaffold=0.867
  [crop+DT] set 27: baseline=0.886 shap3=0.859 shap4b=0.878 shap4b_nodiv=0.914 scaffold=0.906
  [crop+DT] set 28: baseline=0.882 shap3=0.941 shap4b=0.863 shap4b_nodiv=0.933 scaffold=0.937
  [crop+DT] set 29: baseline=0.937 shap3=0.937 shap4b=0.906 shap4b_nodiv=0.945 scaffold=0.922
  -> baseline=0.9183 shap3=0.9243 shap4b=0.9195 shap4b_nodiv=0.9357 scaffold=0.9182

=== SHAP4b ABLATION (30 sets, mean±std, Q=500): diverse-drop + scaffold control ===
data   mdl      baseline        shap3       shap4b    s4b_nodiv     scaffold
----------------------------------------------------------------------------
adult  RF   0.9058±0.024 0.9018±0.028 0.9185±0.018 0.9195±0.015 0.8988±0.021
crop   DT   0.9183±0.026 0.9243±0.023 0.9195±0.031 0.9357±0.023 0.9182±0.025

Reading it:
  Q1 (drop diverse): compare shap4b_nodiv vs shap4b
  Q2 (is it Phase 2?): compare shap4b vs scaffold (if ~equal, densification adds nothing)
done
