
### nursery+DT ###
<IPython.core.display.HTML object>
  [nursery+DT] set 0: base=0.904 s3=0.907 s4=0.906 s4bud=0.914 s4allq=0.920
  [nursery+DT] set 1: base=0.909 s3=0.898 s4=0.895 s4bud=0.907 s4allq=0.905
  [nursery+DT] set 2: base=0.892 s3=0.918 s4=0.899 s4bud=0.922 s4allq=0.906
  [nursery+DT] set 3: base=0.907 s3=0.894 s4=0.902 s4bud=0.904 s4allq=0.880
  [nursery+DT] set 4: base=0.906 s3=0.887 s4=0.905 s4bud=0.907 s4allq=0.896
  [nursery+DT] set 5: base=0.897 s3=0.882 s4=0.875 s4bud=0.903 s4allq=0.901
  [nursery+DT] set 6: base=0.888 s3=0.899 s4=0.870 s4bud=0.896 s4allq=0.894
  [nursery+DT] set 7: base=0.897 s3=0.873 s4=0.890 s4bud=0.903 s4allq=0.889
  [nursery+DT] set 8: base=0.926 s3=0.900 s4=0.870 s4bud=0.902 s4allq=0.905
  [nursery+DT] set 9: base=0.904 s3=0.882 s4=0.880 s4bud=0.907 s4allq=0.883
{"dataset": "nursery", "model": "DT", "baseline": 0.9031, "baseline_size": 515.0, "baseline_nq": 501.0, "shap3": 0.8941, "shap3_size": 425.0, "shap3_nq": 501.0, "shap4": 0.8891, "shap4_size": 416.9, "shap4_nq": 501.0, "shap4_budget": 0.9065, "shap4_budget_size": 515.0, "shap4_budget_nq": 599.0, "shap4_allq": 0.8978, "shap4_allq_size": 515.0, "shap4_allq_nq": 501.0, "cf_queue": 27.3, "cf_direct": 10.0, "cf_overhead": 98.1}

### nursery+RF ###
<IPython.core.display.HTML object>
  [nursery+RF] set 0: base=0.910 s3=0.917 s4=0.894 s4bud=0.901 s4allq=0.881
  [nursery+RF] set 1: base=0.916 s3=0.907 s4=0.883 s4bud=0.905 s4allq=0.913
  [nursery+RF] set 2: base=0.900 s3=0.895 s4=0.898 s4bud=0.896 s4allq=0.906
  [nursery+RF] set 3: base=0.907 s3=0.886 s4=0.891 s4bud=0.911 s4allq=0.887
  [nursery+RF] set 4: base=0.904 s3=0.880 s4=0.898 s4bud=0.897 s4allq=0.902
  [nursery+RF] set 5: base=0.887 s3=0.882 s4=0.905 s4bud=0.894 s4allq=0.906
  [nursery+RF] set 6: base=0.912 s3=0.896 s4=0.897 s4bud=0.909 s4allq=0.921
  [nursery+RF] set 7: base=0.910 s3=0.902 s4=0.909 s4bud=0.917 s4allq=0.898
  [nursery+RF] set 8: base=0.882 s3=0.869 s4=0.885 s4bud=0.864 s4allq=0.878
  [nursery+RF] set 9: base=0.899 s3=0.907 s4=0.903 s4bud=0.907 s4allq=0.890
{"dataset": "nursery", "model": "RF", "baseline": 0.9027, "baseline_size": 515.0, "baseline_nq": 501.0, "shap3": 0.894, "shap3_size": 425.0, "shap3_nq": 501.0, "shap4": 0.8961, "shap4_size": 413.1, "shap4_nq": 501.0, "shap4_budget": 0.9001, "shap4_budget_size": 515.0, "shap4_budget_nq": 599.6, "shap4_allq": 0.898, "shap4_allq_size": 515.0, "shap4_allq_nq": 501.0, "cf_queue": 24.7, "cf_direct": 10.0, "cf_overhead": 101.9}

### mushroom+DT ###
<IPython.core.display.HTML object>
  [mushroom+DT] set 0: base=0.911 s3=0.905 s4=0.968 s4bud=0.929 s4allq=0.889
  [mushroom+DT] set 1: base=0.821 s3=0.916 s4=0.954 s4bud=0.985 s4allq=0.964
  [mushroom+DT] set 2: base=0.943 s3=0.966 s4=0.963 s4bud=0.953 s4allq=0.925
  [mushroom+DT] set 3: base=0.901 s3=0.877 s4=0.919 s4bud=0.985 s4allq=0.967
  [mushroom+DT] set 4: base=0.929 s3=0.901 s4=0.959 s4bud=0.904 s4allq=0.958
  [mushroom+DT] set 5: base=0.922 s3=0.947 s4=0.936 s4bud=0.983 s4allq=0.951
  [mushroom+DT] set 6: base=0.919 s3=0.963 s4=0.905 s4bud=0.986 s4allq=0.943
  [mushroom+DT] set 7: base=0.978 s3=0.945 s4=0.937 s4bud=0.946 s4allq=0.924
  [mushroom+DT] set 8: base=0.901 s3=0.941 s4=0.940 s4bud=0.993 s4allq=0.915
  [mushroom+DT] set 9: base=0.869 s3=0.921 s4=0.886 s4bud=0.927 s4allq=0.920
{"dataset": "mushroom", "model": "DT", "baseline": 0.9094, "baseline_size": 510.0, "baseline_nq": 501.0, "shap3": 0.9282, "shap3_size": 420.0, "shap3_nq": 501.0, "shap4": 0.9366, "shap4_size": 411.2, "shap4_nq": 501.0, "shap4_budget": 0.959, "shap4_budget_size": 510.0, "shap4_budget_nq": 599.4, "shap4_allq": 0.9356, "shap4_allq_size": 510.0, "shap4_allq_nq": 501.0, "cf_queue": 28.0, "cf_direct": 10.0, "cf_overhead": 98.8}

### mushroom+RF ###
<IPython.core.display.HTML object>
  [mushroom+RF] set 0: base=0.923 s3=0.898 s4=0.906 s4bud=0.952 s4allq=0.930
  [mushroom+RF] set 1: base=0.932 s3=0.974 s4=0.935 s4bud=0.919 s4allq=0.971
  [mushroom+RF] set 2: base=0.915 s3=0.949 s4=0.927 s4bud=0.922 s4allq=0.947
  [mushroom+RF] set 3: base=0.941 s3=0.869 s4=0.913 s4bud=0.921 s4allq=0.828
  [mushroom+RF] set 4: base=0.972 s3=0.970 s4=0.982 s4bud=0.974 s4allq=0.969
  [mushroom+RF] set 5: base=0.912 s3=0.932 s4=0.922 s4bud=0.958 s4allq=0.935
  [mushroom+RF] set 6: base=0.945 s3=0.939 s4=0.920 s4bud=0.950 s4allq=0.914
  [mushroom+RF] set 7: base=0.942 s3=0.859 s4=0.947 s4bud=0.970 s4allq=0.974
  [mushroom+RF] set 8: base=0.930 s3=0.960 s4=0.921 s4bud=0.973 s4allq=0.937
  [mushroom+RF] set 9: base=0.915 s3=0.926 s4=0.916 s4bud=0.919 s4allq=0.936
{"dataset": "mushroom", "model": "RF", "baseline": 0.9326, "baseline_size": 510.0, "baseline_nq": 501.0, "shap3": 0.9276, "shap3_size": 420.0, "shap3_nq": 501.0, "shap4": 0.9289, "shap4_size": 372.9, "shap4_nq": 501.0, "shap4_budget": 0.9456, "shap4_budget_size": 510.0, "shap4_budget_nq": 639.1, "shap4_allq": 0.9342, "shap4_allq_size": 510.0, "shap4_allq_nq": 501.0, "cf_queue": 2.1, "cf_direct": 10.0, "cf_overhead": 137.1}

=== SHAP4 BUDGET / ALL-QUERIED CONFIRMATION (10 sets, Q=500, k=3, matched DT/RF surrogate) ===
data     mdl     base   shap3   shap4  s4_bud  s4_allq   ovh  s4_sz allq_sz
---------------------------------------------------------------------------
nursery  DT    0.9031  0.8941  0.8891  0.9065   0.8978  98.1  416.9   515.0
nursery  RF    0.9027   0.894  0.8961  0.9001    0.898 101.9  413.1   515.0
mushroom DT    0.9094  0.9282  0.9366   0.959   0.9356  98.8  411.2   510.0
mushroom RF    0.9326  0.9276  0.9289  0.9456   0.9342 137.1  372.9   510.0
done
