
### nursery+DT (20 sets) ###
<IPython.core.display.HTML object>
  [nursery+DT] set 0: baseline=0.896 shap3=0.898 shap4=0.888 shap4b=0.892
  [nursery+DT] set 1: baseline=0.915 shap3=0.905 shap4=0.888 shap4b=0.865
  [nursery+DT] set 2: baseline=0.906 shap3=0.904 shap4=0.897 shap4b=0.902
  [nursery+DT] set 3: baseline=0.912 shap3=0.884 shap4=0.867 shap4b=0.900
  [nursery+DT] set 4: baseline=0.918 shap3=0.898 shap4=0.892 shap4b=0.885
  [nursery+DT] set 5: baseline=0.898 shap3=0.894 shap4=0.885 shap4b=0.904
  [nursery+DT] set 6: baseline=0.889 shap3=0.903 shap4=0.886 shap4b=0.886
  [nursery+DT] set 7: baseline=0.872 shap3=0.895 shap4=0.888 shap4b=0.879
  [nursery+DT] set 8: baseline=0.887 shap3=0.884 shap4=0.852 shap4b=0.889
  [nursery+DT] set 9: baseline=0.898 shap3=0.871 shap4=0.887 shap4b=0.894
  [nursery+DT] set 10: baseline=0.882 shap3=0.900 shap4=0.884 shap4b=0.902
  [nursery+DT] set 11: baseline=0.924 shap3=0.889 shap4=0.903 shap4b=0.893
  [nursery+DT] set 12: baseline=0.912 shap3=0.898 shap4=0.921 shap4b=0.876
  [nursery+DT] set 13: baseline=0.907 shap3=0.903 shap4=0.900 shap4b=0.897
  [nursery+DT] set 14: baseline=0.913 shap3=0.872 shap4=0.856 shap4b=0.895
  [nursery+DT] set 15: baseline=0.891 shap3=0.883 shap4=0.887 shap4b=0.868
  [nursery+DT] set 16: baseline=0.892 shap3=0.915 shap4=0.875 shap4b=0.879
  [nursery+DT] set 17: baseline=0.908 shap3=0.878 shap4=0.877 shap4b=0.890
  [nursery+DT] set 18: baseline=0.903 shap3=0.916 shap4=0.873 shap4b=0.903
  [nursery+DT] set 19: baseline=0.913 shap3=0.898 shap4=0.909 shap4b=0.882
  -> base 0.9019 s3 0.8943 s4 0.8858 s4b 0.8889

### nursery+RF (20 sets) ###
<IPython.core.display.HTML object>
  [nursery+RF] set 0: baseline=0.920 shap3=0.898 shap4=0.890 shap4b=0.890
  [nursery+RF] set 1: baseline=0.915 shap3=0.904 shap4=0.895 shap4b=0.901
  [nursery+RF] set 2: baseline=0.908 shap3=0.883 shap4=0.902 shap4b=0.905
  [nursery+RF] set 3: baseline=0.903 shap3=0.896 shap4=0.899 shap4b=0.918
  [nursery+RF] set 4: baseline=0.897 shap3=0.902 shap4=0.895 shap4b=0.915
  [nursery+RF] set 5: baseline=0.894 shap3=0.907 shap4=0.899 shap4b=0.885
  [nursery+RF] set 6: baseline=0.914 shap3=0.896 shap4=0.907 shap4b=0.903
  [nursery+RF] set 7: baseline=0.894 shap3=0.902 shap4=0.890 shap4b=0.913
  [nursery+RF] set 8: baseline=0.903 shap3=0.906 shap4=0.901 shap4b=0.898
  [nursery+RF] set 9: baseline=0.907 shap3=0.903 shap4=0.897 shap4b=0.892
  [nursery+RF] set 10: baseline=0.897 shap3=0.907 shap4=0.885 shap4b=0.910
  [nursery+RF] set 11: baseline=0.899 shap3=0.911 shap4=0.908 shap4b=0.902
  [nursery+RF] set 12: baseline=0.906 shap3=0.890 shap4=0.894 shap4b=0.898
  [nursery+RF] set 13: baseline=0.894 shap3=0.892 shap4=0.910 shap4b=0.897
  [nursery+RF] set 14: baseline=0.915 shap3=0.913 shap4=0.913 shap4b=0.914
  [nursery+RF] set 15: baseline=0.895 shap3=0.896 shap4=0.905 shap4b=0.904
  [nursery+RF] set 16: baseline=0.907 shap3=0.899 shap4=0.891 shap4b=0.900
  [nursery+RF] set 17: baseline=0.892 shap3=0.880 shap4=0.905 shap4b=0.898
  [nursery+RF] set 18: baseline=0.897 shap3=0.914 shap4=0.889 shap4b=0.913
  [nursery+RF] set 19: baseline=0.907 shap3=0.910 shap4=0.900 shap4b=0.892
  -> base 0.9031 s3 0.9004 s4 0.8988 s4b 0.9024

### mushroom+DT (20 sets) ###
<IPython.core.display.HTML object>
  [mushroom+DT] set 0: baseline=0.883 shap3=0.884 shap4=0.870 shap4b=0.892
  [mushroom+DT] set 1: baseline=0.912 shap3=0.932 shap4=0.897 shap4b=0.940
  [mushroom+DT] set 2: baseline=0.897 shap3=0.912 shap4=0.881 shap4b=0.969
  [mushroom+DT] set 3: baseline=0.823 shap3=0.788 shap4=0.783 shap4b=0.782
  [mushroom+DT] set 4: baseline=0.936 shap3=0.975 shap4=0.956 shap4b=0.979
  [mushroom+DT] set 5: baseline=0.976 shap3=0.978 shap4=1.000 shap4b=0.937
  [mushroom+DT] set 6: baseline=0.942 shap3=0.955 shap4=0.990 shap4b=0.941
  [mushroom+DT] set 7: baseline=0.901 shap3=0.959 shap4=0.912 shap4b=0.947
  [mushroom+DT] set 8: baseline=0.970 shap3=0.941 shap4=0.966 shap4b=0.966
  [mushroom+DT] set 9: baseline=0.972 shap3=0.956 shap4=0.922 shap4b=0.961
  [mushroom+DT] set 10: baseline=0.975 shap3=0.981 shap4=0.974 shap4b=0.956
  [mushroom+DT] set 11: baseline=0.933 shap3=0.970 shap4=0.954 shap4b=0.984
  [mushroom+DT] set 12: baseline=0.951 shap3=0.971 shap4=0.984 shap4b=0.981
  [mushroom+DT] set 13: baseline=0.933 shap3=0.768 shap4=0.856 shap4b=0.933
  [mushroom+DT] set 14: baseline=0.951 shap3=0.905 shap4=0.895 shap4b=0.998
  [mushroom+DT] set 15: baseline=0.888 shap3=0.866 shap4=0.995 shap4b=0.895
  [mushroom+DT] set 16: baseline=0.984 shap3=0.974 shap4=0.995 shap4b=0.950
  [mushroom+DT] set 17: baseline=0.953 shap3=0.980 shap4=0.979 shap4b=0.988
  [mushroom+DT] set 18: baseline=0.969 shap3=0.976 shap4=0.943 shap4b=0.998
  [mushroom+DT] set 19: baseline=0.975 shap3=0.993 shap4=0.982 shap4b=0.917
  -> base 0.9362 s3 0.9332 s4 0.9368 s4b 0.9457

### mushroom+RF (20 sets) ###
<IPython.core.display.HTML object>
  [mushroom+RF] set 0: baseline=0.951 shap3=0.955 shap4=0.953 shap4b=0.947
  [mushroom+RF] set 1: baseline=0.940 shap3=0.930 shap4=0.951 shap4b=0.932
  [mushroom+RF] set 2: baseline=0.939 shap3=0.946 shap4=0.960 shap4b=0.952
  [mushroom+RF] set 3: baseline=0.908 shap3=0.903 shap4=0.943 shap4b=0.925
  [mushroom+RF] set 4: baseline=0.950 shap3=0.960 shap4=0.973 shap4b=0.955
  [mushroom+RF] set 5: baseline=0.946 shap3=0.961 shap4=0.935 shap4b=0.969
  [mushroom+RF] set 6: baseline=0.947 shap3=0.905 shap4=0.899 shap4b=0.804
  [mushroom+RF] set 7: baseline=0.968 shap3=0.945 shap4=0.962 shap4b=0.951
  [mushroom+RF] set 8: baseline=0.950 shap3=0.968 shap4=0.929 shap4b=0.936
  [mushroom+RF] set 9: baseline=0.959 shap3=0.951 shap4=0.957 shap4b=0.937
  [mushroom+RF] set 10: baseline=0.923 shap3=0.897 shap4=0.977 shap4b=0.943
  [mushroom+RF] set 11: baseline=0.869 shap3=0.764 shap4=0.839 shap4b=0.827
  [mushroom+RF] set 12: baseline=0.901 shap3=0.897 shap4=0.907 shap4b=0.918
  [mushroom+RF] set 13: baseline=0.835 shap3=0.755 shap4=0.770 shap4b=0.760
  [mushroom+RF] set 14: baseline=0.922 shap3=0.821 shap4=0.904 shap4b=0.813
  [mushroom+RF] set 15: baseline=0.941 shap3=0.921 shap4=0.925 shap4b=0.954
  [mushroom+RF] set 16: baseline=0.897 shap3=0.925 shap4=0.897 shap4b=0.906
  [mushroom+RF] set 17: baseline=0.924 shap3=0.959 shap4=0.942 shap4b=0.956
  [mushroom+RF] set 18: baseline=0.945 shap3=0.945 shap4=0.954 shap4b=0.934
  [mushroom+RF] set 19: baseline=0.956 shap3=0.939 shap4=0.936 shap4b=0.959
  -> base 0.9285 s3 0.9123 s4 0.9257 s4b 0.9139

### adult+DT (20 sets) ###
<IPython.core.display.HTML object>
  [adult+DT] set 0: baseline=0.867 shap3=0.831 shap4=0.823 shap4b=0.741
  [adult+DT] set 1: baseline=0.769 shap3=0.823 shap4=0.856 shap4b=0.848
  [adult+DT] set 2: baseline=0.832 shap3=0.876 shap4=0.834 shap4b=0.848
  [adult+DT] set 3: baseline=0.858 shap3=0.839 shap4=0.813 shap4b=0.842
  [adult+DT] set 4: baseline=0.780 shap3=0.846 shap4=0.878 shap4b=0.798
  [adult+DT] set 5: baseline=0.843 shap3=0.842 shap4=0.844 shap4b=0.794
  [adult+DT] set 6: baseline=0.833 shap3=0.840 shap4=0.847 shap4b=0.863
  [adult+DT] set 7: baseline=0.817 shap3=0.831 shap4=0.827 shap4b=0.809
  [adult+DT] set 8: baseline=0.877 shap3=0.821 shap4=0.851 shap4b=0.844
  [adult+DT] set 9: baseline=0.783 shap3=0.816 shap4=0.838 shap4b=0.861
  [adult+DT] set 10: baseline=0.814 shap3=0.857 shap4=0.869 shap4b=0.793
  [adult+DT] set 11: baseline=0.817 shap3=0.771 shap4=0.859 shap4b=0.855
  [adult+DT] set 12: baseline=0.814 shap3=0.851 shap4=0.858 shap4b=0.835
  [adult+DT] set 13: baseline=0.785 shap3=0.814 shap4=0.858 shap4b=0.806
  [adult+DT] set 14: baseline=0.745 shap3=0.817 shap4=0.843 shap4b=0.815
  [adult+DT] set 15: baseline=0.791 shap3=0.802 shap4=0.818 shap4b=0.814
  [adult+DT] set 16: baseline=0.865 shap3=0.887 shap4=0.802 shap4b=0.828
  [adult+DT] set 17: baseline=0.805 shap3=0.814 shap4=0.817 shap4b=0.856
  [adult+DT] set 18: baseline=0.822 shap3=0.813 shap4=0.822 shap4b=0.880
  [adult+DT] set 19: baseline=0.798 shap3=0.839 shap4=0.867 shap4b=0.800
  -> base 0.8157 s3 0.8316 s4 0.8412 s4b 0.8265

### adult+RF (20 sets) ###
<IPython.core.display.HTML object>
  [adult+RF] set 0: baseline=0.912 shap3=0.907 shap4=0.925 shap4b=0.926
  [adult+RF] set 1: baseline=0.913 shap3=0.913 shap4=0.904 shap4b=0.937
  [adult+RF] set 2: baseline=0.923 shap3=0.932 shap4=0.871 shap4b=0.924
  [adult+RF] set 3: baseline=0.880 shap3=0.857 shap4=0.934 shap4b=0.920
  [adult+RF] set 4: baseline=0.885 shap3=0.901 shap4=0.921 shap4b=0.925
  [adult+RF] set 5: baseline=0.920 shap3=0.930 shap4=0.913 shap4b=0.924
  [adult+RF] set 6: baseline=0.864 shap3=0.884 shap4=0.940 shap4b=0.907
  [adult+RF] set 7: baseline=0.864 shap3=0.878 shap4=0.851 shap4b=0.896
  [adult+RF] set 8: baseline=0.899 shap3=0.889 shap4=0.928 shap4b=0.925
  [adult+RF] set 9: baseline=0.922 shap3=0.919 shap4=0.879 shap4b=0.940
  [adult+RF] set 10: baseline=0.880 shap3=0.929 shap4=0.936 shap4b=0.927
  [adult+RF] set 11: baseline=0.915 shap3=0.916 shap4=0.927 shap4b=0.923
  [adult+RF] set 12: baseline=0.892 shap3=0.880 shap4=0.922 shap4b=0.920
  [adult+RF] set 13: baseline=0.902 shap3=0.906 shap4=0.935 shap4b=0.923
  [adult+RF] set 14: baseline=0.898 shap3=0.916 shap4=0.904 shap4b=0.938
  [adult+RF] set 15: baseline=0.882 shap3=0.907 shap4=0.918 shap4b=0.929
  [adult+RF] set 16: baseline=0.897 shap3=0.900 shap4=0.932 shap4b=0.918
  [adult+RF] set 17: baseline=0.918 shap3=0.868 shap4=0.906 shap4b=0.891
  [adult+RF] set 18: baseline=0.895 shap3=0.876 shap4=0.915 shap4b=0.946
  [adult+RF] set 19: baseline=0.927 shap3=0.919 shap4=0.928 shap4b=0.930
  -> base 0.8996 s3 0.9012 s4 0.9143 s4b 0.9235

=== SHAP4b BOUNDARY-DENSIFICATION (20 sets, mean±std, Q=500, k=3, matched surrogate) ===
data     mdl       baseline         shap3         shap4        shap4b  s4b-base   s4b-s3
----------------------------------------------------------------------------------------
nursery  DT    0.9019±0.013  0.8943±0.012  0.8858±0.016  0.8889±0.011   -0.0130  -0.0054
nursery  RF    0.9031±0.008  0.9004±0.009  0.8988±0.007  0.9024±0.009   -0.0007  +0.0020
mushroom DT    0.9362±0.040  0.9332±0.062  0.9368±0.057  0.9457±0.048   +0.0095  +0.0125
mushroom RF    0.9285±0.032  0.9123±0.061  0.9257±0.048  0.9139±0.059   -0.0146  +0.0016
adult    DT    0.8157±0.034  0.8316±0.025  0.8412±0.021  0.8265±0.032   +0.0108  -0.0051
adult    RF    0.8996±0.019  0.9012±0.021  0.9143±0.023  0.9235±0.013   +0.0239  +0.0223
done
