
### iris+DT (20 sets) ###
Traceback (most recent call last):
  File "/Users/sesame/FaithfulDefense/ssm/_shap4b_continuous.py", line 72, in <module>
    allres.append(run_combo(wd, wm))
  File "/Users/sesame/FaithfulDefense/ssm/_shap4b_continuous.py", line 52, in run_combo
    smega = mega_sample_generation(Xts.to_numpy(), yts, nc, [5], hms)
  File "/Users/sesame/FaithfulDefense/ssm/attack_utils.py", line 2384, in mega_sample_generation
    sample_set_sui = sample_set_generation(test_cpy, n, sizes[j])
  File "/Users/sesame/FaithfulDefense/ssm/attack_utils.py", line 110, in sample_set_generation
    indices = random.sample(tmp[0].tolist(), lister[i])
  File "/Users/sesame/AUTOLYCUS/.conda/lib/python3.10/random.py", line 482, in sample
    raise ValueError("Sample larger than population or is negative")
ValueError: Sample larger than population or is negative
<IPython.core.display.HTML object>

### iris+RF (20 sets) ###
Traceback (most recent call last):
  File "/Users/sesame/FaithfulDefense/ssm/_shap4b_continuous.py", line 72, in <module>
    allres.append(run_combo(wd, wm))
  File "/Users/sesame/FaithfulDefense/ssm/_shap4b_continuous.py", line 52, in run_combo
    smega = mega_sample_generation(Xts.to_numpy(), yts, nc, [5], hms)
  File "/Users/sesame/FaithfulDefense/ssm/attack_utils.py", line 2384, in mega_sample_generation
    sample_set_sui = sample_set_generation(test_cpy, n, sizes[j])
  File "/Users/sesame/FaithfulDefense/ssm/attack_utils.py", line 110, in sample_set_generation
    indices = random.sample(tmp[0].tolist(), lister[i])
  File "/Users/sesame/AUTOLYCUS/.conda/lib/python3.10/random.py", line 482, in sample
    raise ValueError("Sample larger than population or is negative")
ValueError: Sample larger than population or is negative
<IPython.core.display.HTML object>

### crop+DT (20 sets) ###
<IPython.core.display.HTML object>
  [crop+DT] set 0: baseline=0.906 shap3=0.906 shap4=0.925 shap4b=0.965
  [crop+DT] set 1: baseline=0.922 shap3=0.898 shap4=0.929 shap4b=0.937
  [crop+DT] set 2: baseline=0.922 shap3=0.965 shap4=0.929 shap4b=0.929
  [crop+DT] set 3: baseline=0.902 shap3=0.890 shap4=0.886 shap4b=0.918
  [crop+DT] set 4: baseline=0.906 shap3=0.902 shap4=0.914 shap4b=0.886
  [crop+DT] set 5: baseline=0.945 shap3=0.925 shap4=0.945 shap4b=0.953
  [crop+DT] set 6: baseline=0.925 shap3=0.910 shap4=0.965 shap4b=0.937
  [crop+DT] set 7: baseline=0.949 shap3=0.925 shap4=0.933 shap4b=0.965
  [crop+DT] set 8: baseline=0.918 shap3=0.882 shap4=0.933 shap4b=0.906
  [crop+DT] set 9: baseline=0.925 shap3=0.953 shap4=0.890 shap4b=0.902
  [crop+DT] set 10: baseline=0.933 shap3=0.961 shap4=0.953 shap4b=0.988
  [crop+DT] set 11: baseline=0.929 shap3=0.937 shap4=0.929 shap4b=0.878
  [crop+DT] set 12: baseline=0.933 shap3=0.957 shap4=0.890 shap4b=0.922
  [crop+DT] set 13: baseline=0.886 shap3=0.863 shap4=0.875 shap4b=0.914
  [crop+DT] set 14: baseline=0.918 shap3=0.929 shap4=0.933 shap4b=0.965
  [crop+DT] set 15: baseline=0.922 shap3=0.929 shap4=0.902 shap4b=0.937
  [crop+DT] set 16: baseline=0.941 shap3=0.929 shap4=0.953 shap4b=0.933
  [crop+DT] set 17: baseline=0.937 shap3=0.953 shap4=0.953 shap4b=0.957
  [crop+DT] set 18: baseline=0.914 shap3=0.925 shap4=0.914 shap4b=0.941
  [crop+DT] set 19: baseline=0.871 shap3=0.894 shap4=0.878 shap4b=0.914
  -> base 0.9202 s3 0.9218 s4 0.9216 s4b 0.9324

### crop+RF (20 sets) ###
<IPython.core.display.HTML object>
  [crop+RF] set 0: baseline=0.969 shap3=0.976 shap4=0.969 shap4b=0.988
  [crop+RF] set 1: baseline=0.941 shap3=0.976 shap4=0.957 shap4b=0.941
  [crop+RF] set 2: baseline=0.976 shap3=0.984 shap4=0.969 shap4b=0.973
  [crop+RF] set 3: baseline=0.961 shap3=0.961 shap4=0.976 shap4b=0.969
  [crop+RF] set 4: baseline=0.969 shap3=0.969 shap4=0.961 shap4b=0.976
  [crop+RF] set 5: baseline=0.973 shap3=0.984 shap4=0.973 shap4b=0.988
  [crop+RF] set 6: baseline=0.969 shap3=0.965 shap4=0.980 shap4b=0.973
  [crop+RF] set 7: baseline=0.969 shap3=0.988 shap4=0.961 shap4b=0.973
  [crop+RF] set 8: baseline=0.965 shap3=0.984 shap4=0.941 shap4b=0.961
  [crop+RF] set 9: baseline=0.961 shap3=0.969 shap4=0.953 shap4b=0.949
  [crop+RF] set 10: baseline=0.957 shap3=0.976 shap4=0.973 shap4b=0.965
  [crop+RF] set 11: baseline=0.988 shap3=0.988 shap4=0.988 shap4b=0.988
  [crop+RF] set 12: baseline=0.976 shap3=0.973 shap4=0.969 shap4b=0.980
  [crop+RF] set 13: baseline=0.969 shap3=0.976 shap4=0.961 shap4b=0.969
  [crop+RF] set 14: baseline=0.988 shap3=0.996 shap4=0.988 shap4b=0.980
  [crop+RF] set 15: baseline=0.973 shap3=0.980 shap4=0.961 shap4b=0.984
  [crop+RF] set 16: baseline=0.969 shap3=0.969 shap4=0.973 shap4b=0.969
  [crop+RF] set 17: baseline=0.973 shap3=0.969 shap4=0.949 shap4b=0.957
  [crop+RF] set 18: baseline=0.976 shap3=0.984 shap4=0.980 shap4b=0.965
  [crop+RF] set 19: baseline=0.965 shap3=0.980 shap4=0.957 shap4b=0.976
  -> base 0.9692 s3 0.9775 s4 0.9669 s4b 0.9712

### breast+DT (20 sets) ###
<IPython.core.display.HTML object>
  [breast+DT] set 0: baseline=0.929 shap3=0.906 shap4=0.918 shap4b=0.965
  [breast+DT] set 1: baseline=0.953 shap3=0.941 shap4=0.941 shap4b=0.953
  [breast+DT] set 2: baseline=0.965 shap3=0.941 shap4=0.859 shap4b=0.953
  [breast+DT] set 3: baseline=0.929 shap3=0.976 shap4=0.953 shap4b=0.953
  [breast+DT] set 4: baseline=0.953 shap3=0.953 shap4=0.929 shap4b=0.965
  [breast+DT] set 5: baseline=0.824 shap3=0.953 shap4=0.929 shap4b=0.882
  [breast+DT] set 6: baseline=0.918 shap3=0.965 shap4=0.953 shap4b=0.929
  [breast+DT] set 7: baseline=0.988 shap3=0.906 shap4=0.965 shap4b=0.929
  [breast+DT] set 8: baseline=0.906 shap3=0.965 shap4=0.976 shap4b=0.906
  [breast+DT] set 9: baseline=0.976 shap3=0.918 shap4=0.941 shap4b=0.894
  [breast+DT] set 10: baseline=0.941 shap3=0.965 shap4=0.918 shap4b=0.906
  [breast+DT] set 11: baseline=0.941 shap3=0.929 shap4=0.953 shap4b=0.965
  [breast+DT] set 12: baseline=0.941 shap3=0.894 shap4=0.965 shap4b=0.929
  [breast+DT] set 13: baseline=0.906 shap3=0.976 shap4=0.965 shap4b=0.941
  [breast+DT] set 14: baseline=0.953 shap3=0.965 shap4=0.894 shap4b=0.941
  [breast+DT] set 15: baseline=0.953 shap3=0.941 shap4=0.953 shap4b=0.941
  [breast+DT] set 16: baseline=0.953 shap3=0.906 shap4=0.965 shap4b=0.941
  [breast+DT] set 17: baseline=0.953 shap3=0.906 shap4=0.953 shap4b=0.941
  [breast+DT] set 18: baseline=0.906 shap3=0.976 shap4=0.941 shap4b=0.953
  [breast+DT] set 19: baseline=0.894 shap3=0.941 shap4=0.965 shap4b=0.953
  -> base 0.9341 s3 0.9412 s4 0.9418 s4b 0.9371

### breast+RF (20 sets) ###
<IPython.core.display.HTML object>
  [breast+RF] set 0: baseline=0.988 shap3=0.988 shap4=0.988 shap4b=0.976
  [breast+RF] set 1: baseline=0.988 shap3=1.000 shap4=1.000 shap4b=1.000
  [breast+RF] set 2: baseline=0.976 shap3=1.000 shap4=1.000 shap4b=0.976
  [breast+RF] set 3: baseline=0.953 shap3=0.976 shap4=0.988 shap4b=0.988
  [breast+RF] set 4: baseline=0.965 shap3=0.988 shap4=0.965 shap4b=0.965
  [breast+RF] set 5: baseline=1.000 shap3=0.976 shap4=0.988 shap4b=1.000
  [breast+RF] set 6: baseline=0.976 shap3=0.976 shap4=0.976 shap4b=0.965
  [breast+RF] set 7: baseline=0.953 shap3=0.965 shap4=0.941 shap4b=0.976
  [breast+RF] set 8: baseline=0.976 shap3=0.976 shap4=0.965 shap4b=0.976
  [breast+RF] set 9: baseline=0.953 shap3=0.953 shap4=0.965 shap4b=0.976
  [breast+RF] set 10: baseline=0.976 shap3=0.965 shap4=0.988 shap4b=0.988
  [breast+RF] set 11: baseline=1.000 shap3=0.988 shap4=1.000 shap4b=0.976
  [breast+RF] set 12: baseline=1.000 shap3=1.000 shap4=0.988 shap4b=0.965
  [breast+RF] set 13: baseline=0.953 shap3=1.000 shap4=0.976 shap4b=0.988
  [breast+RF] set 14: baseline=1.000 shap3=0.976 shap4=1.000 shap4b=0.965
  [breast+RF] set 15: baseline=0.976 shap3=0.965 shap4=0.976 shap4b=1.000
  [breast+RF] set 16: baseline=0.965 shap3=0.976 shap4=0.988 shap4b=0.976
  [breast+RF] set 17: baseline=0.988 shap3=0.988 shap4=1.000 shap4b=0.976
  [breast+RF] set 18: baseline=1.000 shap3=0.976 shap4=1.000 shap4b=0.988
  [breast+RF] set 19: baseline=0.965 shap3=0.976 shap4=0.976 shap4b=0.988
  -> base 0.9776 s3 0.9806 s4 0.9835 s4b 0.9806

=== SHAP4b CONTINUOUS-DATASET CONFIRMATION (20 sets, mean±std, Q=500, k=3) ===
data     mdl       baseline         shap3         shap4        shap4b  s4b-base   s4b-s3
----------------------------------------------------------------------------------------
iris     DT    ERROR
iris     RF    ERROR
crop     DT    0.9202±0.019  0.9218±0.028  0.9216±0.026  0.9324±0.028   +0.0122  +0.0106
crop     RF    0.9692±0.010  0.9775±0.009  0.9669±0.012  0.9712±0.012   +0.0020  -0.0063
breast   DT    0.9341±0.035  0.9412±0.027  0.9418±0.028  0.9371±0.023   +0.0030  -0.0041
breast   RF    0.9776±0.017  0.9806±0.013  0.9835±0.015  0.9806±0.011   +0.0030  +0.0000
done
