<IPython.core.display.HTML object>
[adult+DT] base=0.8143 s4b=0.8143 rand=0.7938 densonly=0.7383 densonlyRand=0.7775 | shapGain(3.1)=+0.0205 traversalGain(3.2)=+0.0760
<IPython.core.display.HTML object>
[crop+DT] base=0.8941 s4b=0.9007 rand=0.9108 densonly=0.8667 densonlyRand=0.8712 | shapGain(3.1)=-0.0101 traversalGain(3.2)=+0.0340
<IPython.core.display.HTML object>
[mushroom+DT] base=0.9166 s4b=0.9232 rand=0.8423 densonly=0.8715 densonlyRand=0.8579 | shapGain(3.1)=+0.0809 traversalGain(3.2)=+0.0517
<IPython.core.display.HTML object>
[breast+DT] base=0.8814 s4b=0.8817 rand=0.8757 densonly=0.8884 densonlyRand=0.9081 | shapGain(3.1)=+0.0060 traversalGain(3.2)=-0.0067
<IPython.core.display.HTML object>
[adult+RF] base=0.8986 s4b=0.9057 rand=0.9000 densonly=0.8930 densonlyRand=0.8824 | shapGain(3.1)=+0.0057 traversalGain(3.2)=+0.0127
<IPython.core.display.HTML object>
[crop+RF] base=0.9693 s4b=0.9592 rand=0.9622 densonly=0.9540 densonlyRand=0.9544 | shapGain(3.1)=-0.0030 traversalGain(3.2)=+0.0052
<IPython.core.display.HTML object>
[mushroom+RF] base=0.9119 s4b=0.8925 rand=0.8566 densonly=0.9059 densonlyRand=0.8721 | shapGain(3.1)=+0.0359 traversalGain(3.2)=-0.0134
<IPython.core.display.HTML object>
[breast+RF] base=0.9041 s4b=0.9166 rand=0.9185 densonly=0.9093 densonlyRand=0.9182 | shapGain(3.1)=-0.0019 traversalGain(3.2)=+0.0073

=== SHAP-ABLATION (3.1) + DENSIFY-ONLY (3.2)  [Q=500, 10 sets, matched surrogate] ===
data     mdl      base      s4b     rand    densO  densORand  shapGain  travGain
--------------------------------------------------------------------------------
adult    DT     0.8143   0.8143   0.7938   0.7383     0.7775   +0.0205   +0.0760
crop     DT     0.8941   0.9007   0.9108   0.8667     0.8712   -0.0101   +0.0340
mushroom DT     0.9166   0.9232   0.8423   0.8715     0.8579   +0.0809   +0.0517
breast   DT     0.8814   0.8817   0.8757   0.8884     0.9081   +0.0060   -0.0067
adult    RF     0.8986   0.9057   0.9000   0.8930     0.8824   +0.0057   +0.0127
crop     RF     0.9693   0.9592   0.9622   0.9540     0.9544   -0.0030   +0.0052
mushroom RF     0.9119   0.8925   0.8566   0.9059     0.8721   +0.0359   -0.0134
breast   RF     0.9041   0.9166   0.9185   0.9093     0.9182   -0.0019   +0.0073

3.1: shapGain = s4b_shap - s4b_rand (>0 => SHAP helps).  3.2: travGain = s4b_shap - densonly_shap (~0 => traversal not needed).
done
