
### nursery+DT (20 sets) ###
<IPython.core.display.HTML object>
  [nursery+DT] set 0: base=0.896 s3=0.898 s4=0.888
  [nursery+DT] set 1: base=0.906 s3=0.890 s4=0.896
  [nursery+DT] set 2: base=0.913 s3=0.914 s4=0.880
  [nursery+DT] set 3: base=0.920 s3=0.901 s4=0.878
  [nursery+DT] set 4: base=0.914 s3=0.899 s4=0.891
  [nursery+DT] set 5: base=0.917 s3=0.877 s4=0.898
  [nursery+DT] set 6: base=0.891 s3=0.873 s4=0.842
  [nursery+DT] set 7: base=0.896 s3=0.904 s4=0.892
  [nursery+DT] set 8: base=0.904 s3=0.884 s4=0.889
  [nursery+DT] set 9: base=0.894 s3=0.920 s4=0.885
  [nursery+DT] set 10: base=0.882 s3=0.876 s4=0.869
  [nursery+DT] set 11: base=0.906 s3=0.901 s4=0.885
  [nursery+DT] set 12: base=0.871 s3=0.871 s4=0.883
  [nursery+DT] set 13: base=0.903 s3=0.887 s4=0.885
  [nursery+DT] set 14: base=0.881 s3=0.862 s4=0.871
  [nursery+DT] set 15: base=0.900 s3=0.892 s4=0.877
  [nursery+DT] set 16: base=0.884 s3=0.908 s4=0.918
  [nursery+DT] set 17: base=0.918 s3=0.904 s4=0.883
  [nursery+DT] set 18: base=0.894 s3=0.870 s4=0.887
  [nursery+DT] set 19: base=0.915 s3=0.910 s4=0.915
  -> base 0.9002±0.0135 | shap3 0.892±0.016 | shap4 0.8856±0.0154

### nursery+RF (20 sets) ###
<IPython.core.display.HTML object>
  [nursery+RF] set 0: base=0.898 s3=0.904 s4=0.907
  [nursery+RF] set 1: base=0.910 s3=0.889 s4=0.890
  [nursery+RF] set 2: base=0.900 s3=0.916 s4=0.907
  [nursery+RF] set 3: base=0.910 s3=0.900 s4=0.910
  [nursery+RF] set 4: base=0.911 s3=0.901 s4=0.890
  [nursery+RF] set 5: base=0.915 s3=0.891 s4=0.891
  [nursery+RF] set 6: base=0.904 s3=0.907 s4=0.906
  [nursery+RF] set 7: base=0.903 s3=0.901 s4=0.906
  [nursery+RF] set 8: base=0.890 s3=0.887 s4=0.910
  [nursery+RF] set 9: base=0.921 s3=0.895 s4=0.906
  [nursery+RF] set 10: base=0.918 s3=0.904 s4=0.906
  [nursery+RF] set 11: base=0.918 s3=0.896 s4=0.908
  [nursery+RF] set 12: base=0.915 s3=0.900 s4=0.903
  [nursery+RF] set 13: base=0.907 s3=0.902 s4=0.909
  [nursery+RF] set 14: base=0.908 s3=0.891 s4=0.924
  [nursery+RF] set 15: base=0.916 s3=0.914 s4=0.913
  [nursery+RF] set 16: base=0.918 s3=0.875 s4=0.918
  [nursery+RF] set 17: base=0.909 s3=0.898 s4=0.903
  [nursery+RF] set 18: base=0.897 s3=0.894 s4=0.912
  [nursery+RF] set 19: base=0.907 s3=0.892 s4=0.908
  -> base 0.9088±0.0079 | shap3 0.898±0.0091 | shap4 0.9064±0.0083

### mushroom+DT (20 sets) ###
<IPython.core.display.HTML object>
  [mushroom+DT] set 0: base=0.975 s3=0.975 s4=0.976
  [mushroom+DT] set 1: base=0.939 s3=0.961 s4=0.943
  [mushroom+DT] set 2: base=0.911 s3=0.956 s4=0.933
  [mushroom+DT] set 3: base=0.882 s3=0.902 s4=0.934
  [mushroom+DT] set 4: base=0.973 s3=0.964 s4=0.975
  [mushroom+DT] set 5: base=0.961 s3=0.986 s4=0.966
  [mushroom+DT] set 6: base=0.922 s3=0.952 s4=0.995
  [mushroom+DT] set 7: base=0.901 s3=0.850 s4=0.936
  [mushroom+DT] set 8: base=0.885 s3=0.906 s4=0.897
  [mushroom+DT] set 9: base=0.931 s3=0.956 s4=0.942
  [mushroom+DT] set 10: base=0.900 s3=0.923 s4=0.844
  [mushroom+DT] set 11: base=0.921 s3=0.876 s4=0.920
  [mushroom+DT] set 12: base=0.937 s3=0.949 s4=0.950
  [mushroom+DT] set 13: base=0.896 s3=0.926 s4=0.892
  [mushroom+DT] set 14: base=0.935 s3=0.918 s4=0.994
  [mushroom+DT] set 15: base=0.920 s3=0.963 s4=0.915
  [mushroom+DT] set 16: base=0.921 s3=0.941 s4=0.901
  [mushroom+DT] set 17: base=0.952 s3=0.953 s4=0.938
  [mushroom+DT] set 18: base=0.820 s3=0.969 s4=0.956
  [mushroom+DT] set 19: base=0.885 s3=0.892 s4=0.906
  -> base 0.9184±0.0353 | shap3 0.9359±0.0349 | shap4 0.9357±0.0364

### mushroom+RF (20 sets) ###
<IPython.core.display.HTML object>
  [mushroom+RF] set 0: base=0.907 s3=0.924 s4=0.919
  [mushroom+RF] set 1: base=0.890 s3=0.914 s4=0.925
  [mushroom+RF] set 2: base=0.957 s3=0.907 s4=0.845
  [mushroom+RF] set 3: base=0.948 s3=0.937 s4=0.929
  [mushroom+RF] set 4: base=0.924 s3=0.923 s4=0.930
  [mushroom+RF] set 5: base=0.938 s3=0.947 s4=0.946
  [mushroom+RF] set 6: base=0.943 s3=0.943 s4=0.946
  [mushroom+RF] set 7: base=0.928 s3=0.931 s4=0.933
  [mushroom+RF] set 8: base=0.951 s3=0.938 s4=0.939
  [mushroom+RF] set 9: base=0.921 s3=0.928 s4=0.908
  [mushroom+RF] set 10: base=0.979 s3=0.979 s4=0.975
  [mushroom+RF] set 11: base=0.846 s3=0.900 s4=0.943
  [mushroom+RF] set 12: base=0.931 s3=0.956 s4=0.946
  [mushroom+RF] set 13: base=0.812 s3=0.755 s4=0.869
  [mushroom+RF] set 14: base=0.925 s3=0.929 s4=0.957
  [mushroom+RF] set 15: base=0.928 s3=0.919 s4=0.926
  [mushroom+RF] set 16: base=0.971 s3=0.927 s4=0.932
  [mushroom+RF] set 17: base=0.967 s3=0.955 s4=0.976
  [mushroom+RF] set 18: base=0.941 s3=0.925 s4=0.947
  [mushroom+RF] set 19: base=0.983 s3=0.960 s4=0.983
  -> base 0.9296±0.0409 | shap3 0.9248±0.0432 | shap4 0.9337±0.032

=== SHAP4 20-SET CONFIRMATION (mean±std, Q=500, k=3, surrogate matched to target) ===
data     mdl        baseline          shap3    shap4(allq)  s4-base   s4-s3
---------------------------------------------------------------------------
nursery  DT     0.9002±0.013   0.8920±0.016   0.8856±0.015  -0.0146 -0.0064
nursery  RF     0.9088±0.008   0.8980±0.009   0.9064±0.008  -0.0024 +0.0084
mushroom DT     0.9184±0.035   0.9359±0.035   0.9357±0.036  +0.0173 -0.0002
mushroom RF     0.9296±0.041   0.9248±0.043   0.9337±0.032  +0.0041 +0.0089
done
