
### nursery+DT (20 sets) ###
<IPython.core.display.HTML object>
  [nursery+DT] set 0: base=0.896 s3=0.898 s4=0.888 s4nd=0.903
  [nursery+DT] set 1: base=0.924 s3=0.909 s4=0.891 s4nd=0.908
  [nursery+DT] set 2: base=0.913 s3=0.901 s4=0.910 s4nd=0.894
  [nursery+DT] set 3: base=0.922 s3=0.896 s4=0.897 s4nd=0.878
  [nursery+DT] set 4: base=0.903 s3=0.902 s4=0.885 s4nd=0.894
  [nursery+DT] set 5: base=0.907 s3=0.896 s4=0.896 s4nd=0.914
  [nursery+DT] set 6: base=0.880 s3=0.886 s4=0.867 s4nd=0.888
  [nursery+DT] set 7: base=0.907 s3=0.889 s4=0.861 s4nd=0.875
  [nursery+DT] set 8: base=0.914 s3=0.885 s4=0.872 s4nd=0.919
  [nursery+DT] set 9: base=0.902 s3=0.899 s4=0.871 s4nd=0.893
  [nursery+DT] set 10: base=0.894 s3=0.897 s4=0.889 s4nd=0.897
  [nursery+DT] set 11: base=0.898 s3=0.910 s4=0.908 s4nd=0.909
  [nursery+DT] set 12: base=0.896 s3=0.897 s4=0.899 s4nd=0.903
  [nursery+DT] set 13: base=0.885 s3=0.888 s4=0.885 s4nd=0.908
  [nursery+DT] set 14: base=0.887 s3=0.899 s4=0.885 s4nd=0.883
  [nursery+DT] set 15: base=0.901 s3=0.882 s4=0.904 s4nd=0.901
  [nursery+DT] set 16: base=0.901 s3=0.868 s4=0.891 s4nd=0.906
  [nursery+DT] set 17: base=0.891 s3=0.878 s4=0.925 s4nd=0.911
  [nursery+DT] set 18: base=0.890 s3=0.886 s4=0.874 s4nd=0.903
  [nursery+DT] set 19: base=0.918 s3=0.912 s4=0.898 s4nd=0.896
  -> base 0.9014 s3 0.8939 s4 0.8899 s4nodesc 0.8991

### nursery+RF (20 sets) ###
<IPython.core.display.HTML object>
  [nursery+RF] set 0: base=0.868 s3=0.864 s4=0.903 s4nd=0.901
  [nursery+RF] set 1: base=0.902 s3=0.896 s4=0.911 s4nd=0.904
  [nursery+RF] set 2: base=0.919 s3=0.899 s4=0.900 s4nd=0.905
  [nursery+RF] set 3: base=0.914 s3=0.909 s4=0.917 s4nd=0.909
  [nursery+RF] set 4: base=0.901 s3=0.902 s4=0.902 s4nd=0.907
  [nursery+RF] set 5: base=0.908 s3=0.923 s4=0.898 s4nd=0.890
  [nursery+RF] set 6: base=0.908 s3=0.890 s4=0.898 s4nd=0.922
  [nursery+RF] set 7: base=0.899 s3=0.898 s4=0.895 s4nd=0.910
  [nursery+RF] set 8: base=0.892 s3=0.904 s4=0.889 s4nd=0.916
  [nursery+RF] set 9: base=0.886 s3=0.895 s4=0.902 s4nd=0.882
  [nursery+RF] set 10: base=0.907 s3=0.901 s4=0.921 s4nd=0.901
  [nursery+RF] set 11: base=0.900 s3=0.905 s4=0.916 s4nd=0.908
  [nursery+RF] set 12: base=0.907 s3=0.901 s4=0.915 s4nd=0.907
  [nursery+RF] set 13: base=0.900 s3=0.898 s4=0.912 s4nd=0.906
  [nursery+RF] set 14: base=0.902 s3=0.904 s4=0.895 s4nd=0.880
  [nursery+RF] set 15: base=0.902 s3=0.887 s4=0.903 s4nd=0.906
  [nursery+RF] set 16: base=0.910 s3=0.887 s4=0.890 s4nd=0.908
  [nursery+RF] set 17: base=0.903 s3=0.905 s4=0.909 s4nd=0.920
  [nursery+RF] set 18: base=0.917 s3=0.892 s4=0.914 s4nd=0.898
  [nursery+RF] set 19: base=0.898 s3=0.906 s4=0.907 s4nd=0.908
  -> base 0.9021 s3 0.8984 s4 0.9047 s4nodesc 0.9045

### mushroom+DT (20 sets) ###
<IPython.core.display.HTML object>
  [mushroom+DT] set 0: base=0.932 s3=0.923 s4=0.965 s4nd=0.920
  [mushroom+DT] set 1: base=0.972 s3=0.922 s4=0.901 s4nd=0.993
  [mushroom+DT] set 2: base=0.911 s3=0.923 s4=0.995 s4nd=0.944
  [mushroom+DT] set 3: base=0.983 s3=0.968 s4=0.975 s4nd=0.985
  [mushroom+DT] set 4: base=0.923 s3=0.913 s4=0.945 s4nd=0.961
  [mushroom+DT] set 5: base=0.959 s3=0.923 s4=0.945 s4nd=0.956
  [mushroom+DT] set 6: base=0.939 s3=0.934 s4=0.969 s4nd=0.935
  [mushroom+DT] set 7: base=0.889 s3=0.920 s4=0.968 s4nd=0.899
  [mushroom+DT] set 8: base=0.964 s3=0.974 s4=0.960 s4nd=0.990
  [mushroom+DT] set 9: base=0.989 s3=0.941 s4=0.972 s4nd=0.943
  [mushroom+DT] set 10: base=0.936 s3=0.961 s4=0.935 s4nd=0.979
  [mushroom+DT] set 11: base=0.940 s3=0.961 s4=0.961 s4nd=0.948
  [mushroom+DT] set 12: base=0.975 s3=0.979 s4=0.967 s4nd=0.981
  [mushroom+DT] set 13: base=0.922 s3=0.962 s4=0.874 s4nd=0.951
  [mushroom+DT] set 14: base=0.956 s3=0.974 s4=0.992 s4nd=0.948
  [mushroom+DT] set 15: base=0.836 s3=0.808 s4=0.828 s4nd=0.781
  [mushroom+DT] set 16: base=0.951 s3=0.976 s4=0.920 s4nd=0.983
  [mushroom+DT] set 17: base=0.844 s3=0.979 s4=0.960 s4nd=0.944
  [mushroom+DT] set 18: base=0.952 s3=0.990 s4=0.998 s4nd=0.902
  [mushroom+DT] set 19: base=0.959 s3=0.911 s4=0.965 s4nd=0.928
  -> base 0.9366 s3 0.942 s4 0.9497 s4nodesc 0.9436

### mushroom+RF (20 sets) ###
<IPython.core.display.HTML object>
  [mushroom+RF] set 0: base=0.906 s3=0.964 s4=0.923 s4nd=0.920
  [mushroom+RF] set 1: base=0.970 s3=0.976 s4=0.970 s4nd=0.967
  [mushroom+RF] set 2: base=0.940 s3=0.966 s4=0.938 s4nd=0.943
  [mushroom+RF] set 3: base=0.965 s3=0.970 s4=0.961 s4nd=0.971
  [mushroom+RF] set 4: base=0.932 s3=0.926 s4=0.956 s4nd=0.958
  [mushroom+RF] set 5: base=0.931 s3=0.901 s4=0.955 s4nd=0.921
  [mushroom+RF] set 6: base=0.911 s3=0.910 s4=0.950 s4nd=0.904
  [mushroom+RF] set 7: base=0.901 s3=0.820 s4=0.899 s4nd=0.852
  [mushroom+RF] set 8: base=0.948 s3=0.933 s4=0.947 s4nd=0.949
  [mushroom+RF] set 9: base=0.972 s3=0.950 s4=0.959 s4nd=0.983
  [mushroom+RF] set 10: base=0.923 s3=0.938 s4=0.938 s4nd=0.915
  [mushroom+RF] set 11: base=0.920 s3=0.922 s4=0.915 s4nd=0.928
  [mushroom+RF] set 12: base=0.935 s3=0.954 s4=0.938 s4nd=0.941
  [mushroom+RF] set 13: base=0.837 s3=0.858 s4=0.814 s4nd=0.796
  [mushroom+RF] set 14: base=0.933 s3=0.898 s4=0.929 s4nd=0.901
  [mushroom+RF] set 15: base=0.952 s3=0.952 s4=0.958 s4nd=0.970
  [mushroom+RF] set 16: base=0.965 s3=0.966 s4=0.962 s4nd=0.956
  [mushroom+RF] set 17: base=0.888 s3=0.906 s4=0.886 s4nd=0.890
  [mushroom+RF] set 18: base=0.911 s3=0.902 s4=0.933 s4nd=0.938
  [mushroom+RF] set 19: base=0.944 s3=0.947 s4=0.936 s4nd=0.933
  -> base 0.9292 s3 0.928 s4 0.9333 s4nodesc 0.9268

=== SHAP4 NO-DESCENDANTS TEST (20 sets, mean±std, Q=500, k=3) ===
data     mdl        baseline          shap3          shap4    shap4_nodesc
--------------------------------------------------------------------------
nursery  DT     0.9014±0.012   0.8939±0.011   0.8899±0.015    0.8991±0.011
nursery  RF     0.9021±0.011   0.8984±0.011   0.9047±0.009    0.9045±0.011
mushroom DT     0.9366±0.040   0.9420±0.040   0.9497±0.041    0.9436±0.046
mushroom RF     0.9292±0.031   0.9280±0.039   0.9333±0.035    0.9268±0.043
done
