<IPython.core.display.HTML object>
[adult DT Q=250] base=0.8341 plain=0.8080 snapAll=0.7880 snapClose=0.8036 (snapped 7.6/37.0)
[adult DT Q=500] base=0.8305 plain=0.8214 snapAll=0.7084 snapClose=0.7575 (snapped 25.7/77.2)
[adult DT Q=1000] base=0.8297 plain=0.8218 snapAll=0.7183 snapClose=0.7788 (snapped 46.9/140.4)
<IPython.core.display.HTML object>
[breast DT Q=100] base=0.9647 plain=0.9588 snapAll=0.9624 snapClose=0.9612 (snapped 2.7/4.3)
[breast DT Q=250] base=0.9482 plain=0.9753 snapAll=0.9671 snapClose=0.9753 (snapped 4.1/7.1)
<IPython.core.display.HTML object>
[crop DT Q=250] base=0.8902 plain=0.9067 snapAll=0.6424 snapClose=0.8902 (snapped 16.9/24.0)
[crop DT Q=500] base=0.9098 plain=0.9118 snapAll=0.7404 snapClose=0.9145 (snapped 23.3/33.6)
[crop DT Q=1000] base=0.9337 plain=0.9435 snapAll=0.6224 snapClose=0.9384 (snapped 26.4/36.6)

=== STAGE 1: THRESHOLD SNAPPING (DT, continuous datasets, 10 sets) ===
data        Q     base    plain   snapAll  snapClose   snap/splits
adult     250   0.8341   0.8080    0.7880     0.8036      7.6/37.0
adult     500   0.8305   0.8214    0.7084     0.7575     25.7/77.2
adult    1000   0.8297   0.8218    0.7183     0.7788    46.9/140.4
breast    100   0.9647   0.9588    0.9624     0.9612       2.7/4.3
breast    250   0.9482   0.9753    0.9671     0.9753       4.1/7.1
crop      250   0.8902   0.9067    0.6424     0.8902     16.9/24.0
crop      500   0.9098   0.9118    0.7404     0.9145     23.3/33.6
crop     1000   0.9337   0.9435    0.6224     0.9384     26.4/36.6
done
