<IPython.core.display.HTML object>
[adult DT Q=500] base=0.8282 bfrac=0.50 W1=0.8240 W2=0.8189 W3=0.8202 W5=0.8264 W10=0.8262
<IPython.core.display.HTML object>
[breast DT Q=250] base=0.8788 bfrac=0.81 W1=0.9200 W2=0.9165 W3=0.9165 W5=0.9165 W10=0.9165
<IPython.core.display.HTML object>
[crop DT Q=500] base=0.9133 bfrac=0.51 W1=0.9424 W2=0.9220 W3=0.9176 W5=0.9157 W10=0.9122
<IPython.core.display.HTML object>
[mushroom DT Q=500] base=0.9031 bfrac=0.44 W1=0.9169 W2=0.9241 W3=0.9237 W5=0.9259 W10=0.9219
<IPython.core.display.HTML object>
[adult RF Q=500] base=0.9082 bfrac=0.50 W1=0.9213 W2=0.9213 W3=0.9208 W5=0.9200 W10=0.9190
<IPython.core.display.HTML object>
[breast RF Q=250] base=0.9753 bfrac=0.81 W1=0.9765 W2=0.9812 W3=0.9824 W5=0.9835 W10=0.9824

=== SAMPLE-WEIGHTING (W=1 == current SHAP4b-nodiv); similarity, 10 sets ===
data     mdl     Q     base  bfrac       W1       W2       W3       W5      W10
adult    DT    500   0.8282   0.50   0.8240   0.8189   0.8202   0.8264   0.8262
breast   DT    250   0.8788   0.81   0.9200   0.9165   0.9165   0.9165   0.9165
crop     DT    500   0.9133   0.51   0.9424   0.9220   0.9176   0.9157   0.9122
mushroom DT    500   0.9031   0.44   0.9169   0.9241   0.9237   0.9259   0.9219
adult    RF    500   0.9082   0.50   0.9213   0.9213   0.9208   0.9200   0.9190
breast   RF    250   0.9753   0.81   0.9765   0.9812   0.9824   0.9835   0.9824
done
